<html>
<body>
<pre>
<h1>µVision Build Log</h1>
<h2>Project:</h2>
C:\CM DATA\ucs\ARM\INTERFACING PROGRAMS\LPC2148_ESP01\LPC2148-ESP01-LEVEL1\ESP01.uvproj
Project File Date:  05/11/2023

<h2>Output:</h2>
Rebuild target 'Target 1'
assembling Startup.s...
compiling main.c...
compiling uart0.c...
compiling delay.c...
compiling esp01.c...
compiling lcd.c...
linking...
Program Size: Code=6008 RO-data=32 RW-data=216 ZI-data=1256  
FromELF: creating hex file...
".\11.axf" - 0 Error(s), 0 Warning(s).
</pre>
</body>
</html>
