<html>
<body>
<pre>
<h1>µVision Build Log</h1>
<h2>Project:</h2>
E:\krajesh\v22he5k20\ARM\Projects\V24HE6_PROJECTS\IOT DATA LOGGER WITH THRESHOLD VIOLATION DETECTION\LPC2148-ESP01\LPC2148-ESP01-LEVEL1\ESP01.uvproj
Project File Date:  06/05/2025

<h2>Output:</h2>
Build target 'Target 1'
assembling Startup.s...
compiling uart0.c...
compiling esp01.c...
esp01.c(296): warning:  #513-D: a value of type "char *" cannot be assigned to an entity of type "u8 *"
esp01.c:        q=p;
esp01.c:         ^
esp01.c(297): warning:  #167-D: argument of type "u8 *" is incompatible with parameter of type "const char *"
esp01.c:        while(q=strstr(q,"field1"))
esp01.c:                       ^
esp01.c(297): warning:  #513-D: a value of type "char *" cannot be assigned to an entity of type "u8 *"
esp01.c:        while(q=strstr(q,"field1"))
esp01.c:               ^
esp01.c(297): warning:  #1293-D: assignment in condition
esp01.c:        while(q=strstr(q,"field1"))
esp01.c:              ^
esp01.c(302): warning:  #42-D: operand types are incompatible ("u8 *" and "char *")
esp01.c:                        cnt=q-p;
esp01.c:                             ^
esp01.c(302): warning:  #993-D: subtraction of pointer types "u8 *" and "char *" is nonstandard
esp01.c:                        cnt=q-p;
esp01.c:                             ^
esp01.c(304): warning:  #174-D: expression has no effect
esp01.c:                        for(cnt;q[cnt]!='"';cnt++)
esp01.c:                            ^
esp01.c(313): warning:  #167-D: argument of type "u8 *" is incompatible with parameter of type "const char *"
esp01.c:        *sp=atoi(k);
esp01.c:                 ^
esp01.c(319): warning:  #1-D: last line of file ends without a newline
esp01.c:   }
esp01.c:    ^
esp01.c: esp01.c: 9 warnings, 0 errors
compiling lcd.c...
compiling delay.c...
compiling dht11.c...
compiling i2c.c...
compiling i2c_eeprom.c...
compiling keypad.c...
compiling external_interrupts_test.c...
compiling pro_main.c...
pro_main.c(70): warning:  #167-D: argument of type "u8 *" is incompatible with parameter of type "char *"
pro_main.c:                                     espo1_ReadfromThingspeak(&rsp);
pro_main.c:                                                              ^
pro_main.c: pro_main.c: 1 warning, 0 errors
compiling rtc.c...
rtc.c(11): error:  #20: identifier "PCLK" is undefined
rtc.c:          PREINT = PREINT_VAL;
rtc.c:                   ^
rtc.c: rtc.c: 0 warnings, 1 error
Target not created
Build target 'Target 1'
assembling Startup.s...
compiling uart0.c...
compiling esp01.c...
esp01.c(296): warning:  #513-D: a value of type "char *" cannot be assigned to an entity of type "u8 *"
esp01.c:        q=p;
esp01.c:         ^
esp01.c(297): warning:  #167-D: argument of type "u8 *" is incompatible with parameter of type "const char *"
esp01.c:        while(q=strstr(q,"field1"))
esp01.c:                       ^
esp01.c(297): warning:  #513-D: a value of type "char *" cannot be assigned to an entity of type "u8 *"
esp01.c:        while(q=strstr(q,"field1"))
esp01.c:               ^
esp01.c(297): warning:  #1293-D: assignment in condition
esp01.c:        while(q=strstr(q,"field1"))
esp01.c:              ^
esp01.c(302): warning:  #42-D: operand types are incompatible ("u8 *" and "char *")
esp01.c:                        cnt=q-p;
esp01.c:                             ^
esp01.c(302): warning:  #993-D: subtraction of pointer types "u8 *" and "char *" is nonstandard
esp01.c:                        cnt=q-p;
esp01.c:                             ^
esp01.c(304): warning:  #174-D: expression has no effect
esp01.c:                        for(cnt;q[cnt]!='"';cnt++)
esp01.c:                            ^
esp01.c(313): warning:  #167-D: argument of type "u8 *" is incompatible with parameter of type "const char *"
esp01.c:        *sp=atoi(k);
esp01.c:                 ^
esp01.c(319): warning:  #1-D: last line of file ends without a newline
esp01.c:   }
esp01.c:    ^
esp01.c: esp01.c: 9 warnings, 0 errors
compiling lcd.c...
compiling delay.c...
compiling dht11.c...
compiling i2c.c...
i2c.c(12): error:  #20: identifier "I2SCLL" is undefined
i2c.c:           I2SCLL=LOADVAL;
i2c.c:           ^
i2c.c(14): error:  #20: identifier "I2SCLH" is undefined
i2c.c:           I2SCLH=LOADVAL;
i2c.c:           ^
i2c.c(16): error:  #20: identifier "I2CONSET" is undefined
i2c.c:           I2CONSET=1<<I2EN_BIT; 
i2c.c:           ^
i2c.c(22): error:  #20: identifier "I2CONSET" is undefined
i2c.c:     I2CONSET=1<<STA_BIT;
i2c.c:     ^
i2c.c(26): error:  #20: identifier "I2CONCLR" is undefined
i2c.c:          I2CONCLR=1<<STA_BIT;
i2c.c:          ^
i2c.c(32): error:  #20: identifier "I2CONSET" is undefined
i2c.c:          I2CONSET=1<<STA_BIT;
i2c.c:          ^
i2c.c(34): error:  #20: identifier "I2CONCLR" is undefined
i2c.c:          I2CONCLR=1<<SI_BIT;
i2c.c:          ^
i2c.c(44): error:  #20: identifier "I2DAT" is undefined
i2c.c:          I2DAT=dat;      
i2c.c:          ^
i2c.c(46): error:  #20: identifier "I2CONCLR" is undefined
i2c.c:          I2CONCLR = 1<<SI_BIT;
i2c.c:          ^
i2c.c(48): error:  #20: identifier "I2CONSET" is undefined
i2c.c:          while(((I2CONSET>>SI_BIT)&1)==0);
i2c.c:                  ^
i2c.c(54): error:  #20: identifier "I2CONSET" is undefined
i2c.c:          I2CONSET=1<<STO_BIT;
i2c.c:          ^
i2c.c(56): error:  #20: identifier "I2CONCLR" is undefined
i2c.c:          I2CONCLR = 1<<SI_BIT;
i2c.c:          ^
i2c.c(63): error:  #20: identifier "I2CONSET" is undefined
i2c.c:          I2CONSET = 0x00; //Assert Not of Ack
i2c.c:          ^
i2c.c(64): error:  #20: identifier "I2CONCLR" is undefined
i2c.c:     I2CONCLR = 1<<SI_BIT;
i2c.c:     ^
i2c.c(66): error:  #20: identifier "I2DAT" is undefined
i2c.c:          return I2DAT;
i2c.c:                 ^
i2c.c(71): error:  #20: identifier "I2CONSET" is undefined
i2c.c:          I2CONSET = 0x04; //Assert Ack
i2c.c:          ^
i2c.c(72): error:  #20: identifier "I2CONCLR" is undefined
i2c.c:     I2CONCLR = 1<<SI_BIT;
i2c.c:     ^
i2c.c(75): error:  #20: identifier "I2DAT" is undefined
i2c.c:          return I2DAT;
i2c.c:                 ^
i2c.c: i2c.c: 0 warnings, 18 errors
compiling i2c_eeprom.c...
compiling keypad.c...
compiling external_interrupts_test.c...
C:\KeilARM\ARM\INC\Philips\LPC21xx.h(163): warning:  #47-D: incompatible redefinition of macro "U0IER" (declared at line 188 of "C:\KeilARM\ARM\INC\Philips\lpc214x.h")
C:\KeilARM\ARM\INC\Philips\LPC21xx.h:   #define U0IER          (*((volatile unsigned char *) 0xE000C004))
C:\KeilARM\ARM\INC\Philips\LPC21xx.h:           ^
C:\KeilARM\ARM\INC\Philips\LPC21xx.h(164): warning:  #47-D: incompatible redefinition of macro "U0IIR" (declared at line 189 of "C:\KeilARM\ARM\INC\Philips\lpc214x.h")
C:\KeilARM\ARM\INC\Philips\LPC21xx.h:   #define U0IIR          (*((volatile unsigned char *) 0xE000C008))
C:\KeilARM\ARM\INC\Philips\LPC21xx.h:           ^
C:\KeilARM\ARM\INC\Philips\LPC21xx.h(175): warning:  #47-D: incompatible redefinition of macro "U1IER" (declared at line 205 of "C:\KeilARM\ARM\INC\Philips\lpc214x.h")
C:\KeilARM\ARM\INC\Philips\LPC21xx.h:   #define U1IER          (*((volatile unsigned char *) 0xE0010004))
C:\KeilARM\ARM\INC\Philips\LPC21xx.h:           ^
C:\KeilARM\ARM\INC\Philips\LPC21xx.h(176): warning:  #47-D: incompatible redefinition of macro "U1IIR" (declared at line 206 of "C:\KeilARM\ARM\INC\Philips\lpc214x.h")
C:\KeilARM\ARM\INC\Philips\LPC21xx.h:   #define U1IIR          (*((volatile unsigned char *) 0xE0010008))
C:\KeilARM\ARM\INC\Philips\LPC21xx.h:           ^
C:\KeilARM\ARM\INC\Philips\LPC21xx.h: external_interrupts_test.c: 4 warnings, 0 errors
compiling pro_main.c...
pro_main.c(70): warning:  #167-D: argument of type "u8 *" is incompatible with parameter of type "char *"
pro_main.c:                                     espo1_ReadfromThingspeak(&rsp);
pro_main.c:                                                              ^
pro_main.c: pro_main.c: 1 warning, 0 errors
compiling rtc.c...
rtc.c(11): error:  #20: identifier "PCLK" is undefined
rtc.c:          PREINT = PREINT_VAL;
rtc.c:                   ^
rtc.c: rtc.c: 0 warnings, 1 error
Target not created
Build target 'Target 1'
compiling i2c.c...
i2c.c(12): error:  #20: identifier "I2SCLL" is undefined
i2c.c:           I2SCLL=LOADVAL;
i2c.c:           ^
i2c.c(14): error:  #20: identifier "I2SCLH" is undefined
i2c.c:           I2SCLH=LOADVAL;
i2c.c:           ^
i2c.c(16): error:  #20: identifier "I2CONSET" is undefined
i2c.c:           I2CONSET=1<<I2EN_BIT; 
i2c.c:           ^
i2c.c(22): error:  #20: identifier "I2CONSET" is undefined
i2c.c:     I2CONSET=1<<STA_BIT;
i2c.c:     ^
i2c.c(26): error:  #20: identifier "I2CONCLR" is undefined
i2c.c:          I2CONCLR=1<<STA_BIT;
i2c.c:          ^
i2c.c(32): error:  #20: identifier "I2CONSET" is undefined
i2c.c:          I2CONSET=1<<STA_BIT;
i2c.c:          ^
i2c.c(34): error:  #20: identifier "I2CONCLR" is undefined
i2c.c:          I2CONCLR=1<<SI_BIT;
i2c.c:          ^
i2c.c(44): error:  #20: identifier "I2DAT" is undefined
i2c.c:          I2DAT=dat;      
i2c.c:          ^
i2c.c(46): error:  #20: identifier "I2CONCLR" is undefined
i2c.c:          I2CONCLR = 1<<SI_BIT;
i2c.c:          ^
i2c.c(48): error:  #20: identifier "I2CONSET" is undefined
i2c.c:          while(((I2CONSET>>SI_BIT)&1)==0);
i2c.c:                  ^
i2c.c(54): error:  #20: identifier "I2CONSET" is undefined
i2c.c:          I2CONSET=1<<STO_BIT;
i2c.c:          ^
i2c.c(56): error:  #20: identifier "I2CONCLR" is undefined
i2c.c:          I2CONCLR = 1<<SI_BIT;
i2c.c:          ^
i2c.c(63): error:  #20: identifier "I2CONSET" is undefined
i2c.c:          I2CONSET = 0x00; //Assert Not of Ack
i2c.c:          ^
i2c.c(64): error:  #20: identifier "I2CONCLR" is undefined
i2c.c:     I2CONCLR = 1<<SI_BIT;
i2c.c:     ^
i2c.c(66): error:  #20: identifier "I2DAT" is undefined
i2c.c:          return I2DAT;
i2c.c:                 ^
i2c.c(71): error:  #20: identifier "I2CONSET" is undefined
i2c.c:          I2CONSET = 0x04; //Assert Ack
i2c.c:          ^
i2c.c(72): error:  #20: identifier "I2CONCLR" is undefined
i2c.c:     I2CONCLR = 1<<SI_BIT;
i2c.c:     ^
i2c.c(75): error:  #20: identifier "I2DAT" is undefined
i2c.c:          return I2DAT;
i2c.c:                 ^
i2c.c: i2c.c: 0 warnings, 18 errors
compiling rtc.c...
Target not created
Build target 'Target 1'
assembling Startup.s...
compiling uart0.c...
compiling esp01.c...
esp01.c(296): warning:  #513-D: a value of type "char *" cannot be assigned to an entity of type "u8 *"
esp01.c:        q=p;
esp01.c:         ^
esp01.c(297): warning:  #167-D: argument of type "u8 *" is incompatible with parameter of type "const char *"
esp01.c:        while(q=strstr(q,"field1"))
esp01.c:                       ^
esp01.c(297): warning:  #513-D: a value of type "char *" cannot be assigned to an entity of type "u8 *"
esp01.c:        while(q=strstr(q,"field1"))
esp01.c:               ^
esp01.c(297): warning:  #1293-D: assignment in condition
esp01.c:        while(q=strstr(q,"field1"))
esp01.c:              ^
esp01.c(302): warning:  #42-D: operand types are incompatible ("u8 *" and "char *")
esp01.c:                        cnt=q-p;
esp01.c:                             ^
esp01.c(302): warning:  #993-D: subtraction of pointer types "u8 *" and "char *" is nonstandard
esp01.c:                        cnt=q-p;
esp01.c:                             ^
esp01.c(304): warning:  #174-D: expression has no effect
esp01.c:                        for(cnt;q[cnt]!='"';cnt++)
esp01.c:                            ^
esp01.c(313): warning:  #167-D: argument of type "u8 *" is incompatible with parameter of type "const char *"
esp01.c:        *sp=atoi(k);
esp01.c:                 ^
esp01.c(319): warning:  #1-D: last line of file ends without a newline
esp01.c:   }
esp01.c:    ^
esp01.c: esp01.c: 9 warnings, 0 errors
compiling lcd.c...
compiling delay.c...
compiling dht11.c...
compiling i2c.c...
compiling i2c_eeprom.c...
compiling keypad.c...
compiling external_interrupts_test.c...
C:\KeilARM\ARM\INC\Philips\LPC21xx.h(163): warning:  #47-D: incompatible redefinition of macro "U0IER" (declared at line 188 of "C:\KeilARM\ARM\INC\Philips\lpc214x.h")
C:\KeilARM\ARM\INC\Philips\LPC21xx.h:   #define U0IER          (*((volatile unsigned char *) 0xE000C004))
C:\KeilARM\ARM\INC\Philips\LPC21xx.h:           ^
C:\KeilARM\ARM\INC\Philips\LPC21xx.h(164): warning:  #47-D: incompatible redefinition of macro "U0IIR" (declared at line 189 of "C:\KeilARM\ARM\INC\Philips\lpc214x.h")
C:\KeilARM\ARM\INC\Philips\LPC21xx.h:   #define U0IIR          (*((volatile unsigned char *) 0xE000C008))
C:\KeilARM\ARM\INC\Philips\LPC21xx.h:           ^
C:\KeilARM\ARM\INC\Philips\LPC21xx.h(175): warning:  #47-D: incompatible redefinition of macro "U1IER" (declared at line 205 of "C:\KeilARM\ARM\INC\Philips\lpc214x.h")
C:\KeilARM\ARM\INC\Philips\LPC21xx.h:   #define U1IER          (*((volatile unsigned char *) 0xE0010004))
C:\KeilARM\ARM\INC\Philips\LPC21xx.h:           ^
C:\KeilARM\ARM\INC\Philips\LPC21xx.h(176): warning:  #47-D: incompatible redefinition of macro "U1IIR" (declared at line 206 of "C:\KeilARM\ARM\INC\Philips\lpc214x.h")
C:\KeilARM\ARM\INC\Philips\LPC21xx.h:   #define U1IIR          (*((volatile unsigned char *) 0xE0010008))
C:\KeilARM\ARM\INC\Philips\LPC21xx.h:           ^
C:\KeilARM\ARM\INC\Philips\LPC21xx.h: external_interrupts_test.c: 4 warnings, 0 errors
compiling pro_main.c...
pro_main.c(70): warning:  #167-D: argument of type "u8 *" is incompatible with parameter of type "char *"
pro_main.c:                                     espo1_ReadfromThingspeak(&rsp);
pro_main.c:                                                              ^
pro_main.c: pro_main.c: 1 warning, 0 errors
compiling rtc.c...
linking...
Program Size: Code=10252 RO-data=376 RW-data=240 ZI-data=1256  
FromELF: creating hex file...
"11.axf" - 0 Error(s), 14 Warning(s).
Build target 'Target 1'
assembling Startup.s...
compiling uart0.c...
compiling esp01.c...
esp01.c(296): warning:  #513-D: a value of type "char *" cannot be assigned to an entity of type "u8 *"
esp01.c:        q=p;
esp01.c:         ^
esp01.c(297): warning:  #167-D: argument of type "u8 *" is incompatible with parameter of type "const char *"
esp01.c:        while(q=strstr(q,"field1"))
esp01.c:                       ^
esp01.c(297): warning:  #513-D: a value of type "char *" cannot be assigned to an entity of type "u8 *"
esp01.c:        while(q=strstr(q,"field1"))
esp01.c:               ^
esp01.c(297): warning:  #1293-D: assignment in condition
esp01.c:        while(q=strstr(q,"field1"))
esp01.c:              ^
esp01.c(302): warning:  #42-D: operand types are incompatible ("u8 *" and "char *")
esp01.c:                        cnt=q-p;
esp01.c:                             ^
esp01.c(302): warning:  #993-D: subtraction of pointer types "u8 *" and "char *" is nonstandard
esp01.c:                        cnt=q-p;
esp01.c:                             ^
esp01.c(304): warning:  #174-D: expression has no effect
esp01.c:                        for(cnt;q[cnt]!='"';cnt++)
esp01.c:                            ^
esp01.c(313): warning:  #167-D: argument of type "u8 *" is incompatible with parameter of type "const char *"
esp01.c:        *sp=atoi(k);
esp01.c:                 ^
esp01.c(319): warning:  #1-D: last line of file ends without a newline
esp01.c:   }
esp01.c:    ^
esp01.c: esp01.c: 9 warnings, 0 errors
compiling lcd.c...
compiling delay.c...
compiling dht11.c...
compiling i2c.c...
compiling i2c_eeprom.c...
compiling keypad.c...
compiling external_interrupts_test.c...
C:\KeilARM\ARM\INC\Philips\LPC21xx.h(163): warning:  #47-D: incompatible redefinition of macro "U0IER" (declared at line 188 of "C:\KeilARM\ARM\INC\Philips\lpc214x.h")
C:\KeilARM\ARM\INC\Philips\LPC21xx.h:   #define U0IER          (*((volatile unsigned char *) 0xE000C004))
C:\KeilARM\ARM\INC\Philips\LPC21xx.h:           ^
C:\KeilARM\ARM\INC\Philips\LPC21xx.h(164): warning:  #47-D: incompatible redefinition of macro "U0IIR" (declared at line 189 of "C:\KeilARM\ARM\INC\Philips\lpc214x.h")
C:\KeilARM\ARM\INC\Philips\LPC21xx.h:   #define U0IIR          (*((volatile unsigned char *) 0xE000C008))
C:\KeilARM\ARM\INC\Philips\LPC21xx.h:           ^
C:\KeilARM\ARM\INC\Philips\LPC21xx.h(175): warning:  #47-D: incompatible redefinition of macro "U1IER" (declared at line 205 of "C:\KeilARM\ARM\INC\Philips\lpc214x.h")
C:\KeilARM\ARM\INC\Philips\LPC21xx.h:   #define U1IER          (*((volatile unsigned char *) 0xE0010004))
C:\KeilARM\ARM\INC\Philips\LPC21xx.h:           ^
C:\KeilARM\ARM\INC\Philips\LPC21xx.h(176): warning:  #47-D: incompatible redefinition of macro "U1IIR" (declared at line 206 of "C:\KeilARM\ARM\INC\Philips\lpc214x.h")
C:\KeilARM\ARM\INC\Philips\LPC21xx.h:   #define U1IIR          (*((volatile unsigned char *) 0xE0010008))
C:\KeilARM\ARM\INC\Philips\LPC21xx.h:           ^
C:\KeilARM\ARM\INC\Philips\LPC21xx.h: external_interrupts_test.c: 4 warnings, 0 errors
compiling pro_main.c...
pro_main.c(70): warning:  #167-D: argument of type "u8 *" is incompatible with parameter of type "char *"
pro_main.c:                                     espo1_ReadfromThingspeak(&rsp);
pro_main.c:                                                              ^
pro_main.c: pro_main.c: 1 warning, 0 errors
compiling rtc.c...
linking...
Program Size: Code=10252 RO-data=376 RW-data=240 ZI-data=1256  
FromELF: creating hex file...
"11.axf" - 0 Error(s), 14 Warning(s).
Build target 'Target 1'
compiling external_interrupts_test.c...
linking...
Program Size: Code=10252 RO-data=376 RW-data=240 ZI-data=1256  
FromELF: creating hex file...
"11.axf" - 0 Error(s), 0 Warning(s).
Build target 'Target 1'
assembling Startup.s...
compiling uart0.c...
compiling esp01.c...
esp01.c(296): warning:  #513-D: a value of type "char *" cannot be assigned to an entity of type "u8 *"
esp01.c:        q=p;
esp01.c:         ^
esp01.c(297): warning:  #167-D: argument of type "u8 *" is incompatible with parameter of type "const char *"
esp01.c:        while(q=strstr(q,"field1"))
esp01.c:                       ^
esp01.c(297): warning:  #513-D: a value of type "char *" cannot be assigned to an entity of type "u8 *"
esp01.c:        while(q=strstr(q,"field1"))
esp01.c:               ^
esp01.c(297): warning:  #1293-D: assignment in condition
esp01.c:        while(q=strstr(q,"field1"))
esp01.c:              ^
esp01.c(302): warning:  #42-D: operand types are incompatible ("u8 *" and "char *")
esp01.c:                        cnt=q-p;
esp01.c:                             ^
esp01.c(302): warning:  #993-D: subtraction of pointer types "u8 *" and "char *" is nonstandard
esp01.c:                        cnt=q-p;
esp01.c:                             ^
esp01.c(304): warning:  #174-D: expression has no effect
esp01.c:                        for(cnt;q[cnt]!='"';cnt++)
esp01.c:                            ^
esp01.c(313): warning:  #167-D: argument of type "u8 *" is incompatible with parameter of type "const char *"
esp01.c:        *sp=atoi(k);
esp01.c:                 ^
esp01.c(319): warning:  #1-D: last line of file ends without a newline
esp01.c:   }
esp01.c:    ^
esp01.c: esp01.c: 9 warnings, 0 errors
compiling lcd.c...
compiling delay.c...
compiling dht11.c...
compiling i2c.c...
compiling i2c_eeprom.c...
compiling keypad.c...
compiling external_interrupts_test.c...
compiling pro_main.c...
pro_main.c(70): warning:  #167-D: argument of type "u8 *" is incompatible with parameter of type "char *"
pro_main.c:                                     espo1_ReadfromThingspeak(&rsp);
pro_main.c:                                                              ^
pro_main.c: pro_main.c: 1 warning, 0 errors
compiling rtc.c...
linking...
Program Size: Code=10260 RO-data=376 RW-data=240 ZI-data=1256  
FromELF: creating hex file...
"11.axf" - 0 Error(s), 10 Warning(s).
Build target 'Target 1'
compiling esp01.c...
esp01.c(229): error:  #147-D: declaration is incompatible with "void espo1_ReadfromThingspeak(u8 *)" (declared at line 7 of "esp01.h")
esp01.c:   void espo1_ReadfromThingspeak(char *val)
esp01.c:        ^
esp01.c(274): warning:  #167-D: argument of type "char *" is incompatible with parameter of type "u8 *"
esp01.c:                        extract_sp(buff,val);
esp01.c:                                   ^
esp01.c(274): warning:  #167-D: argument of type "char *" is incompatible with parameter of type "u8 *"
esp01.c:                        extract_sp(buff,val);
esp01.c:                                        ^
esp01.c(297): warning:  #513-D: a value of type "char *" cannot be assigned to an entity of type "u8 *"
esp01.c:        while(q=strstr((const char *)q,"field1"))
esp01.c:               ^
esp01.c(297): warning:  #1293-D: assignment in condition
esp01.c:        while(q=strstr((const char *)q,"field1"))
esp01.c:              ^
esp01.c(304): warning:  #174-D: expression has no effect
esp01.c:                        for(cnt;q[cnt]!='"';cnt++)
esp01.c:                            ^
esp01.c(313): warning:  #167-D: argument of type "u8 *" is incompatible with parameter of type "const char *"
esp01.c:        *sp=atoi(k);
esp01.c:                 ^
esp01.c(319): warning:  #1-D: last line of file ends without a newline
esp01.c:   }
esp01.c:    ^
esp01.c: esp01.c: 7 warnings, 1 error
compiling pro_main.c...
Target not created
Build target 'Target 1'
compiling esp01.c...
esp01.c(274): warning:  #167-D: argument of type "char *" is incompatible with parameter of type "u8 *"
esp01.c:                        extract_sp(buff,val);
esp01.c:                                   ^
esp01.c(297): warning:  #513-D: a value of type "char *" cannot be assigned to an entity of type "u8 *"
esp01.c:        while(q=strstr((const char *)q,"field1"))
esp01.c:               ^
esp01.c(297): warning:  #1293-D: assignment in condition
esp01.c:        while(q=strstr((const char *)q,"field1"))
esp01.c:              ^
esp01.c(304): warning:  #174-D: expression has no effect
esp01.c:                        for(cnt;q[cnt]!='"';cnt++)
esp01.c:                            ^
esp01.c(313): warning:  #167-D: argument of type "u8 *" is incompatible with parameter of type "const char *"
esp01.c:        *sp=atoi(k);
esp01.c:                 ^
esp01.c(319): warning:  #1-D: last line of file ends without a newline
esp01.c:   }
esp01.c:    ^
esp01.c: esp01.c: 6 warnings, 0 errors
linking...
Program Size: Code=10260 RO-data=376 RW-data=240 ZI-data=1256  
FromELF: creating hex file...
"11.axf" - 0 Error(s), 6 Warning(s).
Build target 'Target 1'
assembling Startup.s...
compiling uart0.c...
compiling esp01.c...
esp01.c(274): warning:  #167-D: argument of type "char *" is incompatible with parameter of type "u8 *"
esp01.c:                        extract_sp(buff,val);
esp01.c:                                   ^
esp01.c(297): warning:  #513-D: a value of type "char *" cannot be assigned to an entity of type "u8 *"
esp01.c:        while(q=strstr((const char *)q,"field1"))
esp01.c:               ^
esp01.c(297): warning:  #1293-D: assignment in condition
esp01.c:        while(q=strstr((const char *)q,"field1"))
esp01.c:              ^
esp01.c(304): warning:  #174-D: expression has no effect
esp01.c:                        for(cnt;q[cnt]!='"';cnt++)
esp01.c:                            ^
esp01.c(313): warning:  #167-D: argument of type "u8 *" is incompatible with parameter of type "const char *"
esp01.c:        *sp=atoi(k);
esp01.c:                 ^
esp01.c(319): warning:  #1-D: last line of file ends without a newline
esp01.c:   }
esp01.c:    ^
esp01.c: esp01.c: 6 warnings, 0 errors
compiling lcd.c...
compiling delay.c...
compiling dht11.c...
compiling i2c.c...
compiling i2c_eeprom.c...
compiling keypad.c...
compiling external_interrupts_test.c...
compiling pro_main.c...
compiling rtc.c...
linking...
Program Size: Code=10260 RO-data=376 RW-data=240 ZI-data=1256  
FromELF: creating hex file...
"11.axf" - 0 Error(s), 6 Warning(s).
Build target 'Target 1'
assembling Startup.s...
compiling uart0.c...
compiling esp01.c...
esp01.c(297): warning:  #513-D: a value of type "char *" cannot be assigned to an entity of type "u8 *"
esp01.c:        while((q=strstr((const char *)q,"field1")))
esp01.c:                ^
esp01.c(297): warning:  #1293-D: assignment in condition
esp01.c:        while((q=strstr((const char *)q,"field1")))
esp01.c:              ^
esp01.c(304): warning:  #174-D: expression has no effect
esp01.c:                        for(cnt;q[cnt]!='"';cnt++)
esp01.c:                            ^
esp01.c(313): warning:  #167-D: argument of type "u8 *" is incompatible with parameter of type "const char *"
esp01.c:        *sp=atoi(k);
esp01.c:                 ^
esp01.c(319): warning:  #1-D: last line of file ends without a newline
esp01.c:   }
esp01.c:    ^
esp01.c: esp01.c: 5 warnings, 0 errors
compiling lcd.c...
compiling delay.c...
compiling dht11.c...
compiling i2c.c...
compiling i2c_eeprom.c...
compiling keypad.c...
compiling external_interrupts_test.c...
compiling pro_main.c...
compiling rtc.c...
linking...
Program Size: Code=10260 RO-data=376 RW-data=240 ZI-data=1256  
FromELF: creating hex file...
"11.axf" - 0 Error(s), 5 Warning(s).
Build target 'Target 1'
assembling Startup.s...
compiling uart0.c...
compiling esp01.c...
esp01.c(297): warning:  #1441-D: nonstandard cast on lvalue
esp01.c:        while(((char *)q=strstr((const char *)q,"field1")))
esp01.c:               ^
esp01.c(297): warning:  #1293-D: assignment in condition
esp01.c:        while(((char *)q=strstr((const char *)q,"field1")))
esp01.c:              ^
esp01.c: esp01.c: 2 warnings, 0 errors
compiling lcd.c...
compiling delay.c...
compiling dht11.c...
compiling i2c.c...
compiling i2c_eeprom.c...
compiling keypad.c...
compiling external_interrupts_test.c...
compiling pro_main.c...
compiling rtc.c...
linking...
Program Size: Code=10260 RO-data=376 RW-data=240 ZI-data=1256  
FromELF: creating hex file...
"11.axf" - 0 Error(s), 2 Warning(s).
Build target 'Target 1'
assembling Startup.s...
compiling uart0.c...
compiling esp01.c...
esp01.c(297): warning:  #1441-D: nonstandard cast on lvalue
esp01.c:        while(((char *)q=strstr((const char *)q,"field1")))
esp01.c:               ^
esp01.c(297): warning:  #1293-D: assignment in condition
esp01.c:        while(((char *)q=strstr((const char *)q,"field1")))
esp01.c:              ^
esp01.c: esp01.c: 2 warnings, 0 errors
compiling lcd.c...
compiling delay.c...
compiling dht11.c...
compiling i2c.c...
compiling i2c_eeprom.c...
compiling keypad.c...
compiling external_interrupts_test.c...
compiling pro_main.c...
compiling rtc.c...
linking...
Program Size: Code=10260 RO-data=376 RW-data=240 ZI-data=1256  
FromELF: creating hex file...
"11.axf" - 0 Error(s), 2 Warning(s).
Build target 'Target 1'
assembling Startup.s...
compiling uart0.c...
compiling esp01.c...
esp01.c(297): warning:  #1441-D: nonstandard cast on lvalue
esp01.c:        while(((char *)q=strstr((const char *)q,"field1")))
esp01.c:               ^
esp01.c(297): warning:  #1293-D: assignment in condition
esp01.c:        while(((char *)q=strstr((const char *)q,"field1")))
esp01.c:              ^
esp01.c: esp01.c: 2 warnings, 0 errors
compiling lcd.c...
compiling delay.c...
compiling dht11.c...
compiling i2c.c...
compiling i2c_eeprom.c...
compiling keypad.c...
compiling external_interrupts_test.c...
compiling pro_main.c...
compiling rtc.c...
linking...
Program Size: Code=10260 RO-data=376 RW-data=240 ZI-data=1256  
FromELF: creating hex file...
"IOT.axf" - 0 Error(s), 2 Warning(s).
Build target 'Target 1'
assembling Startup.s...
compiling uart0.c...
compiling esp01.c...
esp01.c(297): warning:  #1441-D: nonstandard cast on lvalue
esp01.c:        while(((char *)q=strstr((const char *)q,"field1")))
esp01.c:               ^
esp01.c(297): warning:  #1293-D: assignment in condition
esp01.c:        while(((char *)q=strstr((const char *)q,"field1")))
esp01.c:              ^
esp01.c: esp01.c: 2 warnings, 0 errors
compiling lcd.c...
compiling delay.c...
compiling dht11.c...
compiling i2c.c...
compiling i2c_eeprom.c...
compiling keypad.c...
compiling external_interrupts_test.c...
compiling pro_main.c...
compiling rtc.c...
linking...
Program Size: Code=10260 RO-data=376 RW-data=240 ZI-data=1256  
FromELF: creating hex file...
"IOT.axf" - 0 Error(s), 2 Warning(s).
Build target 'Target 1'
assembling Startup.s...
compiling uart0.c...
compiling esp01.c...
esp01.c(297): warning:  #1441-D: nonstandard cast on lvalue
esp01.c:        while(((char *)q=strstr((const char *)q,"field1")))
esp01.c:               ^
esp01.c(297): warning:  #1293-D: assignment in condition
esp01.c:        while(((char *)q=strstr((const char *)q,"field1")))
esp01.c:              ^
esp01.c: esp01.c: 2 warnings, 0 errors
compiling lcd.c...
compiling delay.c...
compiling dht11.c...
compiling i2c.c...
compiling i2c_eeprom.c...
compiling keypad.c...
compiling external_interrupts_test.c...
compiling pro_main.c...
compiling rtc.c...
linking...
Program Size: Code=10260 RO-data=376 RW-data=240 ZI-data=1256  
FromELF: creating hex file...
"IOT.axf" - 0 Error(s), 2 Warning(s).
Build target 'Target 1'
assembling Startup.s...
compiling uart0.c...
compiling esp01.c...
esp01.c(297): warning:  #1441-D: nonstandard cast on lvalue
esp01.c:        while(((char *)q=strstr((const char *)q,"field1")))
esp01.c:               ^
esp01.c(297): warning:  #1293-D: assignment in condition
esp01.c:        while(((char *)q=strstr((const char *)q,"field1")))
esp01.c:              ^
esp01.c: esp01.c: 2 warnings, 0 errors
compiling lcd.c...
compiling delay.c...
compiling dht11.c...
compiling i2c.c...
compiling i2c_eeprom.c...
compiling keypad.c...
compiling external_interrupts_test.c...
compiling pro_main.c...
compiling rtc.c...
linking...
Program Size: Code=10276 RO-data=376 RW-data=240 ZI-data=1256  
FromELF: creating hex file...
"IOT.axf" - 0 Error(s), 2 Warning(s).
Build target 'Target 1'
assembling Startup.s...
compiling uart0.c...
compiling esp01.c...
esp01.c(297): warning:  #1441-D: nonstandard cast on lvalue
esp01.c:        while(((char *)q=strstr((const char *)q,"field1")))
esp01.c:               ^
esp01.c(297): warning:  #1293-D: assignment in condition
esp01.c:        while(((char *)q=strstr((const char *)q,"field1")))
esp01.c:              ^
esp01.c: esp01.c: 2 warnings, 0 errors
compiling lcd.c...
compiling delay.c...
compiling dht11.c...
compiling i2c.c...
compiling i2c_eeprom.c...
compiling keypad.c...
compiling external_interrupts_test.c...
compiling pro_main.c...
compiling rtc.c...
linking...
Program Size: Code=10276 RO-data=376 RW-data=240 ZI-data=1256  
FromELF: creating hex file...
"IOT.axf" - 0 Error(s), 2 Warning(s).
Build target 'Target 1'
assembling Startup.s...
compiling uart0.c...
compiling esp01.c...
esp01.c(297): warning:  #1441-D: nonstandard cast on lvalue
esp01.c:        while(((char *)q=strstr((const char *)q,"field1")))
esp01.c:               ^
esp01.c(297): warning:  #1293-D: assignment in condition
esp01.c:        while(((char *)q=strstr((const char *)q,"field1")))
esp01.c:              ^
esp01.c: esp01.c: 2 warnings, 0 errors
compiling lcd.c...
compiling delay.c...
compiling dht11.c...
compiling i2c.c...
compiling i2c_eeprom.c...
compiling keypad.c...
compiling external_interrupts_test.c...
compiling pro_main.c...
compiling rtc.c...
linking...
Program Size: Code=10276 RO-data=376 RW-data=240 ZI-data=1256  
FromELF: creating hex file...
"IOT.axf" - 0 Error(s), 2 Warning(s).
Build target 'Target 1'
assembling Startup.s...
compiling uart0.c...
compiling esp01.c...
esp01.c(297): warning:  #1441-D: nonstandard cast on lvalue
esp01.c:        while(((char *)q=strstr((const char *)q,"field1")))
esp01.c:               ^
esp01.c(297): warning:  #1293-D: assignment in condition
esp01.c:        while(((char *)q=strstr((const char *)q,"field1")))
esp01.c:              ^
esp01.c: esp01.c: 2 warnings, 0 errors
compiling lcd.c...
compiling delay.c...
compiling dht11.c...
compiling i2c.c...
compiling i2c_eeprom.c...
compiling keypad.c...
compiling external_interrupts_test.c...
compiling pro_main.c...
compiling rtc.c...
linking...
Program Size: Code=10276 RO-data=376 RW-data=240 ZI-data=1256  
FromELF: creating hex file...
"IOT.axf" - 0 Error(s), 2 Warning(s).
Build target 'Target 1'
assembling Startup.s...
compiling uart0.c...
compiling esp01.c...
esp01.c(297): warning:  #1441-D: nonstandard cast on lvalue
esp01.c:        while(((char *)q=strstr((const char *)q,"field1")))
esp01.c:               ^
esp01.c(297): warning:  #1293-D: assignment in condition
esp01.c:        while(((char *)q=strstr((const char *)q,"field1")))
esp01.c:              ^
esp01.c: esp01.c: 2 warnings, 0 errors
compiling lcd.c...
compiling delay.c...
compiling dht11.c...
compiling i2c.c...
compiling i2c_eeprom.c...
compiling keypad.c...
compiling external_interrupts_test.c...
compiling pro_main.c...
compiling rtc.c...
linking...
Program Size: Code=10276 RO-data=376 RW-data=240 ZI-data=1256  
FromELF: creating hex file...
"IOT.axf" - 0 Error(s), 2 Warning(s).
Build target 'Target 1'
compiling esp01.c...
esp01.c(230): error:  #147-D: declaration is incompatible with "void espo1_ReadfromThingspeak(u8 *)" (declared at line 7 of "esp01.h")
esp01.c:   void espo1_ReadfromThingspeak(void)
esp01.c:        ^
esp01.c(275): error:  #165: too few arguments in function call
esp01.c:                        extract_sp((u8 *)buff);
esp01.c:                                             ^
esp01.c(294): error:  #147-D: declaration is incompatible with "void extract_sp(u8 *, u8 *)" (declared at line 6 of "esp01.h")
esp01.c:   void extract_sp(u8 *p)
esp01.c:        ^
esp01.c(298): warning:  #1441-D: nonstandard cast on lvalue
esp01.c:        while(((char *)q=strstr((const char *)q,"field1")))
esp01.c:               ^
esp01.c(298): warning:  #1293-D: assignment in condition
esp01.c:        while(((char *)q=strstr((const char *)q,"field1")))
esp01.c:              ^
esp01.c: esp01.c: 2 warnings, 3 errors
compiling pro_main.c...
pro_main.c(72): error:  #165: too few arguments in function call
pro_main.c:                                     espo1_ReadfromThingspeak();
pro_main.c:                                                              ^
pro_main.c: pro_main.c: 0 warnings, 1 error
Target not created
Build target 'Target 1'
assembling Startup.s...
compiling uart0.c...
compiling esp01.c...
esp01.c(298): warning:  #1441-D: nonstandard cast on lvalue
esp01.c:        while(((char *)q=strstr((const char *)q,"field1")))
esp01.c:               ^
esp01.c(298): warning:  #1293-D: assignment in condition
esp01.c:        while(((char *)q=strstr((const char *)q,"field1")))
esp01.c:              ^
esp01.c: esp01.c: 2 warnings, 0 errors
compiling lcd.c...
compiling delay.c...
compiling dht11.c...
compiling i2c.c...
compiling i2c_eeprom.c...
compiling keypad.c...
compiling external_interrupts_test.c...
compiling pro_main.c...
compiling rtc.c...
linking...
Program Size: Code=10268 RO-data=376 RW-data=240 ZI-data=1256  
FromELF: creating hex file...
"IOT.axf" - 0 Error(s), 2 Warning(s).
Build target 'Target 1'
assembling Startup.s...
compiling uart0.c...
compiling esp01.c...
esp01.c(298): warning:  #1441-D: nonstandard cast on lvalue
esp01.c:        while(((char *)q=strstr((const char *)q,"field1")))
esp01.c:               ^
esp01.c(298): warning:  #1293-D: assignment in condition
esp01.c:        while(((char *)q=strstr((const char *)q,"field1")))
esp01.c:              ^
esp01.c(305): warning:  #167-D: argument of type "u8 *" is incompatible with parameter of type "const char *"
esp01.c:                        if(q=strchr(q,':'))
esp01.c:                                    ^
esp01.c(305): warning:  #513-D: a value of type "char *" cannot be assigned to an entity of type "u8 *"
esp01.c:                        if(q=strchr(q,':'))
esp01.c:                            ^
esp01.c(305): warning:  #1293-D: assignment in condition
esp01.c:                        if(q=strchr(q,':'))
esp01.c:                           ^
esp01.c: esp01.c: 5 warnings, 0 errors
compiling lcd.c...
compiling delay.c...
compiling dht11.c...
compiling i2c.c...
compiling i2c_eeprom.c...
compiling keypad.c...
compiling external_interrupts_test.c...
compiling pro_main.c...
compiling rtc.c...
linking...
Program Size: Code=10304 RO-data=376 RW-data=240 ZI-data=1256  
FromELF: creating hex file...
"IOT.axf" - 0 Error(s), 5 Warning(s).
Build target 'Target 1'
assembling Startup.s...
compiling uart0.c...
compiling esp01.c...
esp01.c(298): warning:  #1441-D: nonstandard cast on lvalue
esp01.c:        while(((char *)q=strstr((const char *)q,"field1")))
esp01.c:               ^
esp01.c(298): warning:  #1293-D: assignment in condition
esp01.c:        while(((char *)q=strstr((const char *)q,"field1")))
esp01.c:              ^
esp01.c(305): warning:  #167-D: argument of type "u8 *" is incompatible with parameter of type "const char *"
esp01.c:                        if(q=strchr(q,':'))
esp01.c:                                    ^
esp01.c(305): warning:  #513-D: a value of type "char *" cannot be assigned to an entity of type "u8 *"
esp01.c:                        if(q=strchr(q,':'))
esp01.c:                            ^
esp01.c(305): warning:  #1293-D: assignment in condition
esp01.c:                        if(q=strchr(q,':'))
esp01.c:                           ^
esp01.c(319): warning:  #167-D: argument of type "u8 *" is incompatible with parameter of type "char *"
esp01.c:        Write_str_LCD(k);
esp01.c:                      ^
esp01.c: esp01.c: 6 warnings, 0 errors
compiling lcd.c...
compiling delay.c...
compiling dht11.c...
compiling i2c.c...
compiling i2c_eeprom.c...
compiling keypad.c...
compiling external_interrupts_test.c...
compiling pro_main.c...
compiling rtc.c...
linking...
Program Size: Code=10328 RO-data=376 RW-data=240 ZI-data=1256  
FromELF: creating hex file...
"IOT.axf" - 0 Error(s), 6 Warning(s).
Build target 'Target 1'
assembling Startup.s...
compiling uart0.c...
compiling esp01.c...
esp01.c(298): warning:  #1441-D: nonstandard cast on lvalue
esp01.c:        while(((char *)q=strstr((const char *)q,"field1")))
esp01.c:               ^
esp01.c(298): warning:  #1293-D: assignment in condition
esp01.c:        while(((char *)q=strstr((const char *)q,"field1")))
esp01.c:              ^
esp01.c(305): warning:  #167-D: argument of type "u8 *" is incompatible with parameter of type "const char *"
esp01.c:                        if(q=strchr(q,':'))
esp01.c:                                    ^
esp01.c(305): warning:  #513-D: a value of type "char *" cannot be assigned to an entity of type "u8 *"
esp01.c:                        if(q=strchr(q,':'))
esp01.c:                            ^
esp01.c(305): warning:  #1293-D: assignment in condition
esp01.c:                        if(q=strchr(q,':'))
esp01.c:                           ^
esp01.c(309): warning:  #167-D: argument of type "u8 *" is incompatible with parameter of type "char *"
esp01.c:                                Write_str_LCD(q);
esp01.c:                                              ^
esp01.c(322): warning:  #167-D: argument of type "u8 *" is incompatible with parameter of type "char *"
esp01.c:        Write_str_LCD(k);
esp01.c:                      ^
esp01.c: esp01.c: 7 warnings, 0 errors
compiling lcd.c...
compiling delay.c...
compiling dht11.c...
compiling i2c.c...
compiling i2c_eeprom.c...
compiling keypad.c...
compiling external_interrupts_test.c...
compiling pro_main.c...
compiling rtc.c...
linking...
Program Size: Code=10352 RO-data=376 RW-data=240 ZI-data=1256  
FromELF: creating hex file...
"IOT.axf" - 0 Error(s), 7 Warning(s).
Build target 'Target 1'
assembling Startup.s...
compiling uart0.c...
compiling esp01.c...
esp01.c(298): warning:  #1441-D: nonstandard cast on lvalue
esp01.c:        while(((char *)q=strstr((const char *)q,"field1")))
esp01.c:               ^
esp01.c(298): warning:  #1293-D: assignment in condition
esp01.c:        while(((char *)q=strstr((const char *)q,"field1")))
esp01.c:              ^
esp01.c(305): warning:  #167-D: argument of type "u8 *" is incompatible with parameter of type "const char *"
esp01.c:                        if(q=strchr(q,':'))
esp01.c:                                    ^
esp01.c(305): warning:  #513-D: a value of type "char *" cannot be assigned to an entity of type "u8 *"
esp01.c:                        if(q=strchr(q,':'))
esp01.c:                            ^
esp01.c(305): warning:  #1293-D: assignment in condition
esp01.c:                        if(q=strchr(q,':'))
esp01.c:                           ^
esp01.c: esp01.c: 5 warnings, 0 errors
compiling lcd.c...
compiling delay.c...
compiling dht11.c...
compiling i2c.c...
compiling i2c_eeprom.c...
compiling keypad.c...
compiling external_interrupts_test.c...
compiling pro_main.c...
compiling rtc.c...
linking...
Program Size: Code=10352 RO-data=376 RW-data=240 ZI-data=1256  
FromELF: creating hex file...
"IOT.axf" - 0 Error(s), 5 Warning(s).
Build target 'Target 1'
assembling Startup.s...
compiling uart0.c...
compiling esp01.c...
esp01.c(271): warning:  #167-D: argument of type "u8 *" is incompatible with parameter of type "char *restrict"
esp01.c:                strcpy(arr,buff);
esp01.c:                       ^
esp01.c(304): warning:  #1441-D: nonstandard cast on lvalue
esp01.c:        while(((char *)q=strstr((const char *)q,"field1")))
esp01.c:               ^
esp01.c(304): warning:  #1293-D: assignment in condition
esp01.c:        while(((char *)q=strstr((const char *)q,"field1")))
esp01.c:              ^
esp01.c(311): warning:  #167-D: argument of type "u8 *" is incompatible with parameter of type "const char *"
esp01.c:                        if(q=strchr(q,':'))
esp01.c:                                    ^
esp01.c(311): warning:  #513-D: a value of type "char *" cannot be assigned to an entity of type "u8 *"
esp01.c:                        if(q=strchr(q,':'))
esp01.c:                            ^
esp01.c(311): warning:  #1293-D: assignment in condition
esp01.c:                        if(q=strchr(q,':'))
esp01.c:                           ^
esp01.c: esp01.c: 6 warnings, 0 errors
compiling lcd.c...
compiling delay.c...
compiling dht11.c...
compiling i2c.c...
compiling i2c_eeprom.c...
compiling keypad.c...
compiling external_interrupts_test.c...
compiling pro_main.c...
compiling rtc.c...
linking...
Program Size: Code=10492 RO-data=376 RW-data=240 ZI-data=1256  
FromELF: creating hex file...
"IOT.axf" - 0 Error(s), 6 Warning(s).
Build target 'Target 1'
assembling Startup.s...
compiling uart0.c...
compiling esp01.c...
esp01.c(271): warning:  #167-D: argument of type "u8 *" is incompatible with parameter of type "char *restrict"
esp01.c:                strcpy(arr,buff);
esp01.c:                       ^
esp01.c(304): warning:  #1441-D: nonstandard cast on lvalue
esp01.c:        while(((char *)q=strstr((const char *)q,"field1")))
esp01.c:               ^
esp01.c(304): warning:  #1293-D: assignment in condition
esp01.c:        while(((char *)q=strstr((const char *)q,"field1")))
esp01.c:              ^
esp01.c(311): warning:  #167-D: argument of type "u8 *" is incompatible with parameter of type "const char *"
esp01.c:                        if(q=strchr(q,':'))
esp01.c:                                    ^
esp01.c(311): warning:  #513-D: a value of type "char *" cannot be assigned to an entity of type "u8 *"
esp01.c:                        if(q=strchr(q,':'))
esp01.c:                            ^
esp01.c(311): warning:  #1293-D: assignment in condition
esp01.c:                        if(q=strchr(q,':'))
esp01.c:                           ^
esp01.c: esp01.c: 6 warnings, 0 errors
compiling lcd.c...
compiling delay.c...
compiling dht11.c...
compiling i2c.c...
compiling i2c_eeprom.c...
compiling keypad.c...
compiling external_interrupts_test.c...
compiling pro_main.c...
compiling rtc.c...
linking...
Program Size: Code=10492 RO-data=376 RW-data=240 ZI-data=1256  
FromELF: creating hex file...
"IOT.axf" - 0 Error(s), 6 Warning(s).
Build target 'Target 1'
assembling Startup.s...
compiling uart0.c...
compiling esp01.c...
esp01.c(271): warning:  #167-D: argument of type "u8 *" is incompatible with parameter of type "char *restrict"
esp01.c:                strcpy(arr,buff);
esp01.c:                       ^
esp01.c(304): warning:  #1441-D: nonstandard cast on lvalue
esp01.c:        while(((char *)q=strstr((const char *)q,"field1")))
esp01.c:               ^
esp01.c(304): warning:  #1293-D: assignment in condition
esp01.c:        while(((char *)q=strstr((const char *)q,"field1")))
esp01.c:              ^
esp01.c(311): warning:  #167-D: argument of type "u8 *" is incompatible with parameter of type "const char *"
esp01.c:                        if(q=strchr(q,':'))
esp01.c:                                    ^
esp01.c(311): warning:  #513-D: a value of type "char *" cannot be assigned to an entity of type "u8 *"
esp01.c:                        if(q=strchr(q,':'))
esp01.c:                            ^
esp01.c(311): warning:  #1293-D: assignment in condition
esp01.c:                        if(q=strchr(q,':'))
esp01.c:                           ^
esp01.c: esp01.c: 6 warnings, 0 errors
compiling lcd.c...
compiling delay.c...
compiling dht11.c...
compiling i2c.c...
compiling i2c_eeprom.c...
compiling keypad.c...
compiling external_interrupts_test.c...
compiling pro_main.c...
pro_main.c(50): error:  #127: expected a statement
pro_main.c:                     else
pro_main.c:                     ^
pro_main.c(72): warning:  #12-D: parsing restarts here after previous syntax error
pro_main.c:                                     espo1_ReadfromThingspeak();
pro_main.c:                                                               ^
pro_main.c(75): error:  #112: expected "while"
pro_main.c:                             if(MIN==59)
pro_main.c:                             ^
pro_main.c(94): warning:  #12-D: parsing restarts here after previous syntax error
pro_main.c:                     }
pro_main.c:                     ^
pro_main.c(94): error:  #125: expected a "("
pro_main.c:                     }
pro_main.c:                     ^
pro_main.c(94): error:  #29: expected an expression
pro_main.c:                     }
pro_main.c:                     ^
pro_main.c(94): error:  #18: expected a ")"
pro_main.c:                     }
pro_main.c:                     ^
pro_main.c(94): error:  #65: expected a ";"
pro_main.c:                     }
pro_main.c:                     ^
pro_main.c(95): error:  #169: expected a declaration
pro_main.c:             }while(i_flag==0);
pro_main.c:              ^
pro_main.c(96): error:  #79: expected a type specifier
pro_main.c:             Write_CMD_LCD(0x01);
pro_main.c:                           ^
pro_main.c(96): warning:  #77-D: this declaration has no storage class or type specifier
pro_main.c:             Write_CMD_LCD(0x01);
pro_main.c:             ^
pro_main.c(96): error:  #147: declaration is incompatible with "void Write_CMD_LCD(char)" (declared at line 1 of "lcd.h")
pro_main.c:             Write_CMD_LCD(0x01);
pro_main.c:             ^
pro_main.c(97): error:  #79: expected a type specifier
pro_main.c:             Write_str_LCD("Enter the setpoint");
pro_main.c:                           ^
pro_main.c(97): warning:  #77-D: this declaration has no storage class or type specifier
pro_main.c:             Write_str_LCD("Enter the setpoint");
pro_main.c:             ^
pro_main.c(97): error:  #147: declaration is incompatible with "void Write_str_LCD(char *)" (declared at line 5 of "lcd.h")
pro_main.c:             Write_str_LCD("Enter the setpoint");
pro_main.c:             ^
pro_main.c(98): error:  #77-D: this declaration has no storage class or type specifier
pro_main.c:             temp=Readnum();
pro_main.c:             ^
pro_main.c(98): error:  #147: declaration is incompatible with "u8 temp" (declared at line 19)
pro_main.c:             temp=Readnum();
pro_main.c:             ^
pro_main.c(98): error:  #59: function call is not allowed in a constant expression
pro_main.c:             temp=Readnum();
pro_main.c:                  ^
pro_main.c(99): error:  #79: expected a type specifier
pro_main.c:             i2c_eeprom_write(0x50,0x00,temp);
pro_main.c:                              ^
pro_main.c(99): error:  #79: expected a type specifier
pro_main.c:             i2c_eeprom_write(0x50,0x00,temp);
pro_main.c:                                   ^
pro_main.c(99): error:  #757: variable "temp" is not a type name
pro_main.c:             i2c_eeprom_write(0x50,0x00,temp);
pro_main.c:                                        ^
pro_main.c(99): warning:  #77-D: this declaration has no storage class or type specifier
pro_main.c:             i2c_eeprom_write(0x50,0x00,temp);
pro_main.c:             ^
pro_main.c(99): error:  #147: declaration is incompatible with "void i2c_eeprom_write(u8, u16, u8)" (declared at line 7 of "i2c_eeprom.h")
pro_main.c:             i2c_eeprom_write(0x50,0x00,temp);
pro_main.c:             ^
pro_main.c(100): error:  #77-D: this declaration has no storage class or type specifier
pro_main.c:             rt=i2c_eeprom_read(0x50,0x00);
pro_main.c:             ^
pro_main.c(100): error:  #147: declaration is incompatible with "u8 rt" (declared at line 16)
pro_main.c:             rt=i2c_eeprom_read(0x50,0x00);
pro_main.c:             ^
pro_main.c(100): error:  #59: function call is not allowed in a constant expression
pro_main.c:             rt=i2c_eeprom_read(0x50,0x00);
pro_main.c:                ^
pro_main.c(101): error:  #79: expected a type specifier
pro_main.c:             Write_CMD_LCD(0x01);
pro_main.c:                           ^
pro_main.c(101): warning:  #77-D: this declaration has no storage class or type specifier
pro_main.c:             Write_CMD_LCD(0x01);
pro_main.c:             ^
pro_main.c(102): error:  #77-D: this declaration has no storage class or type specifier
pro_main.c:             i_flag=0;
pro_main.c:             ^
pro_main.c(102): error:  #147: declaration is incompatible with "u8 i_flag" (declared at line 17)
pro_main.c:             i_flag=0;
pro_main.c:             ^
pro_main.c(103): error:  #169: expected a declaration
pro_main.c:     }       
pro_main.c:     ^
pro_main.c: pro_main.c: 6 warnings, 25 errors
compiling rtc.c...
Target not created
Build target 'Target 1'
assembling Startup.s...
compiling uart0.c...
compiling esp01.c...
esp01.c(271): warning:  #167-D: argument of type "u8 *" is incompatible with parameter of type "char *restrict"
esp01.c:                strcpy(arr,buff);
esp01.c:                       ^
esp01.c(304): warning:  #1441-D: nonstandard cast on lvalue
esp01.c:        while(((char *)q=strstr((const char *)q,"field1")))
esp01.c:               ^
esp01.c(304): warning:  #1293-D: assignment in condition
esp01.c:        while(((char *)q=strstr((const char *)q,"field1")))
esp01.c:              ^
esp01.c(311): warning:  #167-D: argument of type "u8 *" is incompatible with parameter of type "const char *"
esp01.c:                        if(q=strchr(q,':'))
esp01.c:                                    ^
esp01.c(311): warning:  #513-D: a value of type "char *" cannot be assigned to an entity of type "u8 *"
esp01.c:                        if(q=strchr(q,':'))
esp01.c:                            ^
esp01.c(311): warning:  #1293-D: assignment in condition
esp01.c:                        if(q=strchr(q,':'))
esp01.c:                           ^
esp01.c: esp01.c: 6 warnings, 0 errors
compiling lcd.c...
compiling delay.c...
compiling dht11.c...
compiling i2c.c...
compiling i2c_eeprom.c...
compiling keypad.c...
compiling external_interrupts_test.c...
compiling pro_main.c...
compiling rtc.c...
linking...
Program Size: Code=9996 RO-data=376 RW-data=240 ZI-data=1256  
FromELF: creating hex file...
"IOT.axf" - 0 Error(s), 6 Warning(s).
Build target 'Target 1'
assembling Startup.s...
compiling uart0.c...
compiling esp01.c...
esp01.c(271): warning:  #167-D: argument of type "u8 *" is incompatible with parameter of type "char *restrict"
esp01.c:                strcpy(arr,buff);
esp01.c:                       ^
esp01.c(307): warning:  #1441-D: nonstandard cast on lvalue
esp01.c:        while(((char *)q=strstr((const char *)q,"field1")))
esp01.c:               ^
esp01.c(307): warning:  #1293-D: assignment in condition
esp01.c:        while(((char *)q=strstr((const char *)q,"field1")))
esp01.c:              ^
esp01.c(314): warning:  #167-D: argument of type "u8 *" is incompatible with parameter of type "const char *"
esp01.c:                        if(q=strchr(q,':'))
esp01.c:                                    ^
esp01.c(314): warning:  #513-D: a value of type "char *" cannot be assigned to an entity of type "u8 *"
esp01.c:                        if(q=strchr(q,':'))
esp01.c:                            ^
esp01.c(314): warning:  #1293-D: assignment in condition
esp01.c:                        if(q=strchr(q,':'))
esp01.c:                           ^
esp01.c: esp01.c: 6 warnings, 0 errors
compiling lcd.c...
compiling delay.c...
compiling dht11.c...
compiling i2c.c...
compiling i2c_eeprom.c...
compiling keypad.c...
compiling external_interrupts_test.c...
compiling pro_main.c...
compiling rtc.c...
linking...
Program Size: Code=10068 RO-data=376 RW-data=240 ZI-data=1256  
FromELF: creating hex file...
"IOT.axf" - 0 Error(s), 6 Warning(s).
Build target 'Target 1'
assembling Startup.s...
compiling uart0.c...
compiling esp01.c...
esp01.c(271): warning:  #167-D: argument of type "u8 *" is incompatible with parameter of type "char *restrict"
esp01.c:                strcpy(arr,buff);
esp01.c:                       ^
esp01.c(307): warning:  #1441-D: nonstandard cast on lvalue
esp01.c:        while(((char *)q=strstr((const char *)q,"field1")))
esp01.c:               ^
esp01.c(307): warning:  #1293-D: assignment in condition
esp01.c:        while(((char *)q=strstr((const char *)q,"field1")))
esp01.c:              ^
esp01.c(314): warning:  #167-D: argument of type "u8 *" is incompatible with parameter of type "const char *"
esp01.c:                        if(strchr(q,':'))
esp01.c:                                  ^
esp01.c: esp01.c: 4 warnings, 0 errors
compiling lcd.c...
compiling delay.c...
compiling dht11.c...
compiling i2c.c...
compiling i2c_eeprom.c...
compiling keypad.c...
compiling external_interrupts_test.c...
compiling pro_main.c...
compiling rtc.c...
linking...
Program Size: Code=10068 RO-data=376 RW-data=240 ZI-data=1256  
FromELF: creating hex file...
"IOT.axf" - 0 Error(s), 4 Warning(s).
Build target 'Target 1'
assembling Startup.s...
compiling uart0.c...
compiling esp01.c...
esp01.c(271): warning:  #167-D: argument of type "u8 *" is incompatible with parameter of type "char *restrict"
esp01.c:                strcpy(arr,buff);
esp01.c:                       ^
esp01.c(307): warning:  #1441-D: nonstandard cast on lvalue
esp01.c:        while(((char *)q=strstr((const char *)q,"field1")))
esp01.c:               ^
esp01.c(307): warning:  #1293-D: assignment in condition
esp01.c:        while(((char *)q=strstr((const char *)q,"field1")))
esp01.c:              ^
esp01.c(314): warning:  #167-D: argument of type "u8 *" is incompatible with parameter of type "const char *"
esp01.c:                        if(strchr(q,':'))
esp01.c:                                  ^
esp01.c: esp01.c: 4 warnings, 0 errors
compiling lcd.c...
compiling delay.c...
compiling dht11.c...
compiling i2c.c...
compiling i2c_eeprom.c...
compiling keypad.c...
compiling external_interrupts_test.c...
compiling pro_main.c...
compiling rtc.c...
linking...
Program Size: Code=10096 RO-data=376 RW-data=340 ZI-data=1260  
FromELF: creating hex file...
"IOT.axf" - 0 Error(s), 4 Warning(s).
Build target 'Target 1'
assembling Startup.s...
compiling uart0.c...
compiling esp01.c...
esp01.c(271): warning:  #167-D: argument of type "u8 *" is incompatible with parameter of type "char *restrict"
esp01.c:                strcpy(arr,buff);
esp01.c:                       ^
esp01.c(307): warning:  #1441-D: nonstandard cast on lvalue
esp01.c:        while(((char *)q=strstr((const char *)q,"field1")))
esp01.c:               ^
esp01.c(307): warning:  #1293-D: assignment in condition
esp01.c:        while(((char *)q=strstr((const char *)q,"field1")))
esp01.c:              ^
esp01.c(314): warning:  #167-D: argument of type "u8 *" is incompatible with parameter of type "const char *"
esp01.c:                        if(strchr(q,':'))
esp01.c:                                  ^
esp01.c: esp01.c: 4 warnings, 0 errors
compiling lcd.c...
compiling delay.c...
compiling dht11.c...
compiling i2c.c...
compiling i2c_eeprom.c...
compiling keypad.c...
compiling external_interrupts_test.c...
compiling pro_main.c...
compiling rtc.c...
linking...
Program Size: Code=10096 RO-data=376 RW-data=340 ZI-data=1260  
FromELF: creating hex file...
"IOT.axf" - 0 Error(s), 4 Warning(s).
Build target 'Target 1'
assembling Startup.s...
compiling uart0.c...
compiling esp01.c...
esp01.c(271): warning:  #167-D: argument of type "u8 *" is incompatible with parameter of type "char *restrict"
esp01.c:                strcpy(arr,buff);
esp01.c:                       ^
esp01.c(307): warning:  #1441-D: nonstandard cast on lvalue
esp01.c:        while(((char *)q=strstr((const char *)q,"field1")))
esp01.c:               ^
esp01.c(307): warning:  #1293-D: assignment in condition
esp01.c:        while(((char *)q=strstr((const char *)q,"field1")))
esp01.c:              ^
esp01.c(314): warning:  #167-D: argument of type "u8 *" is incompatible with parameter of type "const char *"
esp01.c:                        if(strchr(q,':'))
esp01.c:                                  ^
esp01.c: esp01.c: 4 warnings, 0 errors
compiling lcd.c...
compiling delay.c...
compiling dht11.c...
compiling i2c.c...
compiling i2c_eeprom.c...
compiling keypad.c...
compiling external_interrupts_test.c...
compiling pro_main.c...
compiling rtc.c...
linking...
Program Size: Code=10592 RO-data=376 RW-data=340 ZI-data=1260  
FromELF: creating hex file...
"IOT.axf" - 0 Error(s), 4 Warning(s).
Build target 'Target 1'
assembling Startup.s...
compiling uart0.c...
compiling esp01.c...
esp01.c(271): warning:  #167-D: argument of type "u8 *" is incompatible with parameter of type "char *restrict"
esp01.c:                strcpy(arr,buff);
esp01.c:                       ^
esp01.c(307): warning:  #1441-D: nonstandard cast on lvalue
esp01.c:        while(((char *)q=strstr((const char *)q,"field1")))
esp01.c:               ^
esp01.c(307): warning:  #1293-D: assignment in condition
esp01.c:        while(((char *)q=strstr((const char *)q,"field1")))
esp01.c:              ^
esp01.c(314): warning:  #167-D: argument of type "u8 *" is incompatible with parameter of type "const char *"
esp01.c:                        if(strchr(q,':'))
esp01.c:                                  ^
esp01.c: esp01.c: 4 warnings, 0 errors
compiling lcd.c...
compiling delay.c...
compiling dht11.c...
compiling i2c.c...
compiling i2c_eeprom.c...
compiling keypad.c...
compiling external_interrupts_test.c...
compiling pro_main.c...
compiling rtc.c...
linking...
Program Size: Code=10592 RO-data=376 RW-data=540 ZI-data=1260  
FromELF: creating hex file...
"IOT.axf" - 0 Error(s), 4 Warning(s).
Build target 'Target 1'
assembling Startup.s...
compiling uart0.c...
compiling esp01.c...
esp01.c(271): warning:  #167-D: argument of type "u8 *" is incompatible with parameter of type "char *restrict"
esp01.c:                strcpy(arr,buff);
esp01.c:                       ^
esp01.c(307): warning:  #1441-D: nonstandard cast on lvalue
esp01.c:        while(((char *)q=strstr((const char *)q,"field1")))
esp01.c:               ^
esp01.c(307): warning:  #1293-D: assignment in condition
esp01.c:        while(((char *)q=strstr((const char *)q,"field1")))
esp01.c:              ^
esp01.c(314): warning:  #167-D: argument of type "u8 *" is incompatible with parameter of type "const char *"
esp01.c:                        if(strchr(q,':'))
esp01.c:                                  ^
esp01.c: esp01.c: 4 warnings, 0 errors
compiling lcd.c...
compiling delay.c...
compiling dht11.c...
compiling i2c.c...
compiling i2c_eeprom.c...
compiling keypad.c...
compiling external_interrupts_test.c...
compiling pro_main.c...
compiling rtc.c...
linking...
Program Size: Code=10596 RO-data=376 RW-data=544 ZI-data=1256  
FromELF: creating hex file...
"IOT.axf" - 0 Error(s), 4 Warning(s).
Build target 'Target 1'
assembling Startup.s...
compiling uart0.c...
compiling esp01.c...
esp01.c(271): warning:  #167-D: argument of type "u8 *" is incompatible with parameter of type "char *restrict"
esp01.c:                strcpy(arr,buff);
esp01.c:                       ^
esp01.c(300): warning:  #1441-D: nonstandard cast on lvalue
esp01.c:        while(((char *)q=strstr((const char *)q,"field1")))
esp01.c:               ^
esp01.c(300): warning:  #1293-D: assignment in condition
esp01.c:        while(((char *)q=strstr((const char *)q,"field1")))
esp01.c:              ^
esp01.c(307): warning:  #167-D: argument of type "u8 *" is incompatible with parameter of type "const char *"
esp01.c:                        if(strchr(q,':'))
esp01.c:                                  ^
esp01.c: esp01.c: 4 warnings, 0 errors
compiling lcd.c...
compiling delay.c...
compiling dht11.c...
compiling i2c.c...
compiling i2c_eeprom.c...
compiling keypad.c...
compiling external_interrupts_test.c...
compiling pro_main.c...
compiling rtc.c...
linking...
Program Size: Code=10540 RO-data=376 RW-data=544 ZI-data=1256  
FromELF: creating hex file...
"IOT.axf" - 0 Error(s), 4 Warning(s).
Build target 'Target 1'
assembling Startup.s...
compiling uart0.c...
compiling esp01.c...
esp01.c(271): warning:  #167-D: argument of type "u8 *" is incompatible with parameter of type "char *restrict"
esp01.c:                strcpy(arr,buff);
esp01.c:                       ^
esp01.c(300): warning:  #1441-D: nonstandard cast on lvalue
esp01.c:        while(((char *)q=strstr((const char *)q,"field1")))
esp01.c:               ^
esp01.c(300): warning:  #1293-D: assignment in condition
esp01.c:        while(((char *)q=strstr((const char *)q,"field1")))
esp01.c:              ^
esp01.c(307): warning:  #167-D: argument of type "u8 *" is incompatible with parameter of type "const char *"
esp01.c:                        if(strchr(q,':'))
esp01.c:                                  ^
esp01.c: esp01.c: 4 warnings, 0 errors
compiling lcd.c...
compiling delay.c...
compiling dht11.c...
compiling i2c.c...
compiling i2c_eeprom.c...
compiling keypad.c...
compiling external_interrupts_test.c...
compiling pro_main.c...
compiling rtc.c...
linking...
Program Size: Code=10540 RO-data=376 RW-data=544 ZI-data=1256  
FromELF: creating hex file...
"IOT.axf" - 0 Error(s), 4 Warning(s).
Build target 'Target 1'
assembling Startup.s...
compiling uart0.c...
compiling esp01.c...
esp01.c(271): warning:  #167-D: argument of type "u8 *" is incompatible with parameter of type "char *restrict"
esp01.c:                strcpy(arr,buff);
esp01.c:                       ^
esp01.c(300): warning:  #1441-D: nonstandard cast on lvalue
esp01.c:        while(((char *)q=strstr((const char *)q,"field1")))
esp01.c:               ^
esp01.c(300): warning:  #1293-D: assignment in condition
esp01.c:        while(((char *)q=strstr((const char *)q,"field1")))
esp01.c:              ^
esp01.c(307): warning:  #167-D: argument of type "u8 *" is incompatible with parameter of type "const char *"
esp01.c:                        if(strchr(q,':'))
esp01.c:                                  ^
esp01.c: esp01.c: 4 warnings, 0 errors
compiling lcd.c...
compiling delay.c...
compiling dht11.c...
compiling i2c.c...
compiling i2c_eeprom.c...
compiling keypad.c...
compiling external_interrupts_test.c...
compiling pro_main.c...
compiling rtc.c...
linking...
Program Size: Code=10044 RO-data=376 RW-data=544 ZI-data=1256  
FromELF: creating hex file...
"IOT.axf" - 0 Error(s), 4 Warning(s).
Build target 'Target 1'
assembling Startup.s...
compiling uart0.c...
compiling esp01.c...
esp01.c(271): warning:  #167-D: argument of type "u8 *" is incompatible with parameter of type "char *restrict"
esp01.c:                strcpy(arr,buff);
esp01.c:                       ^
esp01.c(300): warning:  #1441-D: nonstandard cast on lvalue
esp01.c:        while(((char *)q=strstr((const char *)q,"field1")))
esp01.c:               ^
esp01.c(300): warning:  #1293-D: assignment in condition
esp01.c:        while(((char *)q=strstr((const char *)q,"field1")))
esp01.c:              ^
esp01.c: esp01.c: 3 warnings, 0 errors
compiling lcd.c...
compiling delay.c...
compiling dht11.c...
compiling i2c.c...
compiling i2c_eeprom.c...
compiling keypad.c...
compiling external_interrupts_test.c...
compiling pro_main.c...
compiling rtc.c...
linking...
Program Size: Code=10044 RO-data=376 RW-data=544 ZI-data=1256  
FromELF: creating hex file...
"IOT.axf" - 0 Error(s), 3 Warning(s).
Build target 'Target 1'
assembling Startup.s...
compiling uart0.c...
compiling esp01.c...
esp01.c(271): warning:  #167-D: argument of type "u8 *" is incompatible with parameter of type "char *restrict"
esp01.c:                strcpy(arr,buff);
esp01.c:                       ^
esp01.c(300): warning:  #1441-D: nonstandard cast on lvalue
esp01.c:        while(((char *)q=strstr((const char *)q,"field1")))
esp01.c:               ^
esp01.c(300): warning:  #1293-D: assignment in condition
esp01.c:        while(((char *)q=strstr((const char *)q,"field1")))
esp01.c:              ^
esp01.c(307): warning:  #513-D: a value of type "char *" cannot be assigned to an entity of type "u8 *"
esp01.c:                        if(q=strchr((const char *)q,':'))
esp01.c:                            ^
esp01.c(307): warning:  #1293-D: assignment in condition
esp01.c:                        if(q=strchr((const char *)q,':'))
esp01.c:                           ^
esp01.c: esp01.c: 5 warnings, 0 errors
compiling lcd.c...
compiling delay.c...
compiling dht11.c...
compiling i2c.c...
compiling i2c_eeprom.c...
compiling keypad.c...
compiling external_interrupts_test.c...
compiling pro_main.c...
compiling rtc.c...
linking...
Program Size: Code=10044 RO-data=376 RW-data=544 ZI-data=1256  
FromELF: creating hex file...
"IOT.axf" - 0 Error(s), 5 Warning(s).
Build target 'Target 1'
assembling Startup.s...
compiling uart0.c...
compiling esp01.c...
esp01.c(271): warning:  #167-D: argument of type "u8 *" is incompatible with parameter of type "char *restrict"
esp01.c:                strcpy(arr,buff);
esp01.c:                       ^
esp01.c(300): warning:  #1441-D: nonstandard cast on lvalue
esp01.c:        while(((char *)q=strstr((const char *)q,"field1")))
esp01.c:               ^
esp01.c(300): warning:  #1293-D: assignment in condition
esp01.c:        while(((char *)q=strstr((const char *)q,"field1")))
esp01.c:              ^
esp01.c(307): warning:  #513-D: a value of type "char *" cannot be assigned to an entity of type "u8 *"
esp01.c:                        if(q=strchr((const char *)q,':'))
esp01.c:                            ^
esp01.c(307): warning:  #1293-D: assignment in condition
esp01.c:                        if(q=strchr((const char *)q,':'))
esp01.c:                           ^
esp01.c: esp01.c: 5 warnings, 0 errors
compiling lcd.c...
compiling delay.c...
compiling dht11.c...
compiling i2c.c...
compiling i2c_eeprom.c...
compiling keypad.c...
compiling external_interrupts_test.c...
compiling pro_main.c...
compiling rtc.c...
linking...
Program Size: Code=10044 RO-data=376 RW-data=544 ZI-data=1256  
FromELF: creating hex file...
"IOT.axf" - 0 Error(s), 5 Warning(s).
