ARM Linker, 4.1 [Build 481] [Evaluation]

==============================================================================

Section Cross References

    startup.o(STACK) refers (Special) to heapauxi.o(.text) for __use_two_region_memory
    startup.o(HEAP) refers (Special) to heapauxi.o(.text) for __use_two_region_memory
    startup.o(RESET) refers (Special) to heapauxi.o(.text) for __use_two_region_memory
    startup.o(RESET) refers to startup.o(STACK) for Stack_Top
    startup.o(RESET) refers to __main.o(!!!main) for __main
    startup.o(.text) refers (Special) to heapauxi.o(.text) for __use_two_region_memory
    startup.o(.text) refers to startup.o(HEAP) for Heap_Mem
    startup.o(.text) refers to startup.o(STACK) for Stack_Mem
    uart0.o(.text) refers to aeabi_sdiv.o(.text_udiv) for __aeabi_uidivmod
    uart0.o(.text) refers to ffix.o(x$fpl$ffix) for __aeabi_f2iz
    uart0.o(.text) refers to fflt_noclz.o(x$fpl$fflt) for __aeabi_i2f
    uart0.o(.text) refers to faddsub_noclz.o(x$fpl$frsb) for __aeabi_frsub
    uart0.o(.text) refers to fmul.o(x$fpl$fmul) for __aeabi_fmul
    uart0.o(.text) refers to uart0.o(.data) for ch
    esp01.o(.text) refers to lcd.o(.text) for Write_CMD_LCD
    esp01.o(.text) refers to delay.o(.text) for delay_ms
    esp01.o(.text) refers to uart0.o(.text) for UART0_Str
    esp01.o(.text) refers to rt_memclr.o(.text) for __aeabi_memclr
    esp01.o(.text) refers to strstr.o(.text) for strstr
    esp01.o(.text) refers to uart0.o(.data) for i
    esp01.o(.text) refers to strchr.o(.text) for strchr
    esp01.o(.text) refers to atoi.o(.text) for atoi
    esp01.o(.text) refers to strcpy.o(.text) for strcpy
    esp01.o(.text) refers to esp01.o(.data) for r
    esp01.o(.text) refers to pro_main.o(.data) for rsp
    esp01.o(.text) refers to esp01.o(.constdata) for .constdata
    lcd.o(.text) refers to delay.o(.text) for delay_ms
    lcd.o(.text) refers to aeabi_sdiv.o(.text) for __aeabi_idivmod
    lcd.o(.text) refers to ffixu.o(x$fpl$ffixu) for __aeabi_f2uiz
    lcd.o(.text) refers to fmul.o(x$fpl$fmul) for __aeabi_fmul
    lcd.o(.text) refers to aeabi_sdiv.o(.text_udiv) for __aeabi_uidivmod
    dht11.o(.text) refers to delay.o(.text) for delay_ms
    i2c_eeprom.o(.text) refers to i2c.o(.text) for i2c_start
    i2c_eeprom.o(.text) refers to delay.o(.text) for delay_ms
    keypad.o(.text) refers to lcd.o(.text) for Write_CMD_LCD
    keypad.o(.text) refers to delay.o(.text) for delay_ms
    keypad.o(.text) refers to atoi.o(.text) for atoi
    keypad.o(.text) refers to keypad.o(.data) for codes
    external_interrupts_test.o(.text) refers to external_interrupts_test.o(.data) for i_flag
    pro_main.o(.text) refers to uart0.o(.text) for InitUART0
    pro_main.o(.text) refers to lcd.o(.text) for LCD_Init
    pro_main.o(.text) refers to i2c.o(.text) for init_i2c
    pro_main.o(.text) refers to keypad.o(.text) for initkpm
    pro_main.o(.text) refers to external_interrupts_test.o(.text) for Enable_EINT0
    pro_main.o(.text) refers to rtc.o(.text) for RTC_Init
    pro_main.o(.text) refers to esp01.o(.text) for esp01_connectAP
    pro_main.o(.text) refers to i2c_eeprom.o(.text) for i2c_eeprom_write
    pro_main.o(.text) refers to delay.o(.text) for delay_ms
    pro_main.o(.text) refers to dht11.o(.text) for dht11_request
    pro_main.o(.text) refers to pro_main.o(.data) for rt
    pro_main.o(.text) refers to external_interrupts_test.o(.data) for i_flag
    atoi.o(.text) refers to rt_errno_addr_intlibspace.o(.text) for __aeabi_errno_addr
    atoi.o(.text) refers to strtol.o(.text) for strtol
    rt_memclr.o(.text) refers to rt_memclr_w.o(.text) for _memset_w
    aeabi_sdiv.o(.text_udiv) refers to aeabi_sdiv.o(.text) for __arm_div2
    aeabi_sdiv_div0.o(.text_udiv) refers to aeabi_sdiv_div0.o(.text) for __arm_div2
    __main.o(!!!main) refers to rtentry.o(.ARM.Collect$$rtentry$$00000000) for __rt_entry
    faddsub_noclz.o(x$fpl$fadd) refers (Special) to usenofp.o(x$fpl$usenofp) for __I$use$fp
    faddsub_noclz.o(x$fpl$fadd) refers to faddsub_noclz.o(x$fpl$fsub) for _fsub1
    faddsub_noclz.o(x$fpl$fadd) refers to fretinf.o(x$fpl$fretinf) for __fpl_fretinf
    faddsub_noclz.o(x$fpl$fadd) refers to fnaninf.o(x$fpl$fnaninf) for __fpl_fnaninf
    faddsub_noclz.o(x$fpl$frsb) refers (Special) to usenofp.o(x$fpl$usenofp) for __I$use$fp
    faddsub_noclz.o(x$fpl$frsb) refers to faddsub_noclz.o(x$fpl$fadd) for _fadd1
    faddsub_noclz.o(x$fpl$frsb) refers to faddsub_noclz.o(x$fpl$fsub) for _fsub1
    faddsub_noclz.o(x$fpl$fsub) refers (Special) to usenofp.o(x$fpl$usenofp) for __I$use$fp
    faddsub_noclz.o(x$fpl$fsub) refers to faddsub_noclz.o(x$fpl$fadd) for _fadd1
    faddsub_noclz.o(x$fpl$fsub) refers to fnaninf.o(x$fpl$fnaninf) for __fpl_fnaninf
    ffix.o(x$fpl$ffix) refers (Special) to usenofp.o(x$fpl$usenofp) for __I$use$fp
    ffix.o(x$fpl$ffix) refers to fnaninf.o(x$fpl$fnaninf) for __fpl_fnaninf
    ffix.o(x$fpl$ffixr) refers (Special) to usenofp.o(x$fpl$usenofp) for __I$use$fp
    ffix.o(x$fpl$ffixr) refers to fnaninf.o(x$fpl$fnaninf) for __fpl_fnaninf
    ffixu.o(x$fpl$ffixu) refers (Special) to usenofp.o(x$fpl$usenofp) for __I$use$fp
    ffixu.o(x$fpl$ffixu) refers to fnaninf.o(x$fpl$fnaninf) for __fpl_fnaninf
    ffixu.o(x$fpl$ffixur) refers (Special) to usenofp.o(x$fpl$usenofp) for __I$use$fp
    ffixu.o(x$fpl$ffixur) refers to fnaninf.o(x$fpl$fnaninf) for __fpl_fnaninf
    fflt_noclz.o(x$fpl$ffltu) refers (Special) to usenofp.o(x$fpl$usenofp) for __I$use$fp
    fflt_noclz.o(x$fpl$ffltu) refers to fflt_noclz.o(x$fpl$fflt) for __fflt_normalise
    fflt_noclz.o(x$fpl$fflt) refers (Special) to usenofp.o(x$fpl$usenofp) for __I$use$fp
    fmul.o(x$fpl$fmul) refers (Special) to usenofp.o(x$fpl$usenofp) for __I$use$fp
    fmul.o(x$fpl$fmul) refers to fretinf.o(x$fpl$fretinf) for __fpl_fretinf
    fmul.o(x$fpl$fmul) refers to fnaninf.o(x$fpl$fnaninf) for __fpl_fnaninf
    rtentry.o(.ARM.Collect$$rtentry$$00000000) refers (Special) to rtentry2.o(.ARM.Collect$$rtentry$$0000000A) for __rt_entry_li
    rtentry.o(.ARM.Collect$$rtentry$$00000000) refers (Special) to rtentry2.o(.ARM.Collect$$rtentry$$0000000D) for __rt_entry_main
    rtentry.o(.ARM.Collect$$rtentry$$00000000) refers (Special) to rtentry2.o(.ARM.Collect$$rtentry$$0000000C) for __rt_entry_postli_1
    rtentry.o(.ARM.Collect$$rtentry$$00000000) refers (Special) to rtentry2.o(.ARM.Collect$$rtentry$$00000009) for __rt_entry_postsh_1
    rtentry.o(.ARM.Collect$$rtentry$$00000000) refers (Special) to rtentry2.o(.ARM.Collect$$rtentry$$00000002) for __rt_entry_presh_1
    rtentry.o(.ARM.Collect$$rtentry$$00000000) refers (Special) to rtentry4.o(.ARM.Collect$$rtentry$$00000004) for __rt_entry_sh
    rtentry.o(.ARM.exidx) refers (Special) to rtentry2.o(.ARM.Collect$$rtentry$$0000000A) for __rt_entry_li
    rtentry.o(.ARM.exidx) refers (Special) to rtentry2.o(.ARM.Collect$$rtentry$$0000000D) for __rt_entry_main
    rtentry.o(.ARM.exidx) refers (Special) to rtentry2.o(.ARM.Collect$$rtentry$$0000000C) for __rt_entry_postli_1
    rtentry.o(.ARM.exidx) refers (Special) to rtentry2.o(.ARM.Collect$$rtentry$$00000009) for __rt_entry_postsh_1
    rtentry.o(.ARM.exidx) refers (Special) to rtentry2.o(.ARM.Collect$$rtentry$$00000002) for __rt_entry_presh_1
    rtentry.o(.ARM.exidx) refers (Special) to rtentry4.o(.ARM.Collect$$rtentry$$00000004) for __rt_entry_sh
    rtentry.o(.ARM.exidx) refers to rtentry.o(.ARM.Collect$$rtentry$$00000000) for .ARM.Collect$$rtentry$$00000000
    aeabi_idiv0_sigfpe.o(.text) refers to rt_div0.o(.text) for __rt_div0
    rt_errno_addr.o(.text) refers to rt_errno_addr.o(.bss) for __aeabi_errno_addr_data
    rt_errno_addr_intlibspace.o(.text) refers to libspace.o(.bss) for __libspace_start
    strtol.o(.text) refers to rt_ctype_table.o(.text) for __rt_ctype_table
    strtol.o(.text) refers to _strtoul.o(.text) for _strtoul
    strtol.o(.text) refers to rt_errno_addr_intlibspace.o(.text) for __aeabi_errno_addr
    fnaninf.o(x$fpl$fnaninf) refers (Special) to usenofp.o(x$fpl$usenofp) for __I$use$fp
    fretinf.o(x$fpl$fretinf) refers (Special) to usenofp.o(x$fpl$usenofp) for __I$use$fp
    libspace.o(.text) refers to libspace.o(.bss) for __libspace_start
    rtentry2.o(.ARM.Collect$$rtentry$$00000008) refers to boardinit2.o(.text) for _platform_post_stackheap_init
    rtentry2.o(.ARM.Collect$$rtentry$$0000000A) refers to libinit.o(.ARM.Collect$$libinit$$00000000) for __rt_lib_init
    rtentry2.o(.ARM.Collect$$rtentry$$0000000B) refers to boardinit3.o(.text) for _platform_post_lib_init
    rtentry2.o(.ARM.Collect$$rtentry$$0000000D) refers to exit.o(.text) for exit
    rtentry2.o(.ARM.Collect$$rtentry$$0000000D) refers to pro_main.o(.text) for main
    rtentry2.o(.ARM.exidx) refers to rtentry2.o(.ARM.Collect$$rtentry$$00000001) for .ARM.Collect$$rtentry$$00000001
    rtentry2.o(.ARM.exidx) refers to rtentry2.o(.ARM.Collect$$rtentry$$00000002) for .ARM.Collect$$rtentry$$00000002
    rtentry2.o(.ARM.exidx) refers to rtentry2.o(.ARM.Collect$$rtentry$$00000008) for .ARM.Collect$$rtentry$$00000008
    rtentry2.o(.ARM.exidx) refers to rtentry2.o(.ARM.Collect$$rtentry$$00000009) for .ARM.Collect$$rtentry$$00000009
    rtentry2.o(.ARM.exidx) refers to rtentry2.o(.ARM.Collect$$rtentry$$0000000A) for .ARM.Collect$$rtentry$$0000000A
    rtentry2.o(.ARM.exidx) refers to rtentry2.o(.ARM.Collect$$rtentry$$0000000B) for .ARM.Collect$$rtentry$$0000000B
    rtentry2.o(.ARM.exidx) refers to rtentry2.o(.ARM.Collect$$rtentry$$0000000C) for .ARM.Collect$$rtentry$$0000000C
    rtentry2.o(.ARM.exidx) refers to rtentry2.o(.ARM.Collect$$rtentry$$0000000D) for .ARM.Collect$$rtentry$$0000000D
    rtentry4.o(.ARM.Collect$$rtentry$$00000004) refers to sys_stackheap_outer.o(.text) for __user_setup_stackheap
    rtentry4.o(.ARM.exidx) refers to rtentry4.o(.ARM.Collect$$rtentry$$00000004) for .ARM.Collect$$rtentry$$00000004
    rt_ctype_table.o(.text) refers to rt_locale_intlibspace.o(.text) for __rt_locale
    rt_ctype_table.o(.text) refers to lc_ctype_c.o(locale$$code) for _get_lc_ctype
    rt_div0.o(.text) refers to defsig_fpe_outer.o(.text) for __rt_SIGFPE
    _strtoul.o(.text) refers to _chval.o(.text) for _chval
    _strtoul.o(.text) refers to rt_errno_addr_intlibspace.o(.text) for __aeabi_errno_addr
    sys_stackheap_outer.o(.text) refers to libspace.o(.text) for __user_perproc_libspace
    sys_stackheap_outer.o(.text) refers to startup.o(.text) for __user_initial_stackheap
    rt_locale.o(.text) refers to rt_locale.o(.bss) for __rt_locale_data
    rt_locale_intlibspace.o(.text) refers to libspace.o(.bss) for __libspace_start
    lc_ctype_c.o(locale$$data) refers (Special) to libinit2.o(.ARM.Collect$$libinit$$0000000E) for __rt_lib_init_lc_ctype_2
    lc_ctype_c.o(locale$$code) refers (Special) to libinit2.o(.ARM.Collect$$libinit$$0000000E) for __rt_lib_init_lc_ctype_2
    lc_ctype_c.o(locale$$code) refers to strcmp.o(.text) for strcmp
    lc_ctype_c.o(locale$$code) refers to lc_ctype_c.o(locale$$data) for __lcctype_c_name
    exit.o(.text) refers to rtexit.o(.ARM.Collect$$rtexit$$00000000) for __rt_exit
    defsig_fpe_outer.o(.text) refers to defsig_fpe_inner.o(.text) for __rt_SIGFPE_inner
    defsig_fpe_outer.o(.text) refers to defsig_exit.o(.text) for __sig_exit
    defsig_fpe_formal.o(.text) refers to rt_raise.o(.text) for __rt_raise
    libinit.o(.ARM.Collect$$libinit$$00000000) refers (Special) to libinit2.o(.ARM.Collect$$libinit$$0000002A) for __rt_lib_init_alloca_1
    libinit.o(.ARM.Collect$$libinit$$00000000) refers (Special) to libinit2.o(.ARM.Collect$$libinit$$00000028) for __rt_lib_init_argv_1
    libinit.o(.ARM.Collect$$libinit$$00000000) refers (Special) to libinit2.o(.ARM.Collect$$libinit$$00000017) for __rt_lib_init_atexit_1
    libinit.o(.ARM.Collect$$libinit$$00000000) refers (Special) to libinit2.o(.ARM.Collect$$libinit$$0000001D) for __rt_lib_init_clock_1
    libinit.o(.ARM.Collect$$libinit$$00000000) refers (Special) to libinit2.o(.ARM.Collect$$libinit$$0000002E) for __rt_lib_init_cpp_1
    libinit.o(.ARM.Collect$$libinit$$00000000) refers (Special) to libinit2.o(.ARM.Collect$$libinit$$0000002C) for __rt_lib_init_exceptions_1
    libinit.o(.ARM.Collect$$libinit$$00000000) refers (Special) to libinit2.o(.ARM.Collect$$libinit$$0000001B) for __rt_lib_init_fp_trap_1
    libinit.o(.ARM.Collect$$libinit$$00000000) refers (Special) to libinit2.o(.ARM.Collect$$libinit$$0000001F) for __rt_lib_init_getenv_1
    libinit.o(.ARM.Collect$$libinit$$00000000) refers (Special) to libinit2.o(.ARM.Collect$$libinit$$00000006) for __rt_lib_init_heap_1
    libinit.o(.ARM.Collect$$libinit$$00000000) refers (Special) to libinit2.o(.ARM.Collect$$libinit$$0000000D) for __rt_lib_init_lc_collate_1
    libinit.o(.ARM.Collect$$libinit$$00000000) refers (Special) to libinit2.o(.ARM.Collect$$libinit$$0000000F) for __rt_lib_init_lc_ctype_1
    libinit.o(.ARM.Collect$$libinit$$00000000) refers (Special) to libinit2.o(.ARM.Collect$$libinit$$00000011) for __rt_lib_init_lc_monetary_1
    libinit.o(.ARM.Collect$$libinit$$00000000) refers (Special) to libinit2.o(.ARM.Collect$$libinit$$00000013) for __rt_lib_init_lc_numeric_1
    libinit.o(.ARM.Collect$$libinit$$00000000) refers (Special) to libinit2.o(.ARM.Collect$$libinit$$00000015) for __rt_lib_init_lc_time_1
    libinit.o(.ARM.Collect$$libinit$$00000000) refers (Special) to libinit2.o(.ARM.Collect$$libinit$$0000000A) for __rt_lib_init_rand_1
    libinit.o(.ARM.Collect$$libinit$$00000000) refers (Special) to libinit2.o(.ARM.Collect$$libinit$$0000002F) for __rt_lib_init_return
    libinit.o(.ARM.Collect$$libinit$$00000000) refers (Special) to libinit2.o(.ARM.Collect$$libinit$$00000019) for __rt_lib_init_signal_1
    libinit.o(.ARM.Collect$$libinit$$00000000) refers (Special) to libinit2.o(.ARM.Collect$$libinit$$00000021) for __rt_lib_init_stdio_1
    libinit.o(.ARM.Collect$$libinit$$00000000) refers (Special) to libinit2.o(.ARM.Collect$$libinit$$00000008) for __rt_lib_init_user_alloc_1
    libinit.o(.ARM.Collect$$libinit$$00000000) refers to fpinit.o(x$fpl$fpinit) for _fp_init
    rtexit.o(.ARM.Collect$$rtexit$$00000000) refers (Special) to rtexit2.o(.ARM.Collect$$rtexit$$00000004) for __rt_exit_exit
    rtexit.o(.ARM.Collect$$rtexit$$00000000) refers (Special) to rtexit2.o(.ARM.Collect$$rtexit$$00000003) for __rt_exit_ls
    rtexit.o(.ARM.Collect$$rtexit$$00000000) refers (Special) to rtexit2.o(.ARM.Collect$$rtexit$$00000002) for __rt_exit_prels_1
    rtexit.o(.ARM.exidx) refers (Special) to rtexit2.o(.ARM.Collect$$rtexit$$00000004) for __rt_exit_exit
    rtexit.o(.ARM.exidx) refers (Special) to rtexit2.o(.ARM.Collect$$rtexit$$00000003) for __rt_exit_ls
    rtexit.o(.ARM.exidx) refers (Special) to rtexit2.o(.ARM.Collect$$rtexit$$00000002) for __rt_exit_prels_1
    rtexit.o(.ARM.exidx) refers to rtexit.o(.ARM.Collect$$rtexit$$00000000) for .ARM.Collect$$rtexit$$00000000
    rt_raise.o(.text) refers to __raise.o(.text) for __raise
    rt_raise.o(.text) refers to sys_exit.o(.text) for _sys_exit
    defsig_exit.o(.text) refers to sys_exit.o(.text) for _sys_exit
    defsig_fpe_inner.o(.text) refers to defsig_general.o(.text) for __default_signal_display
    libinit2.o(.ARM.Collect$$libinit$$0000000B) refers (Weak) to rt_locale_intlibspace.o(.text) for __rt_locale
    libinit2.o(.ARM.Collect$$libinit$$0000000C) refers to libinit2.o(.ARM.Collect$$libinit$$0000000B) for .ARM.Collect$$libinit$$0000000B
    libinit2.o(.ARM.Collect$$libinit$$0000000E) refers to libinit2.o(.ARM.Collect$$libinit$$0000000B) for .ARM.Collect$$libinit$$0000000B
    libinit2.o(.ARM.Collect$$libinit$$0000000E) refers (Weak) to lc_ctype_c.o(locale$$code) for _get_lc_ctype
    libinit2.o(.ARM.Collect$$libinit$$00000010) refers to libinit2.o(.ARM.Collect$$libinit$$0000000B) for .ARM.Collect$$libinit$$0000000B
    libinit2.o(.ARM.Collect$$libinit$$00000012) refers to libinit2.o(.ARM.Collect$$libinit$$0000000B) for .ARM.Collect$$libinit$$0000000B
    libinit2.o(.ARM.Collect$$libinit$$00000014) refers to libinit2.o(.ARM.Collect$$libinit$$0000000B) for .ARM.Collect$$libinit$$0000000B
    libinit2.o(.ARM.Collect$$libinit$$00000022) refers to argv_veneer.o(.emb_text) for __ARM_argv_veneer
    libinit2.o(.ARM.Collect$$libinit$$00000023) refers to argv_veneer.o(.emb_text) for __ARM_argv_veneer
    fpinit.o(x$fpl$fpinit) refers to rt_fp_status_addr_intlibspace.o(.text) for __rt_fp_status_addr
    sys_exit.o(.text) refers (Special) to use_no_semi.o(.text) for __I$use$semihosting
    rtexit2.o(.ARM.Collect$$rtexit$$00000003) refers to libshutdown.o(.ARM.Collect$$libshutdown$$00000000) for __rt_lib_shutdown
    rtexit2.o(.ARM.Collect$$rtexit$$00000004) refers to sys_exit.o(.text) for _sys_exit
    rtexit2.o(.ARM.exidx) refers to rtexit2.o(.ARM.Collect$$rtexit$$00000001) for .ARM.Collect$$rtexit$$00000001
    rtexit2.o(.ARM.exidx) refers to rtexit2.o(.ARM.Collect$$rtexit$$00000002) for .ARM.Collect$$rtexit$$00000002
    rtexit2.o(.ARM.exidx) refers to rtexit2.o(.ARM.Collect$$rtexit$$00000003) for .ARM.Collect$$rtexit$$00000003
    rtexit2.o(.ARM.exidx) refers to rtexit2.o(.ARM.Collect$$rtexit$$00000004) for .ARM.Collect$$rtexit$$00000004
    rt_fp_status_addr.o(.text) refers to rt_fp_status_addr.o(.bss) for __rt_fp_status_addr_data
    rt_fp_status_addr_intlibspace.o(.text) refers to libspace.o(.bss) for __libspace_start
    __raise.o(.text) refers to __raise.o(i.__ARM_common_call_via_r2) for __ARM_common_call_via_r2
    __raise.o(.text) refers to defsig.o(CL$$defsig) for __default_signal_handler
    defsig_general.o(.text) refers to sys_wrch.o(.text) for _ttywrch
    argv_veneer.o(.emb_text) refers to no_argv.o(.text) for __ARM_get_argv
    sys_wrch.o(.text) refers (Special) to use_no_semi.o(.text) for __I$use$semihosting
    defsig.o(CL$$defsig) refers to defsig_fpe_inner.o(.text) for __rt_SIGFPE_inner
    defsig.o(CL$$defsig) refers to defsig_rtmem_inner.o(.text) for __rt_SIGRTMEM_inner
    _get_argv_nomalloc.o(.text) refers (Special) to hrguard.o(.text) for __heap_region$guard
    _get_argv_nomalloc.o(.text) refers to defsig_rtmem_outer.o(.text) for __rt_SIGRTMEM
    _get_argv_nomalloc.o(.text) refers to sys_command.o(.text) for _sys_command_string
    libshutdown.o(.ARM.Collect$$libshutdown$$00000000) refers (Special) to libshutdown2.o(.ARM.Collect$$libshutdown$$00000006) for __rt_lib_shutdown_fp_trap_1
    libshutdown.o(.ARM.Collect$$libshutdown$$00000000) refers (Special) to libshutdown2.o(.ARM.Collect$$libshutdown$$0000000E) for __rt_lib_shutdown_heap_1
    libshutdown.o(.ARM.Collect$$libshutdown$$00000000) refers (Special) to libshutdown2.o(.ARM.Collect$$libshutdown$$0000000F) for __rt_lib_shutdown_return
    libshutdown.o(.ARM.Collect$$libshutdown$$00000000) refers (Special) to libshutdown2.o(.ARM.Collect$$libshutdown$$00000009) for __rt_lib_shutdown_signal_1
    libshutdown.o(.ARM.Collect$$libshutdown$$00000000) refers (Special) to libshutdown2.o(.ARM.Collect$$libshutdown$$00000003) for __rt_lib_shutdown_stdio_1
    libshutdown.o(.ARM.Collect$$libshutdown$$00000000) refers (Special) to libshutdown2.o(.ARM.Collect$$libshutdown$$0000000B) for __rt_lib_shutdown_user_alloc_1
    sys_command.o(.text) refers (Special) to use_no_semi.o(.text) for __I$use$semihosting
    defsig_abrt_inner.o(.text) refers to defsig_general.o(.text) for __default_signal_display
    defsig_rtred_inner.o(.text) refers to defsig_general.o(.text) for __default_signal_display
    defsig_rtmem_inner.o(.text) refers to defsig_general.o(.text) for __default_signal_display
    defsig_rtmem_outer.o(.text) refers to defsig_rtmem_inner.o(.text) for __rt_SIGRTMEM_inner
    defsig_rtmem_outer.o(.text) refers to defsig_exit.o(.text) for __sig_exit
    defsig_rtmem_formal.o(.text) refers to rt_raise.o(.text) for __rt_raise
    defsig_stak_inner.o(.text) refers to defsig_general.o(.text) for __default_signal_display
    defsig_pvfn_inner.o(.text) refers to defsig_general.o(.text) for __default_signal_display
    defsig_cppl_inner.o(.text) refers to defsig_general.o(.text) for __default_signal_display
    defsig_segv_inner.o(.text) refers to defsig_general.o(.text) for __default_signal_display
    defsig_other.o(.text) refers to defsig_general.o(.text) for __default_signal_display


==============================================================================

Adding Veneers to the image

    Adding AT veneer (8 bytes, Inline) for call to '__rt_lib_init' from rtentry2.o(.ARM.Collect$$rtentry$$0000000A).
    Adding AT veneer (8 bytes, Inline) for call to '__rt_lib_shutdown' from rtexit2.o(.ARM.Collect$$rtexit$$00000003).
    Adding TA veneer (4 bytes, Inline) for call to '__rt_exit' from exit.o(.text).
    Adding AT veneer (8 bytes, Inline) for call to 'atoi' from esp01.o(.text).
    Adding AT veneer (8 bytes, Inline) for call to 'strchr' from esp01.o(.text).
    Adding AT veneer (8 bytes, Inline) for call to 'strstr' from esp01.o(.text).
    Adding AT veneer (8 bytes, Inline) for call to 'strcpy' from esp01.o(.text).
    Adding TA veneer (4 bytes, Inline) for call to '__aeabi_errno_addr' from atoi.o(.text).
    Adding TA veneer (4 bytes, Inline) for call to '__rt_ctype_table' from strtol.o(.text).
    Adding TA veneer (4 bytes, Inline) for call to '__rt_locale' from libinit2.o(.ARM.Collect$$libinit$$0000000B).
    Adding AT veneer (8 bytes, Inline) for call to '_sys_exit' from rtexit2.o(.ARM.Collect$$rtexit$$00000004).
    Adding TA veneer (4 bytes, Inline) for call to '_get_lc_ctype' from libinit2.o(.ARM.Collect$$libinit$$0000000E).
    Adding TA veneer (4 bytes, Inline) for call to '_fp_init' from libinit.o(.ARM.Collect$$libinit$$00000000).

13 Veneer(s) (total 80 bytes) added to the image.

==============================================================================

Image Symbol Table

    Local Symbols

    Symbol Name                              Value     Ov Type        Size  Object(Section)

    RESET                                    0x00000000   Section      272  startup.o(RESET)
    ../../angel/boardlib.s                   0x00000000   Number         0  boardshut.o ABSOLUTE
    ../../angel/boardlib.s                   0x00000000   Number         0  boardinit1.o ABSOLUTE
    ../../angel/boardlib.s                   0x00000000   Number         0  boardinit2.o ABSOLUTE
    ../../angel/boardlib.s                   0x00000000   Number         0  boardinit3.o ABSOLUTE
    ../../angel/dczerorl.s                   0x00000000   Number         0  __dczerorl.o ABSOLUTE
    ../../angel/handlers.s                   0x00000000   Number         0  __scatter_zi.o ABSOLUTE
    ../../angel/kernel.s                     0x00000000   Number         0  rtentry.o ABSOLUTE
    ../../angel/kernel.s                     0x00000000   Number         0  rtexit2.o ABSOLUTE
    ../../angel/kernel.s                     0x00000000   Number         0  rtentry2.o ABSOLUTE
    ../../angel/kernel.s                     0x00000000   Number         0  rtentry4.o ABSOLUTE
    ../../angel/kernel.s                     0x00000000   Number         0  rtexit.o ABSOLUTE
    ../../angel/rt.s                         0x00000000   Number         0  rt_div0.o ABSOLUTE
    ../../angel/rt.s                         0x00000000   Number         0  rt_ctype_table.o ABSOLUTE
    ../../angel/rt.s                         0x00000000   Number         0  aeabi_idiv0_sigfpe.o ABSOLUTE
    ../../angel/rt.s                         0x00000000   Number         0  rt_errno_addr_intlibspace.o ABSOLUTE
    ../../angel/rt.s                         0x00000000   Number         0  rt_errno_addr.o ABSOLUTE
    ../../angel/rt.s                         0x00000000   Number         0  rt_locale.o ABSOLUTE
    ../../angel/rt.s                         0x00000000   Number         0  aeabi_idiv0.o ABSOLUTE
    ../../angel/rt.s                         0x00000000   Number         0  rt_locale_intlibspace.o ABSOLUTE
    ../../angel/rt.s                         0x00000000   Number         0  rt_fp_status_addr_intlibspace.o ABSOLUTE
    ../../angel/rt.s                         0x00000000   Number         0  rt_fp_status_addr.o ABSOLUTE
    ../../angel/rt.s                         0x00000000   Number         0  rt_raise.o ABSOLUTE
    ../../angel/scatter.s                    0x00000000   Number         0  __scatter.o ABSOLUTE
    ../../angel/startup.s                    0x00000000   Number         0  __main.o ABSOLUTE
    ../../angel/sys.s                        0x00000000   Number         0  sys_stackheap_outer.o ABSOLUTE
    ../../angel/sys.s                        0x00000000   Number         0  use_no_semi.o ABSOLUTE
    ../../angel/sys.s                        0x00000000   Number         0  libspace.o ABSOLUTE
    ../../angel/sysapp.c                     0x00000000   Number         0  sys_exit.o ABSOLUTE
    ../../angel/sysapp.c                     0x00000000   Number         0  sys_command.o ABSOLUTE
    ../../angel/sysapp.c                     0x00000000   Number         0  sys_wrch.o ABSOLUTE
    ../../armsys.c                           0x00000000   Number         0  no_argv.o ABSOLUTE
    ../../armsys.c                           0x00000000   Number         0  argv_veneer.o ABSOLUTE
    ../../armsys.c                           0x00000000   Number         0  _get_argv_nomalloc.o ABSOLUTE
    ../../armsys.c                           0x00000000   Number         0  argv_veneer.o ABSOLUTE
    ../../division.s                         0x00000000   Number         0  aeabi_sdiv_div0.o ABSOLUTE
    ../../division.s                         0x00000000   Number         0  aeabi_sdiv.o ABSOLUTE
    ../../divrt.s                            0x00000000   Number         0  divrt_7tdmi.o ABSOLUTE
    ../../divrt.s                            0x00000000   Number         0  divrt_7tdmi_div0.o ABSOLUTE
    ../../faddsub.s                          0x00000000   Number         0  faddsub_noclz.o ABSOLUTE
    ../../ffix.s                             0x00000000   Number         0  ffix.o ABSOLUTE
    ../../ffixu.s                            0x00000000   Number         0  ffixu.o ABSOLUTE
    ../../fflt.s                             0x00000000   Number         0  fflt_noclz.o ABSOLUTE
    ../../fmul.s                             0x00000000   Number         0  fmul.o ABSOLUTE
    ../../fnaninf.s                          0x00000000   Number         0  fnaninf.o ABSOLUTE
    ../../fpinit.s                           0x00000000   Number         0  fpinit.o ABSOLUTE
    ../../fretinf.s                          0x00000000   Number         0  fretinf.o ABSOLUTE
    ../../heapalloc.c                        0x00000000   Number         0  hrguard.o ABSOLUTE
    ../../heapaux.c                          0x00000000   Number         0  heapauxi.o ABSOLUTE
    ../../libinit.s                          0x00000000   Number         0  libinit2.o ABSOLUTE
    ../../libinit.s                          0x00000000   Number         0  libshutdown.o ABSOLUTE
    ../../libinit.s                          0x00000000   Number         0  libinit.o ABSOLUTE
    ../../libinit.s                          0x00000000   Number         0  libshutdown2.o ABSOLUTE
    ../../locale.s                           0x00000000   Number         0  lc_ctype_c.o ABSOLUTE
    ../../memcpset.s                         0x00000000   Number         0  rt_memclr_w.o ABSOLUTE
    ../../memcpset.s                         0x00000000   Number         0  strcmp.o ABSOLUTE
    ../../memcpset.s                         0x00000000   Number         0  rt_memclr.o ABSOLUTE
    ../../scanf.c                            0x00000000   Number         0  strtol.o ABSOLUTE
    ../../scanf.c                            0x00000000   Number         0  atoi.o ABSOLUTE
    ../../scanf.c                            0x00000000   Number         0  _strtoul.o ABSOLUTE
    ../../scanf.c                            0x00000000   Number         0  _chval.o ABSOLUTE
    ../../signal.c                           0x00000000   Number         0  defsig_fpe_outer.o ABSOLUTE
    ../../signal.c                           0x00000000   Number         0  defsig_abrt_inner.o ABSOLUTE
    ../../signal.c                           0x00000000   Number         0  defsig_cppl_inner.o ABSOLUTE
    ../../signal.c                           0x00000000   Number         0  defsig_rtred_inner.o ABSOLUTE
    ../../signal.c                           0x00000000   Number         0  defsig_rtmem_inner.o ABSOLUTE
    ../../signal.c                           0x00000000   Number         0  defsig_fpe_formal.o ABSOLUTE
    ../../signal.c                           0x00000000   Number         0  defsig_segv_inner.o ABSOLUTE
    ../../signal.c                           0x00000000   Number         0  defsig_rtmem_outer.o ABSOLUTE
    ../../signal.c                           0x00000000   Number         0  defsig_other.o ABSOLUTE
    ../../signal.c                           0x00000000   Number         0  defsig_rtmem_formal.o ABSOLUTE
    ../../signal.c                           0x00000000   Number         0  defsig_fpe_inner.o ABSOLUTE
    ../../signal.c                           0x00000000   Number         0  defsig_general.o ABSOLUTE
    ../../signal.c                           0x00000000   Number         0  defsig_exit.o ABSOLUTE
    ../../signal.c                           0x00000000   Number         0  defsig_stak_inner.o ABSOLUTE
    ../../signal.c                           0x00000000   Number         0  __raise.o ABSOLUTE
    ../../signal.c                           0x00000000   Number         0  defsig_pvfn_inner.o ABSOLUTE
    ../../signal.s                           0x00000000   Number         0  defsig.o ABSOLUTE
    ../../stdlib.c                           0x00000000   Number         0  exit.o ABSOLUTE
    ../../string.c                           0x00000000   Number         0  strchr.o ABSOLUTE
    ../../string.c                           0x00000000   Number         0  strcpy.o ABSOLUTE
    ../../string.c                           0x00000000   Number         0  strstr.o ABSOLUTE
    ../../usenofp.s                          0x00000000   Number         0  usenofp.o ABSOLUTE
    Startup.s                                0x00000000   Number         0  startup.o ABSOLUTE
    dc.s                                     0x00000000   Number         0  dc.o ABSOLUTE
    delay.c                                  0x00000000   Number         0  delay.o ABSOLUTE
    dht11.c                                  0x00000000   Number         0  dht11.o ABSOLUTE
    esp01.c                                  0x00000000   Number         0  esp01.o ABSOLUTE
    external_interrupts_test.c               0x00000000   Number         0  external_interrupts_test.o ABSOLUTE
    i2c.c                                    0x00000000   Number         0  i2c.o ABSOLUTE
    i2c_eeprom.c                             0x00000000   Number         0  i2c_eeprom.o ABSOLUTE
    keypad.c                                 0x00000000   Number         0  keypad.o ABSOLUTE
    lcd.c                                    0x00000000   Number         0  lcd.o ABSOLUTE
    pro_main.c                               0x00000000   Number         0  pro_main.o ABSOLUTE
    rtc.c                                    0x00000000   Number         0  rtc.o ABSOLUTE
    uart0.c                                  0x00000000   Number         0  uart0.o ABSOLUTE
    Undef_Handler                            0x00000040   ARM Code       4  startup.o(RESET)
    SWI_Handler                              0x00000044   ARM Code       4  startup.o(RESET)
    PAbt_Handler                             0x00000048   ARM Code       4  startup.o(RESET)
    DAbt_Handler                             0x0000004c   ARM Code       4  startup.o(RESET)
    IRQ_Handler                              0x00000050   ARM Code       4  startup.o(RESET)
    FIQ_Handler                              0x00000054   ARM Code       4  startup.o(RESET)
    !!!main                                  0x00000110   Section        8  __main.o(!!!main)
    !!!scatter                               0x00000118   Section       60  __scatter.o(!!!scatter)
    !!dczerorl                               0x00000154   Section       68  __dczerorl.o(!!dczerorl)
    !!handler_zi                             0x00000198   Section       44  __scatter_zi.o(!!handler_zi)
    .ARM.Collect$$libinit$$00000000          0x000001cc   Section        6  libinit.o(.ARM.Collect$$libinit$$00000000)
    .ARM.Collect$$libinit$$00000006          0x000001d2   Section        0  libinit2.o(.ARM.Collect$$libinit$$00000006)
    .ARM.Collect$$libinit$$00000008          0x000001d2   Section        0  libinit2.o(.ARM.Collect$$libinit$$00000008)
    .ARM.Collect$$libinit$$0000000A          0x000001d2   Section        0  libinit2.o(.ARM.Collect$$libinit$$0000000A)
    .ARM.Collect$$libinit$$0000000B          0x000001d2   Section        6  libinit2.o(.ARM.Collect$$libinit$$0000000B)
    .ARM.Collect$$libinit$$0000000D          0x000001d8   Section        0  libinit2.o(.ARM.Collect$$libinit$$0000000D)
    .ARM.Collect$$libinit$$0000000E          0x000001d8   Section       12  libinit2.o(.ARM.Collect$$libinit$$0000000E)
    .ARM.Collect$$libinit$$0000000F          0x000001e4   Section        0  libinit2.o(.ARM.Collect$$libinit$$0000000F)
    .ARM.Collect$$libinit$$00000011          0x000001e4   Section        0  libinit2.o(.ARM.Collect$$libinit$$00000011)
    .ARM.Collect$$libinit$$00000013          0x000001e4   Section        0  libinit2.o(.ARM.Collect$$libinit$$00000013)
    .ARM.Collect$$libinit$$00000015          0x000001e4   Section        0  libinit2.o(.ARM.Collect$$libinit$$00000015)
    .ARM.Collect$$libinit$$00000017          0x000001e4   Section        0  libinit2.o(.ARM.Collect$$libinit$$00000017)
    .ARM.Collect$$libinit$$00000019          0x000001e4   Section        0  libinit2.o(.ARM.Collect$$libinit$$00000019)
    .ARM.Collect$$libinit$$0000001B          0x000001e4   Section        0  libinit2.o(.ARM.Collect$$libinit$$0000001B)
    .ARM.Collect$$libinit$$0000001D          0x000001e4   Section        0  libinit2.o(.ARM.Collect$$libinit$$0000001D)
    .ARM.Collect$$libinit$$0000001F          0x000001e4   Section        0  libinit2.o(.ARM.Collect$$libinit$$0000001F)
    .ARM.Collect$$libinit$$00000021          0x000001e4   Section        0  libinit2.o(.ARM.Collect$$libinit$$00000021)
    .ARM.Collect$$libinit$$00000028          0x000001e4   Section        0  libinit2.o(.ARM.Collect$$libinit$$00000028)
    .ARM.Collect$$libinit$$0000002A          0x000001e4   Section        0  libinit2.o(.ARM.Collect$$libinit$$0000002A)
    .ARM.Collect$$libinit$$0000002C          0x000001e4   Section        0  libinit2.o(.ARM.Collect$$libinit$$0000002C)
    .ARM.Collect$$libinit$$0000002E          0x000001e4   Section        0  libinit2.o(.ARM.Collect$$libinit$$0000002E)
    .ARM.Collect$$libinit$$0000002F          0x000001e4   Section       12  libinit2.o(.ARM.Collect$$libinit$$0000002F)
    .ARM.Collect$$libshutdown$$00000000      0x000001f8   Section        4  libshutdown.o(.ARM.Collect$$libshutdown$$00000000)
    .ARM.Collect$$libshutdown$$00000003      0x000001fc   Section        0  libshutdown2.o(.ARM.Collect$$libshutdown$$00000003)
    .ARM.Collect$$libshutdown$$00000006      0x000001fc   Section        0  libshutdown2.o(.ARM.Collect$$libshutdown$$00000006)
    .ARM.Collect$$libshutdown$$00000009      0x000001fc   Section        0  libshutdown2.o(.ARM.Collect$$libshutdown$$00000009)
    .ARM.Collect$$libshutdown$$0000000B      0x000001fc   Section        0  libshutdown2.o(.ARM.Collect$$libshutdown$$0000000B)
    .ARM.Collect$$libshutdown$$0000000E      0x000001fc   Section        0  libshutdown2.o(.ARM.Collect$$libshutdown$$0000000E)
    .ARM.Collect$$libshutdown$$0000000F      0x000001fc   Section        6  libshutdown2.o(.ARM.Collect$$libshutdown$$0000000F)
    .ARM.Collect$$rtentry$$00000000          0x00000204   Section        0  rtentry.o(.ARM.Collect$$rtentry$$00000000)
    .ARM.Collect$$rtentry$$00000002          0x00000204   Section        0  rtentry2.o(.ARM.Collect$$rtentry$$00000002)
    .ARM.Collect$$rtentry$$00000004          0x00000204   Section        8  rtentry4.o(.ARM.Collect$$rtentry$$00000004)
    .ARM.Collect$$rtentry$$00000009          0x0000020c   Section        0  rtentry2.o(.ARM.Collect$$rtentry$$00000009)
    .ARM.Collect$$rtentry$$0000000A          0x0000020c   Section        4  rtentry2.o(.ARM.Collect$$rtentry$$0000000A)
    .ARM.Collect$$rtentry$$0000000C          0x00000210   Section        0  rtentry2.o(.ARM.Collect$$rtentry$$0000000C)
    .ARM.Collect$$rtentry$$0000000D          0x00000210   Section       40  rtentry2.o(.ARM.Collect$$rtentry$$0000000D)
    .ARM.Collect$$rtexit$$00000000           0x0000023c   Section        4  rtexit.o(.ARM.Collect$$rtexit$$00000000)
    .ARM.Collect$$rtexit$$00000002           0x00000240   Section        0  rtexit2.o(.ARM.Collect$$rtexit$$00000002)
    .ARM.Collect$$rtexit$$00000003           0x00000240   Section        4  rtexit2.o(.ARM.Collect$$rtexit$$00000003)
    .ARM.Collect$$rtexit$$00000004           0x00000244   Section        8  rtexit2.o(.ARM.Collect$$rtexit$$00000004)
    .text                                    0x0000024c   Section       32  startup.o(.text)
    .text                                    0x0000026c   Section        0  uart0.o(.text)
    .text                                    0x000004e4   Section        0  esp01.o(.text)
    .text                                    0x00001044   Section        0  lcd.o(.text)
    .text                                    0x000012e0   Section        0  delay.o(.text)
    .text                                    0x0000133c   Section        0  dht11.o(.text)
    .text                                    0x00001484   Section        0  i2c.o(.text)
    .text                                    0x000015f0   Section        0  i2c_eeprom.o(.text)
    .text                                    0x0000176c   Section        0  keypad.o(.text)
    .text                                    0x00001984   Section        0  external_interrupts_test.o(.text)
    .text                                    0x00001a0c   Section        0  pro_main.o(.text)
    .text                                    0x00001d7c   Section        0  rtc.o(.text)
    .text                                    0x00001ddc   Section        0  atoi.o(.text)
    .text                                    0x00001e04   Section        0  strchr.o(.text)
    .text                                    0x00001e24   Section        0  strstr.o(.text)
    .text                                    0x00001e58   Section        0  strcpy.o(.text)
    .text                                    0x00001ea8   Section       64  rt_memclr.o(.text)
    .text                                    0x00001ee8   Section      384  aeabi_sdiv.o(.text)
    __arm_div8                               0x00001f14   ARM Code       0  aeabi_sdiv.o(.text)
    __arm_div5                               0x00001f38   ARM Code       0  aeabi_sdiv.o(.text)
    __arm_div2                               0x00001f5c   ARM Code       0  aeabi_sdiv.o(.text)
    __arm_div_large                          0x00001f98   ARM Code       0  aeabi_sdiv.o(.text)
    .text                                    0x00002068   Section        0  heapauxi.o(.text)
    .text                                    0x00002074   Section       16  rt_errno_addr_intlibspace.o(.text)
    .text                                    0x00002084   Section        0  strtol.o(.text)
    .text                                    0x000020f8   Section       84  rt_memclr_w.o(.text)
    .text                                    0x0000214c   Section       12  libspace.o(.text)
    .text                                    0x0000215c   Section       24  rt_ctype_table.o(.text)
    .text                                    0x00002174   Section        0  _strtoul.o(.text)
    .text                                    0x00002220   Section       96  sys_stackheap_outer.o(.text)
    .text                                    0x00002284   Section       16  rt_locale_intlibspace.o(.text)
    .text                                    0x00002294   Section        0  _chval.o(.text)
    .text                                    0x000022b6   Section        0  exit.o(.text)
    .text                                    0x000022c4   Section      160  strcmp.o(.text)
    .text                                    0x0000236c   Section        0  sys_exit.o(.text)
    .text                                    0x00002378   Section       16  rt_fp_status_addr_intlibspace.o(.text)
    .text                                    0x00002388   Section        4  use_no_semi.o(.text)
    .text_udiv                               0x0000238c   Section       36  aeabi_sdiv.o(.text_udiv)
    locale$$code                             0x000023b4   Section       80  lc_ctype_c.o(locale$$code)
    x$fpl$fadd                               0x00002404   Section      196  faddsub_noclz.o(x$fpl$fadd)
    _fadd1                                   0x00002410   ARM Code       0  faddsub_noclz.o(x$fpl$fadd)
    x$fpl$ffix                               0x000024c8   Section       68  ffix.o(x$fpl$ffix)
    x$fpl$ffixu                              0x0000250c   Section       84  ffixu.o(x$fpl$ffixu)
    x$fpl$fflt                               0x00002560   Section       92  fflt_noclz.o(x$fpl$fflt)
    x$fpl$fmul                               0x000025bc   Section      256  fmul.o(x$fpl$fmul)
    x$fpl$fnaninf                            0x000026bc   Section      168  fnaninf.o(x$fpl$fnaninf)
    x$fpl$fpinit                             0x00002768   Section       24  fpinit.o(x$fpl$fpinit)
    x$fpl$fretinf                            0x00002780   Section       16  fretinf.o(x$fpl$fretinf)
    x$fpl$frsb                               0x00002790   Section       20  faddsub_noclz.o(x$fpl$frsb)
    x$fpl$fsub                               0x000027a4   Section      304  faddsub_noclz.o(x$fpl$fsub)
    _fsub1                                   0x000027b0   ARM Code       0  faddsub_noclz.o(x$fpl$fsub)
    .constdata                               0x000028d4   Section       71  esp01.o(.constdata)
    x$fpl$usenofp                            0x000028d4   Section        0  usenofp.o(x$fpl$usenofp)
    locale$$data                             0x0000293c   Section      272  lc_ctype_c.o(locale$$data)
    __lcctype_c_name                         0x00002940   Data           2  lc_ctype_c.o(locale$$data)
    __lcctype_c_start                        0x00002948   Data           0  lc_ctype_c.o(locale$$data)
    __lcctype_c_end                          0x00002a4c   Data           0  lc_ctype_c.o(locale$$data)
    .data                                    0x40000000   Section      355  uart0.o(.data)
    .data                                    0x40000163   Section        5  esp01.o(.data)
    .data                                    0x40000168   Section       24  keypad.o(.data)
    .data                                    0x40000180   Section        1  external_interrupts_test.o(.data)
    .data                                    0x40000181   Section        5  pro_main.o(.data)
    .bss                                     0x40000188   Section       96  libspace.o(.bss)
    HEAP                                     0x400001e8   Section        0  startup.o(HEAP)
    STACK                                    0x400001e8   Section     1160  startup.o(STACK)
    Heap_Mem                                 0x400001e8   Data           0  startup.o(HEAP)
    Stack_Mem                                0x400001e8   Data        1024  startup.o(STACK)
    Stack_Top                                0x40000670   Data           0  startup.o(STACK)

    Global Symbols

    Symbol Name                              Value     Ov Type        Size  Object(Section)

    BuildAttributes$$THM_ISAv1$ARM_ISAv4$S$PE$A:L22$X:L11$S22$IEEE1$IW$USESV6$~STKCKD$USESV7$~SHL$OSPACE$ROPI$EBA8$UX$STANDARDLIB$REQ8$PRES8$EABIv2 0x00000000   Number         0  anon$$obj.o ABSOLUTE
    __ARM_use_no_argv                        0x00000000   Number         0  pro_main.o ABSOLUTE
    __ARM_exceptions_init                     - Undefined Weak Reference
    __alloca_initialize                       - Undefined Weak Reference
    __cpp_initialize__aeabi_                  - Undefined Weak Reference
    __cxa_finalize                            - Undefined Weak Reference
    __sigvec_lookup                           - Undefined Weak Reference
    _atexit_init                              - Undefined Weak Reference
    _call_atexit_fns                          - Undefined Weak Reference
    _clock_init                               - Undefined Weak Reference
    _fp_trap_init                             - Undefined Weak Reference
    _fp_trap_shutdown                         - Undefined Weak Reference
    _get_lc_collate                           - Undefined Weak Reference
    _get_lc_monetary                          - Undefined Weak Reference
    _get_lc_numeric                           - Undefined Weak Reference
    _get_lc_time                              - Undefined Weak Reference
    _getenv_init                              - Undefined Weak Reference
    _handle_redirection                       - Undefined Weak Reference
    _init_alloc                               - Undefined Weak Reference
    _init_user_alloc                          - Undefined Weak Reference
    _initio                                   - Undefined Weak Reference
    _rand_init                                - Undefined Weak Reference
    _signal_finish                            - Undefined Weak Reference
    _signal_init                              - Undefined Weak Reference
    _terminate_alloc                          - Undefined Weak Reference
    _terminate_user_alloc                     - Undefined Weak Reference
    _terminateio                              - Undefined Weak Reference
    Reset_Handler                            0x00000058   ARM Code       0  startup.o(RESET)
    __main                                   0x00000110   ARM Code       8  __main.o(!!!main)
    __scatterload                            0x00000118   ARM Code       0  __scatter.o(!!!scatter)
    __scatterload_rt2                        0x00000118   ARM Code      52  __scatter.o(!!!scatter)
    __scatterload_null                       0x0000012c   ARM Code       0  __scatter.o(!!!scatter)
    __decompress                             0x00000154   ARM Code      68  __dczerorl.o(!!dczerorl)
    __decompress0                            0x00000154   ARM Code       0  __dczerorl.o(!!dczerorl)
    __scatterload_zeroinit                   0x00000198   ARM Code      44  __scatter_zi.o(!!handler_zi)
    Inline ARM to Thumb Veneer to __rt_lib_init 0x000001c4   ARM Code       8  libinit.o(.ARM.Collect$$libinit$$00000000)
    __rt_lib_init                            0x000001cd   Thumb Code     0  libinit.o(.ARM.Collect$$libinit$$00000000)
    __rt_lib_init_heap_1                     0x000001d3   Thumb Code     0  libinit2.o(.ARM.Collect$$libinit$$00000006)
    __rt_lib_init_lc_common                  0x000001d3   Thumb Code     0  libinit2.o(.ARM.Collect$$libinit$$0000000B)
    __rt_lib_init_rand_1                     0x000001d3   Thumb Code     0  libinit2.o(.ARM.Collect$$libinit$$0000000A)
    __rt_lib_init_user_alloc_1               0x000001d3   Thumb Code     0  libinit2.o(.ARM.Collect$$libinit$$00000008)
    __rt_lib_init_lc_collate_1               0x000001d9   Thumb Code     0  libinit2.o(.ARM.Collect$$libinit$$0000000D)
    __rt_lib_init_lc_ctype_2                 0x000001d9   Thumb Code     0  libinit2.o(.ARM.Collect$$libinit$$0000000E)
    __rt_lib_init_alloca_1                   0x000001e5   Thumb Code     0  libinit2.o(.ARM.Collect$$libinit$$0000002A)
    __rt_lib_init_argv_1                     0x000001e5   Thumb Code     0  libinit2.o(.ARM.Collect$$libinit$$00000028)
    __rt_lib_init_atexit_1                   0x000001e5   Thumb Code     0  libinit2.o(.ARM.Collect$$libinit$$00000017)
    __rt_lib_init_clock_1                    0x000001e5   Thumb Code     0  libinit2.o(.ARM.Collect$$libinit$$0000001D)
    __rt_lib_init_cpp_1                      0x000001e5   Thumb Code     0  libinit2.o(.ARM.Collect$$libinit$$0000002E)
    __rt_lib_init_exceptions_1               0x000001e5   Thumb Code     0  libinit2.o(.ARM.Collect$$libinit$$0000002C)
    __rt_lib_init_fp_trap_1                  0x000001e5   Thumb Code     0  libinit2.o(.ARM.Collect$$libinit$$0000001B)
    __rt_lib_init_getenv_1                   0x000001e5   Thumb Code     0  libinit2.o(.ARM.Collect$$libinit$$0000001F)
    __rt_lib_init_lc_ctype_1                 0x000001e5   Thumb Code     0  libinit2.o(.ARM.Collect$$libinit$$0000000F)
    __rt_lib_init_lc_monetary_1              0x000001e5   Thumb Code     0  libinit2.o(.ARM.Collect$$libinit$$00000011)
    __rt_lib_init_lc_numeric_1               0x000001e5   Thumb Code     0  libinit2.o(.ARM.Collect$$libinit$$00000013)
    __rt_lib_init_lc_time_1                  0x000001e5   Thumb Code     0  libinit2.o(.ARM.Collect$$libinit$$00000015)
    __rt_lib_init_return                     0x000001e5   Thumb Code     0  libinit2.o(.ARM.Collect$$libinit$$0000002F)
    __rt_lib_init_signal_1                   0x000001e5   Thumb Code     0  libinit2.o(.ARM.Collect$$libinit$$00000019)
    __rt_lib_init_stdio_1                    0x000001e5   Thumb Code     0  libinit2.o(.ARM.Collect$$libinit$$00000021)
    Inline ARM to Thumb Veneer to __rt_lib_shutdown 0x000001f0   ARM Code       8  libshutdown.o(.ARM.Collect$$libshutdown$$00000000)
    __rt_lib_shutdown                        0x000001f9   Thumb Code     0  libshutdown.o(.ARM.Collect$$libshutdown$$00000000)
    __rt_lib_shutdown_fp_trap_1              0x000001fd   Thumb Code     0  libshutdown2.o(.ARM.Collect$$libshutdown$$00000006)
    __rt_lib_shutdown_heap_1                 0x000001fd   Thumb Code     0  libshutdown2.o(.ARM.Collect$$libshutdown$$0000000E)
    __rt_lib_shutdown_return                 0x000001fd   Thumb Code     0  libshutdown2.o(.ARM.Collect$$libshutdown$$0000000F)
    __rt_lib_shutdown_signal_1               0x000001fd   Thumb Code     0  libshutdown2.o(.ARM.Collect$$libshutdown$$00000009)
    __rt_lib_shutdown_stdio_1                0x000001fd   Thumb Code     0  libshutdown2.o(.ARM.Collect$$libshutdown$$00000003)
    __rt_lib_shutdown_user_alloc_1           0x000001fd   Thumb Code     0  libshutdown2.o(.ARM.Collect$$libshutdown$$0000000B)
    __rt_entry                               0x00000204   ARM Code       0  rtentry.o(.ARM.Collect$$rtentry$$00000000)
    __rt_entry_presh_1                       0x00000204   ARM Code       0  rtentry2.o(.ARM.Collect$$rtentry$$00000002)
    __rt_entry_sh                            0x00000204   ARM Code       0  rtentry4.o(.ARM.Collect$$rtentry$$00000004)
    __rt_entry_li                            0x0000020c   ARM Code       0  rtentry2.o(.ARM.Collect$$rtentry$$0000000A)
    __rt_entry_postsh_1                      0x0000020c   ARM Code       0  rtentry2.o(.ARM.Collect$$rtentry$$00000009)
    __rt_entry_main                          0x00000210   ARM Code       0  rtentry2.o(.ARM.Collect$$rtentry$$0000000D)
    __rt_entry_postli_1                      0x00000210   ARM Code       0  rtentry2.o(.ARM.Collect$$rtentry$$0000000C)
    Inline Thumb to ARM Veneer to __rt_exit  0x00000239   Thumb Code     4  rtexit.o(.ARM.Collect$$rtexit$$00000000)
    __rt_exit                                0x0000023c   ARM Code       0  rtexit.o(.ARM.Collect$$rtexit$$00000000)
    __rt_exit_ls                             0x00000240   ARM Code       0  rtexit2.o(.ARM.Collect$$rtexit$$00000003)
    __rt_exit_prels_1                        0x00000240   ARM Code       0  rtexit2.o(.ARM.Collect$$rtexit$$00000002)
    __rt_exit_exit                           0x00000244   ARM Code       0  rtexit2.o(.ARM.Collect$$rtexit$$00000004)
    __user_initial_stackheap                 0x0000024c   ARM Code       0  startup.o(.text)
    UART0_isr                                0x0000026c   ARM Code     140  uart0.o(.text)
    InitUART0                                0x000002f8   ARM Code     108  uart0.o(.text)
    UART0_Tx                                 0x00000364   ARM Code      32  uart0.o(.text)
    UART0_Rx                                 0x00000384   ARM Code      32  uart0.o(.text)
    UART0_Str                                0x000003a4   ARM Code      40  uart0.o(.text)
    UART0_Int                                0x000003cc   ARM Code     148  uart0.o(.text)
    UART0_Float                              0x00000460   ARM Code     100  uart0.o(.text)
    esp01_connectAP                          0x000004e4   ARM Code    1224  esp01.o(.text)
    esp01_sendToThingspeak                   0x000009ac   ARM Code     848  esp01.o(.text)
    extract_sp                               0x00000cfc   ARM Code     244  esp01.o(.text)
    espo1_ReadfromThingspeak                 0x00000df0   ARM Code     596  esp01.o(.text)
    Write_LCD                                0x00001044   ARM Code      96  lcd.o(.text)
    Write_CMD_LCD                            0x000010a4   ARM Code      44  lcd.o(.text)
    LCD_Init                                 0x000010d0   ARM Code     176  lcd.o(.text)
    Write_DAT_LCD                            0x00001180   ARM Code      44  lcd.o(.text)
    Write_str_LCD                            0x000011ac   ARM Code      40  lcd.o(.text)
    Write_int_LCD                            0x000011d4   ARM Code     136  lcd.o(.text)
    Write_float_LCD                          0x0000125c   ARM Code     124  lcd.o(.text)
    delay_ms                                 0x000012e0   ARM Code      28  delay.o(.text)
    delay_us                                 0x000012fc   ARM Code      28  delay.o(.text)
    delay_s                                  0x00001318   ARM Code      28  delay.o(.text)
    dht11_request                            0x0000133c   ARM Code      76  dht11.o(.text)
    dht11_response                           0x00001388   ARM Code     104  dht11.o(.text)
    dht11_data                               0x000013f0   ARM Code     144  dht11.o(.text)
    init_i2c                                 0x00001484   ARM Code      48  i2c.o(.text)
    i2c_start                                0x000014b4   ARM Code      52  i2c.o(.text)
    i2c_restart                              0x000014e8   ARM Code      60  i2c.o(.text)
    i2c_write                                0x00001524   ARM Code      48  i2c.o(.text)
    i2c_stop                                 0x00001554   ARM Code      24  i2c.o(.text)
    i2c_nack                                 0x0000156c   ARM Code      56  i2c.o(.text)
    i2c_masterack                            0x000015a4   ARM Code      68  i2c.o(.text)
    i2c_eeprom_write                         0x000015f0   ARM Code      76  i2c_eeprom.o(.text)
    i2c_eeprom_read                          0x0000163c   ARM Code      88  i2c_eeprom.o(.text)
    i2c_eeprom_page_write                    0x00001694   ARM Code      96  i2c_eeprom.o(.text)
    i2c_eeprom_seq_read                      0x000016f4   ARM Code     120  i2c_eeprom.o(.text)
    initkpm                                  0x0000176c   ARM Code      24  keypad.o(.text)
    colscan                                  0x00001784   ARM Code      48  keypad.o(.text)
    Rowcheck                                 0x000017b4   ARM Code     120  keypad.o(.text)
    colcheck                                 0x0000182c   ARM Code      72  keypad.o(.text)
    keyscan                                  0x00001874   ARM Code      72  keypad.o(.text)
    Readnum                                  0x000018bc   ARM Code     184  keypad.o(.text)
    eint0_isr                                0x00001984   ARM Code      40  external_interrupts_test.o(.text)
    Enable_EINT0                             0x000019ac   ARM Code      84  external_interrupts_test.o(.text)
    main                                     0x00001a0c   ARM Code     880  pro_main.o(.text)
    RTC_Init                                 0x00001d7c   ARM Code      60  rtc.o(.text)
    RTCSetTime                               0x00001db8   ARM Code      20  rtc.o(.text)
    Inline ARM to Thumb Veneer to atoi       0x00001dd4   ARM Code       8  atoi.o(.text)
    atoi                                     0x00001ddd   Thumb Code    30  atoi.o(.text)
    Inline ARM to Thumb Veneer to strchr     0x00001dfc   ARM Code       8  strchr.o(.text)
    strchr                                   0x00001e05   Thumb Code    22  strchr.o(.text)
    Inline ARM to Thumb Veneer to strstr     0x00001e1c   ARM Code       8  strstr.o(.text)
    strstr                                   0x00001e25   Thumb Code    42  strstr.o(.text)
    Inline ARM to Thumb Veneer to strcpy     0x00001e50   ARM Code       8  strcpy.o(.text)
    strcpy                                   0x00001e59   Thumb Code    74  strcpy.o(.text)
    __aeabi_memclr                           0x00001ea8   ARM Code       0  rt_memclr.o(.text)
    __rt_memclr                              0x00001ea8   ARM Code      64  rt_memclr.o(.text)
    _memset                                  0x00001eac   ARM Code       0  rt_memclr.o(.text)
    __aeabi_idiv                             0x00001ee8   ARM Code       0  aeabi_sdiv.o(.text)
    __aeabi_idivmod                          0x00001ee8   ARM Code     384  aeabi_sdiv.o(.text)
    __use_two_region_memory                  0x00002069   Thumb Code     2  heapauxi.o(.text)
    __rt_heap_escrow$2region                 0x0000206b   Thumb Code     2  heapauxi.o(.text)
    __rt_heap_expand$2region                 0x0000206d   Thumb Code     2  heapauxi.o(.text)
    Inline Thumb to ARM Veneer to __aeabi_errno_addr 0x00002071   Thumb Code     4  rt_errno_addr_intlibspace.o(.text)
    __aeabi_errno_addr                       0x00002074   ARM Code      16  rt_errno_addr_intlibspace.o(.text)
    __errno$intlibspace                      0x00002074   ARM Code       0  rt_errno_addr_intlibspace.o(.text)
    __rt_errno_addr$intlibspace              0x00002074   ARM Code       0  rt_errno_addr_intlibspace.o(.text)
    strtol                                   0x00002085   Thumb Code   112  strtol.o(.text)
    __aeabi_memclr4                          0x000020f8   ARM Code       0  rt_memclr_w.o(.text)
    __aeabi_memclr8                          0x000020f8   ARM Code       0  rt_memclr_w.o(.text)
    __rt_memclr_w                            0x000020f8   ARM Code      84  rt_memclr_w.o(.text)
    _memset_w                                0x000020fc   ARM Code       0  rt_memclr_w.o(.text)
    __user_libspace                          0x0000214c   ARM Code      12  libspace.o(.text)
    __user_perproc_libspace                  0x0000214c   ARM Code       0  libspace.o(.text)
    __user_perthread_libspace                0x0000214c   ARM Code       0  libspace.o(.text)
    Inline Thumb to ARM Veneer to __rt_ctype_table 0x00002159   Thumb Code     4  rt_ctype_table.o(.text)
    __rt_ctype_table                         0x0000215c   ARM Code      24  rt_ctype_table.o(.text)
    _strtoul                                 0x00002175   Thumb Code   170  _strtoul.o(.text)
    __user_setup_stackheap                   0x00002220   ARM Code      96  sys_stackheap_outer.o(.text)
    Inline Thumb to ARM Veneer to __rt_locale 0x00002281   Thumb Code     4  rt_locale_intlibspace.o(.text)
    __rt_locale                              0x00002284   ARM Code      16  rt_locale_intlibspace.o(.text)
    _chval                                   0x00002295   Thumb Code    34  _chval.o(.text)
    exit                                     0x000022b7   Thumb Code    12  exit.o(.text)
    strcmp                                   0x000022c4   ARM Code     156  strcmp.o(.text)
    Inline ARM to Thumb Veneer to _sys_exit  0x00002364   ARM Code       8  sys_exit.o(.text)
    _sys_exit                                0x0000236d   Thumb Code     8  sys_exit.o(.text)
    __rt_fp_status_addr                      0x00002378   ARM Code      16  rt_fp_status_addr_intlibspace.o(.text)
    __I$use$semihosting                      0x00002388   ARM Code       0  use_no_semi.o(.text)
    __use_no_semihosting_swi                 0x00002388   ARM Code       4  use_no_semi.o(.text)
    __aeabi_uidiv                            0x0000238c   ARM Code       0  aeabi_sdiv.o(.text_udiv)
    __aeabi_uidivmod                         0x0000238c   ARM Code      36  aeabi_sdiv.o(.text_udiv)
    Inline Thumb to ARM Veneer to _get_lc_ctype 0x000023b1   Thumb Code     4  lc_ctype_c.o(locale$$code)
    _get_lc_ctype                            0x000023b4   ARM Code      80  lc_ctype_c.o(locale$$code)
    __aeabi_fadd                             0x00002404   ARM Code       0  faddsub_noclz.o(x$fpl$fadd)
    _fadd                                    0x00002404   ARM Code     196  faddsub_noclz.o(x$fpl$fadd)
    __aeabi_f2iz                             0x000024c8   ARM Code       0  ffix.o(x$fpl$ffix)
    _ffix                                    0x000024c8   ARM Code      68  ffix.o(x$fpl$ffix)
    __aeabi_f2uiz                            0x0000250c   ARM Code       0  ffixu.o(x$fpl$ffixu)
    _ffixu                                   0x0000250c   ARM Code      84  ffixu.o(x$fpl$ffixu)
    __aeabi_i2f                              0x00002560   ARM Code       0  fflt_noclz.o(x$fpl$fflt)
    _fflt                                    0x00002560   ARM Code      92  fflt_noclz.o(x$fpl$fflt)
    __fflt_normalise                         0x0000256c   ARM Code       0  fflt_noclz.o(x$fpl$fflt)
    __aeabi_fmul                             0x000025bc   ARM Code       0  fmul.o(x$fpl$fmul)
    _fmul                                    0x000025bc   ARM Code     256  fmul.o(x$fpl$fmul)
    __fpl_fnaninf                            0x000026bc   ARM Code     168  fnaninf.o(x$fpl$fnaninf)
    Inline Thumb to ARM Veneer to _fp_init   0x00002765   Thumb Code     4  fpinit.o(x$fpl$fpinit)
    _fp_init                                 0x00002768   ARM Code      24  fpinit.o(x$fpl$fpinit)
    __fplib_config_pureend_doubles           0x00002778   ARM Code       0  fpinit.o(x$fpl$fpinit)
    __fpl_fretinf                            0x00002780   ARM Code      16  fretinf.o(x$fpl$fretinf)
    __aeabi_frsub                            0x00002790   ARM Code       0  faddsub_noclz.o(x$fpl$frsb)
    _frsb                                    0x00002790   ARM Code      20  faddsub_noclz.o(x$fpl$frsb)
    __aeabi_fsub                             0x000027a4   ARM Code       0  faddsub_noclz.o(x$fpl$fsub)
    _fsub                                    0x000027a4   ARM Code     304  faddsub_noclz.o(x$fpl$fsub)
    __I$use$fp                               0x000028d4   ARM Code       0  usenofp.o(x$fpl$usenofp)
    Region$$Table$$Base                      0x0000291c   Number         0  anon$$obj.o(Region$$Table)
    Region$$Table$$Limit                     0x0000293c   Number         0  anon$$obj.o(Region$$Table)
    __ctype                                  0x00002949   Data           0  lc_ctype_c.o(locale$$data)
    buff                                     0x40000000   Data         350  uart0.o(.data)
    i                                        0x4000015e   Data           2  uart0.o(.data)
    dummy                                    0x40000160   Data           1  uart0.o(.data)
    ch                                       0x40000161   Data           1  uart0.o(.data)
    r_flag                                   0x40000162   Data           1  uart0.o(.data)
    r                                        0x40000163   Data           5  esp01.o(.data)
    kpmlut                                   0x40000168   Data          16  keypad.o(.data)
    codes                                    0x40000178   Data           4  keypad.o(.data)
    num                                      0x4000017c   Data           4  keypad.o(.data)
    i_flag                                   0x40000180   Data           1  external_interrupts_test.o(.data)
    k                                        0x40000181   Data           1  pro_main.o(.data)
    rt                                       0x40000182   Data           1  pro_main.o(.data)
    rsp                                      0x40000183   Data           1  pro_main.o(.data)
    temp                                     0x40000184   Data           1  pro_main.o(.data)
    min                                      0x40000185   Data           1  pro_main.o(.data)
    __libspace_start                         0x40000188   Data          96  libspace.o(.bss)
    __temporary_stack_top$libspace           0x400001e8   Data           0  libspace.o(.bss)



==============================================================================

Memory Map of the image

  Image Entry point : 0x00000110

  Load Region LR_IROM1 (Base: 0x00000000, Size: 0x00002bd4, Max: 0x00080000, ABSOLUTE, COMPRESSED[0x00002a6c])

    Execution Region ER_IROM1 (Base: 0x00000000, Size: 0x00002a4c, Max: 0x00080000, ABSOLUTE)

    Base Addr    Size         Type   Attr      Idx    E Section Name        Object

    0x00000000   0x00000110   Code   RO            3    RESET               startup.o
    0x00000110   0x00000008   Code   RO          255  * !!!main             c_t.l(__main.o)(c_t.l)
    0x00000118   0x0000003c   Code   RO          481    !!!scatter          c_t.l(__scatter.o)(c_t.l)
    0x00000154   0x00000044   Code   RO          479    !!dczerorl          c_t.l(__dczerorl.o)(c_t.l)
    0x00000198   0x0000002c   Code   RO          483    !!handler_zi        c_t.l(__scatter_zi.o)(c_t.l)
    0x000001c4   0x00000008   Ven    RO          348    .ARM.Collect$$libinit$$00000000  c_t.l(libinit.o)(c_t.l)
    0x000001cc   0x00000006   Code   RO          348    .ARM.Collect$$libinit$$00000000  c_t.l(libinit.o)(c_t.l)
    0x000001d2   0x00000000   Code   RO          361    .ARM.Collect$$libinit$$00000006  c_t.l(libinit2.o)(c_t.l)
    0x000001d2   0x00000000   Code   RO          363    .ARM.Collect$$libinit$$00000008  c_t.l(libinit2.o)(c_t.l)
    0x000001d2   0x00000000   Code   RO          365    .ARM.Collect$$libinit$$0000000A  c_t.l(libinit2.o)(c_t.l)
    0x000001d2   0x00000006   Code   RO          366    .ARM.Collect$$libinit$$0000000B  c_t.l(libinit2.o)(c_t.l)
    0x000001d8   0x00000000   Code   RO          368    .ARM.Collect$$libinit$$0000000D  c_t.l(libinit2.o)(c_t.l)
    0x000001d8   0x0000000c   Code   RO          369    .ARM.Collect$$libinit$$0000000E  c_t.l(libinit2.o)(c_t.l)
    0x000001e4   0x00000000   Code   RO          370    .ARM.Collect$$libinit$$0000000F  c_t.l(libinit2.o)(c_t.l)
    0x000001e4   0x00000000   Code   RO          372    .ARM.Collect$$libinit$$00000011  c_t.l(libinit2.o)(c_t.l)
    0x000001e4   0x00000000   Code   RO          374    .ARM.Collect$$libinit$$00000013  c_t.l(libinit2.o)(c_t.l)
    0x000001e4   0x00000000   Code   RO          376    .ARM.Collect$$libinit$$00000015  c_t.l(libinit2.o)(c_t.l)
    0x000001e4   0x00000000   Code   RO          378    .ARM.Collect$$libinit$$00000017  c_t.l(libinit2.o)(c_t.l)
    0x000001e4   0x00000000   Code   RO          380    .ARM.Collect$$libinit$$00000019  c_t.l(libinit2.o)(c_t.l)
    0x000001e4   0x00000000   Code   RO          382    .ARM.Collect$$libinit$$0000001B  c_t.l(libinit2.o)(c_t.l)
    0x000001e4   0x00000000   Code   RO          384    .ARM.Collect$$libinit$$0000001D  c_t.l(libinit2.o)(c_t.l)
    0x000001e4   0x00000000   Code   RO          386    .ARM.Collect$$libinit$$0000001F  c_t.l(libinit2.o)(c_t.l)
    0x000001e4   0x00000000   Code   RO          388    .ARM.Collect$$libinit$$00000021  c_t.l(libinit2.o)(c_t.l)
    0x000001e4   0x00000000   Code   RO          392    .ARM.Collect$$libinit$$00000028  c_t.l(libinit2.o)(c_t.l)
    0x000001e4   0x00000000   Code   RO          394    .ARM.Collect$$libinit$$0000002A  c_t.l(libinit2.o)(c_t.l)
    0x000001e4   0x00000000   Code   RO          396    .ARM.Collect$$libinit$$0000002C  c_t.l(libinit2.o)(c_t.l)
    0x000001e4   0x00000000   Code   RO          398    .ARM.Collect$$libinit$$0000002E  c_t.l(libinit2.o)(c_t.l)
    0x000001e4   0x0000000c   Code   RO          399    .ARM.Collect$$libinit$$0000002F  c_t.l(libinit2.o)(c_t.l)
    0x000001f0   0x00000008   Ven    RO          437    .ARM.Collect$$libshutdown$$00000000  c_t.l(libshutdown.o)(c_t.l)
    0x000001f8   0x00000004   Code   RO          437    .ARM.Collect$$libshutdown$$00000000  c_t.l(libshutdown.o)(c_t.l)
    0x000001fc   0x00000000   Code   RO          464    .ARM.Collect$$libshutdown$$00000003  c_t.l(libshutdown2.o)(c_t.l)
    0x000001fc   0x00000000   Code   RO          467    .ARM.Collect$$libshutdown$$00000006  c_t.l(libshutdown2.o)(c_t.l)
    0x000001fc   0x00000000   Code   RO          470    .ARM.Collect$$libshutdown$$00000009  c_t.l(libshutdown2.o)(c_t.l)
    0x000001fc   0x00000000   Code   RO          472    .ARM.Collect$$libshutdown$$0000000B  c_t.l(libshutdown2.o)(c_t.l)
    0x000001fc   0x00000000   Code   RO          475    .ARM.Collect$$libshutdown$$0000000E  c_t.l(libshutdown2.o)(c_t.l)
    0x000001fc   0x00000006   Code   RO          476    .ARM.Collect$$libshutdown$$0000000F  c_t.l(libshutdown2.o)(c_t.l)
    0x00000202   0x00000002   PAD
    0x00000204   0x00000000   Code   RO          277    .ARM.Collect$$rtentry$$00000000  c_t.l(rtentry.o)(c_t.l)
    0x00000204   0x00000000   Code   RO          301    .ARM.Collect$$rtentry$$00000002  c_t.l(rtentry2.o)(c_t.l)
    0x00000204   0x00000008   Code   RO          316    .ARM.Collect$$rtentry$$00000004  c_t.l(rtentry4.o)(c_t.l)
    0x0000020c   0x00000000   Code   RO          303    .ARM.Collect$$rtentry$$00000009  c_t.l(rtentry2.o)(c_t.l)
    0x0000020c   0x00000004   Code   RO          304    .ARM.Collect$$rtentry$$0000000A  c_t.l(rtentry2.o)(c_t.l)
    0x00000210   0x00000000   Code   RO          306    .ARM.Collect$$rtentry$$0000000C  c_t.l(rtentry2.o)(c_t.l)
    0x00000210   0x00000028   Code   RO          307    .ARM.Collect$$rtentry$$0000000D  c_t.l(rtentry2.o)(c_t.l)
    0x00000238   0x00000004   Ven    RO          349    .ARM.Collect$$rtexit$$00000000  c_t.l(rtexit.o)(c_t.l)
    0x0000023c   0x00000004   Code   RO          349    .ARM.Collect$$rtexit$$00000000  c_t.l(rtexit.o)(c_t.l)
    0x00000240   0x00000000   Code   RO          405    .ARM.Collect$$rtexit$$00000002  c_t.l(rtexit2.o)(c_t.l)
    0x00000240   0x00000004   Code   RO          406    .ARM.Collect$$rtexit$$00000003  c_t.l(rtexit2.o)(c_t.l)
    0x00000244   0x00000008   Code   RO          407    .ARM.Collect$$rtexit$$00000004  c_t.l(rtexit2.o)(c_t.l)
    0x0000024c   0x00000020   Code   RO            4    .text               startup.o
    0x0000026c   0x00000278   Code   RO           11    .text               uart0.o
    0x000004e4   0x00000b60   Code   RO           33    .text               esp01.o
    0x00001044   0x0000029c   Code   RO           65    .text               lcd.o
    0x000012e0   0x0000005c   Code   RO           83    .text               delay.o
    0x0000133c   0x00000148   Code   RO           95    .text               dht11.o
    0x00001484   0x0000016c   Code   RO          110    .text               i2c.o
    0x000015f0   0x0000017c   Code   RO          125    .text               i2c_eeprom.o
    0x0000176c   0x00000218   Code   RO          140    .text               keypad.o
    0x00001984   0x00000088   Code   RO          161    .text               external_interrupts_test.o
    0x00001a0c   0x00000370   Code   RO          179    .text               pro_main.o
    0x00001d7c   0x00000058   Code   RO          210    .text               rtc.o
    0x00001dd4   0x00000008   Ven    RO          227    .text               c_t.l(atoi.o)(c_t.l)
    0x00001ddc   0x0000001e   Code   RO          227    .text               c_t.l(atoi.o)(c_t.l)
    0x00001dfa   0x00000002   PAD
    0x00001dfc   0x00000008   Ven    RO          229    .text               c_t.l(strchr.o)(c_t.l)
    0x00001e04   0x00000016   Code   RO          229    .text               c_t.l(strchr.o)(c_t.l)
    0x00001e1a   0x00000002   PAD
    0x00001e1c   0x00000008   Ven    RO          231    .text               c_t.l(strstr.o)(c_t.l)
    0x00001e24   0x0000002a   Code   RO          231    .text               c_t.l(strstr.o)(c_t.l)
    0x00001e4e   0x00000002   PAD
    0x00001e50   0x00000008   Ven    RO          233    .text               c_t.l(strcpy.o)(c_t.l)
    0x00001e58   0x00000050   Code   RO          233    .text               c_t.l(strcpy.o)(c_t.l)
    0x00001ea8   0x00000040   Code   RO          235    .text               c_t.l(rt_memclr.o)(c_t.l)
    0x00001ee8   0x00000180   Code   RO          237    .text               c_t.l(aeabi_sdiv.o)(c_t.l)
    0x00002068   0x00000006   Code   RO          253    .text               c_t.l(heapauxi.o)(c_t.l)
    0x0000206e   0x00000002   PAD
    0x00002070   0x00000004   Ven    RO          286    .text               c_t.l(rt_errno_addr_intlibspace.o)(c_t.l)
    0x00002074   0x00000010   Code   RO          286    .text               c_t.l(rt_errno_addr_intlibspace.o)(c_t.l)
    0x00002084   0x00000074   Code   RO          288    .text               c_t.l(strtol.o)(c_t.l)
    0x000020f8   0x00000054   Code   RO          290    .text               c_t.l(rt_memclr_w.o)(c_t.l)
    0x0000214c   0x0000000c   Code   RO          297    .text               c_t.l(libspace.o)(c_t.l)
    0x00002158   0x00000004   Ven    RO          318    .text               c_t.l(rt_ctype_table.o)(c_t.l)
    0x0000215c   0x00000018   Code   RO          318    .text               c_t.l(rt_ctype_table.o)(c_t.l)
    0x00002174   0x000000aa   Code   RO          322    .text               c_t.l(_strtoul.o)(c_t.l)
    0x0000221e   0x00000002   PAD
    0x00002220   0x00000060   Code   RO          324    .text               c_t.l(sys_stackheap_outer.o)(c_t.l)
    0x00002280   0x00000004   Ven    RO          329    .text               c_t.l(rt_locale_intlibspace.o)(c_t.l)
    0x00002284   0x00000010   Code   RO          329    .text               c_t.l(rt_locale_intlibspace.o)(c_t.l)
    0x00002294   0x00000022   Code   RO          331    .text               c_t.l(_chval.o)(c_t.l)
    0x000022b6   0x0000000c   Code   RO          336    .text               c_t.l(exit.o)(c_t.l)
    0x000022c2   0x00000002   PAD
    0x000022c4   0x000000a0   Code   RO          357    .text               c_t.l(strcmp.o)(c_t.l)
    0x00002364   0x00000008   Ven    RO          402    .text               c_t.l(sys_exit.o)(c_t.l)
    0x0000236c   0x0000000c   Code   RO          402    .text               c_t.l(sys_exit.o)(c_t.l)
    0x00002378   0x00000010   Code   RO          415    .text               c_t.l(rt_fp_status_addr_intlibspace.o)(c_t.l)
    0x00002388   0x00000004   Code   RO          427    .text               c_t.l(use_no_semi.o)(c_t.l)
    0x0000238c   0x00000024   Code   RO          238    .text_udiv          c_t.l(aeabi_sdiv.o)(c_t.l)
    0x000023b0   0x00000004   Ven    RO          334    locale$$code        c_t.l(lc_ctype_c.o)(c_t.l)
    0x000023b4   0x00000050   Code   RO          334    locale$$code        c_t.l(lc_ctype_c.o)(c_t.l)
    0x00002404   0x000000c4   Code   RO          257    x$fpl$fadd          fz_ts.l(faddsub_noclz.o)(fz_ts.l)
    0x000024c8   0x00000044   Code   RO          263    x$fpl$ffix          fz_ts.l(ffix.o)(fz_ts.l)
    0x0000250c   0x00000054   Code   RO          267    x$fpl$ffixu         fz_ts.l(ffixu.o)(fz_ts.l)
    0x00002560   0x0000005c   Code   RO          272    x$fpl$fflt          fz_ts.l(fflt_noclz.o)(fz_ts.l)
    0x000025bc   0x00000100   Code   RO          275    x$fpl$fmul          fz_ts.l(fmul.o)(fz_ts.l)
    0x000026bc   0x000000a8   Code   RO          292    x$fpl$fnaninf       fz_ts.l(fnaninf.o)(fz_ts.l)
    0x00002764   0x00000004   Ven    RO          400    x$fpl$fpinit        fz_ts.l(fpinit.o)(fz_ts.l)
    0x00002768   0x00000018   Code   RO          400    x$fpl$fpinit        fz_ts.l(fpinit.o)(fz_ts.l)
    0x00002780   0x00000010   Code   RO          294    x$fpl$fretinf       fz_ts.l(fretinf.o)(fz_ts.l)
    0x00002790   0x00000014   Code   RO          258    x$fpl$frsb          fz_ts.l(faddsub_noclz.o)(fz_ts.l)
    0x000027a4   0x00000130   Code   RO          259    x$fpl$fsub          fz_ts.l(faddsub_noclz.o)(fz_ts.l)
    0x000028d4   0x00000000   Code   RO          296    x$fpl$usenofp       fz_ts.l(usenofp.o)(fz_ts.l)
    0x000028d4   0x00000047   Data   RO           34    .constdata          esp01.o
    0x0000291b   0x00000001   PAD
    0x0000291c   0x00000020   Data   RO          477    Region$$Table       anon$$obj.o
    0x0000293c   0x00000110   Data   RO          333    locale$$data        c_t.l(lc_ctype_c.o)(c_t.l)


    Execution Region RW_IRAM1 (Base: 0x40000000, Size: 0x00000670, Max: 0x00008000, ABSOLUTE, COMPRESSED[0x00000020])

    Base Addr    Size         Type   Attr      Idx    E Section Name        Object

    0x40000000   0x00000163   Data   RW           12    .data               uart0.o
    0x40000163   0x00000005   Data   RW           35    .data               esp01.o
    0x40000168   0x00000018   Data   RW          141    .data               keypad.o
    0x40000180   0x00000001   Data   RW          162    .data               external_interrupts_test.o
    0x40000181   0x00000005   Data   RW          180    .data               pro_main.o
    0x40000186   0x00000002   PAD
    0x40000188   0x00000060   Zero   RW          298    .bss                c_t.l(libspace.o)(c_t.l)
    0x400001e8   0x00000000   Zero   RW            2    HEAP                startup.o
    0x400001e8   0x00000488   Zero   RW            1    STACK               startup.o


==============================================================================

Image component sizes


      Code (inc. data)   RO Data    RW Data    ZI Data      Debug   Object Name

        92          8          0          0          0          0   delay.o
       328          4          0          0          0          0   dht11.o
      2912        512         71          5          0          0   esp01.o
       136         12          0          1          0          0   external_interrupts_test.o
       364          8          0          0          0          0   i2c.o
       380          0          0          0          0          0   i2c_eeprom.o
       536         16          0         24          0          0   keypad.o
       668          8          0          0          0          0   lcd.o
       880        104          0          5          0          0   pro_main.o
        88          8          0          0          0          0   rtc.o
       304         60          0          0       1160          0   startup.o
       632         32          0        355          0          0   uart0.o

    ----------------------------------------------------------------------
      7320        772        104        392       1160          0   Object Totals
         0          0         32          0          0          0   (incl. Generated)
         0          0          1          2          0          0   (incl. Padding)

    ----------------------------------------------------------------------

      Code (inc. data)   RO Data    RW Data    ZI Data      Debug   Library Member Name

        68          2          0          0          0          0   __dczerorl.o
         8          0          0          0          0          0   __main.o
        60          8          0          0          0          0   __scatter.o
        44          0          0          0          0          0   __scatter_zi.o
        34          0          0          0          0          0   _chval.o
       170          0          0          0          0          0   _strtoul.o
       420          0          0          0          0          0   aeabi_sdiv.o
        38          0          0          0          0          0   atoi.o
        12          0          0          0          0          0   exit.o
         6          0          0          0          0          0   heapauxi.o
        84          8        272          0          0          0   lc_ctype_c.o
        14          0          0          0          0          0   libinit.o
        30          0          0          0          0          0   libinit2.o
        12          0          0          0          0          0   libshutdown.o
         6          0          0          0          0          0   libshutdown2.o
        12          4          0          0         96          0   libspace.o
        28          4          0          0          0          0   rt_ctype_table.o
        20          4          0          0          0          0   rt_errno_addr_intlibspace.o
        16          4          0          0          0          0   rt_fp_status_addr_intlibspace.o
        20          4          0          0          0          0   rt_locale_intlibspace.o
        64          0          0          0          0          0   rt_memclr.o
        84          0          0          0          0          0   rt_memclr_w.o
         0          0          0          0          0          0   rtentry.o
        44          4          0          0          0          0   rtentry2.o
         8          0          0          0          0          0   rtentry4.o
         8          0          0          0          0          0   rtexit.o
        12          0          0          0          0          0   rtexit2.o
        30          0          0          0          0          0   strchr.o
       160          4          0          0          0          0   strcmp.o
        88          6          0          0          0          0   strcpy.o
        50          0          0          0          0          0   strstr.o
       116          4          0          0          0          0   strtol.o
        20          4          0          0          0          0   sys_exit.o
        96          0          0          0          0          0   sys_stackheap_outer.o
         4          0          0          0          0          0   use_no_semi.o
       520          8          0          0          0          0   faddsub_noclz.o
        68          4          0          0          0          0   ffix.o
        84          4          0          0          0          0   ffixu.o
        92          0          0          0          0          0   fflt_noclz.o
       256          4          0          0          0          0   fmul.o
       168          0          0          0          0          0   fnaninf.o
        28          0          0          0          0          0   fpinit.o
        16          0          0          0          0          0   fretinf.o
         0          0          0          0          0          0   usenofp.o

    ----------------------------------------------------------------------
      3132         80        272          0         96          0   Library Totals
        14          0          0          0          0          0   (incl. Padding)

    ----------------------------------------------------------------------

      Code (inc. data)   RO Data    RW Data    ZI Data      Debug   Library Name

      1886         60        272          0         96       1840   c_t.l
      1232         20          0          0          0        804   fz_ts.l

    ----------------------------------------------------------------------
      3132         80        272          0         96          0   Library Totals

    ----------------------------------------------------------------------

==============================================================================


      Code (inc. data)   RO Data    RW Data    ZI Data      Debug   

     10452        852        376        392       1256      20588   Grand Totals
     10452        852        376         32       1256      20588   ELF Image Totals (compressed)
     10452        852        376         32          0          0   ROM Totals

==============================================================================

    Total RO  Size (Code + RO Data)                10828 (  10.57kB)
    Total RW  Size (RW Data + ZI Data)              1648 (   1.61kB)
    Total ROM Size (Code + RO Data + RW Data)      10860 (  10.61kB)

==============================================================================

