ARM Linker, 4.1 [Build 481] [Evaluation]

==============================================================================

Section Cross References

    startup.o(STACK) refers (Special) to heapauxi.o(.text) for __use_two_region_memory
    startup.o(HEAP) refers (Special) to heapauxi.o(.text) for __use_two_region_memory
    startup.o(RESET) refers (Special) to heapauxi.o(.text) for __use_two_region_memory
    startup.o(RESET) refers to startup.o(STACK) for Stack_Top
    startup.o(RESET) refers to __main.o(!!!main) for __main
    startup.o(.text) refers (Special) to heapauxi.o(.text) for __use_two_region_memory
    startup.o(.text) refers to startup.o(HEAP) for Heap_Mem
    startup.o(.text) refers to startup.o(STACK) for Stack_Mem
    uart0.o(.text) refers to aeabi_sdiv.o(.text_udiv) for __aeabi_uidivmod
    uart0.o(.text) refers to ffix.o(x$fpl$ffix) for __aeabi_f2iz
    uart0.o(.text) refers to fflt_noclz.o(x$fpl$fflt) for __aeabi_i2f
    uart0.o(.text) refers to faddsub_noclz.o(x$fpl$frsb) for __aeabi_frsub
    uart0.o(.text) refers to fmul.o(x$fpl$fmul) for __aeabi_fmul
    uart0.o(.text) refers to uart0.o(.data) for ch
    esp01.o(.text) refers to lcd.o(.text) for Write_CMD_LCD
    esp01.o(.text) refers to delay.o(.text) for delay_ms
    esp01.o(.text) refers to uart0.o(.text) for UART0_Str
    esp01.o(.text) refers to rt_memclr.o(.text) for __aeabi_memclr
    esp01.o(.text) refers to strstr.o(.text) for strstr
    esp01.o(.text) refers to uart0.o(.data) for i
    esp01.o(.text) refers to atoi.o(.text) for atoi
    esp01.o(.text) refers to esp01.o(.constdata) for .constdata
    lcd.o(.text) refers to delay.o(.text) for delay_ms
    lcd.o(.text) refers to aeabi_sdiv.o(.text) for __aeabi_idivmod
    lcd.o(.text) refers to ffixu.o(x$fpl$ffixu) for __aeabi_f2uiz
    lcd.o(.text) refers to fmul.o(x$fpl$fmul) for __aeabi_fmul
    lcd.o(.text) refers to aeabi_sdiv.o(.text_udiv) for __aeabi_uidivmod
    dht11.o(.text) refers to delay.o(.text) for delay_ms
    i2c_eeprom.o(.text) refers to i2c.o(.text) for i2c_start
    i2c_eeprom.o(.text) refers to delay.o(.text) for delay_ms
    keypad.o(.text) refers to lcd.o(.text) for Write_CMD_LCD
    keypad.o(.text) refers to delay.o(.text) for delay_ms
    keypad.o(.text) refers to atoi.o(.text) for atoi
    keypad.o(.text) refers to keypad.o(.data) for codes
    external_interrupts_test.o(.text) refers to external_interrupts_test.o(.data) for i_flag
    pro_main.o(.text) refers to uart0.o(.text) for InitUART0
    pro_main.o(.text) refers to lcd.o(.text) for LCD_Init
    pro_main.o(.text) refers to i2c.o(.text) for init_i2c
    pro_main.o(.text) refers to keypad.o(.text) for initkpm
    pro_main.o(.text) refers to external_interrupts_test.o(.text) for Enable_EINT0
    pro_main.o(.text) refers to rtc.o(.text) for RTC_Init
    pro_main.o(.text) refers to esp01.o(.text) for esp01_connectAP
    pro_main.o(.text) refers to i2c_eeprom.o(.text) for i2c_eeprom_write
    pro_main.o(.text) refers to delay.o(.text) for delay_ms
    pro_main.o(.text) refers to dht11.o(.text) for dht11_request
    pro_main.o(.text) refers to pro_main.o(.data) for rt
    pro_main.o(.text) refers to external_interrupts_test.o(.data) for i_flag
    atoi.o(.text) refers to rt_errno_addr_intlibspace.o(.text) for __aeabi_errno_addr
    atoi.o(.text) refers to strtol.o(.text) for strtol
    rt_memclr.o(.text) refers to rt_memclr_w.o(.text) for _memset_w
    aeabi_sdiv.o(.text_udiv) refers to aeabi_sdiv.o(.text) for __arm_div2
    aeabi_sdiv_div0.o(.text_udiv) refers to aeabi_sdiv_div0.o(.text) for __arm_div2
    __main.o(!!!main) refers to rtentry.o(.ARM.Collect$$rtentry$$00000000) for __rt_entry
    faddsub_noclz.o(x$fpl$fadd) refers (Special) to usenofp.o(x$fpl$usenofp) for __I$use$fp
    faddsub_noclz.o(x$fpl$fadd) refers to faddsub_noclz.o(x$fpl$fsub) for _fsub1
    faddsub_noclz.o(x$fpl$fadd) refers to fretinf.o(x$fpl$fretinf) for __fpl_fretinf
    faddsub_noclz.o(x$fpl$fadd) refers to fnaninf.o(x$fpl$fnaninf) for __fpl_fnaninf
    faddsub_noclz.o(x$fpl$frsb) refers (Special) to usenofp.o(x$fpl$usenofp) for __I$use$fp
    faddsub_noclz.o(x$fpl$frsb) refers to faddsub_noclz.o(x$fpl$fadd) for _fadd1
    faddsub_noclz.o(x$fpl$frsb) refers to faddsub_noclz.o(x$fpl$fsub) for _fsub1
    faddsub_noclz.o(x$fpl$fsub) refers (Special) to usenofp.o(x$fpl$usenofp) for __I$use$fp
    faddsub_noclz.o(x$fpl$fsub) refers to faddsub_noclz.o(x$fpl$fadd) for _fadd1
    faddsub_noclz.o(x$fpl$fsub) refers to fnaninf.o(x$fpl$fnaninf) for __fpl_fnaninf
    ffix.o(x$fpl$ffix) refers (Special) to usenofp.o(x$fpl$usenofp) for __I$use$fp
    ffix.o(x$fpl$ffix) refers to fnaninf.o(x$fpl$fnaninf) for __fpl_fnaninf
    ffix.o(x$fpl$ffixr) refers (Special) to usenofp.o(x$fpl$usenofp) for __I$use$fp
    ffix.o(x$fpl$ffixr) refers to fnaninf.o(x$fpl$fnaninf) for __fpl_fnaninf
    ffixu.o(x$fpl$ffixu) refers (Special) to usenofp.o(x$fpl$usenofp) for __I$use$fp
    ffixu.o(x$fpl$ffixu) refers to fnaninf.o(x$fpl$fnaninf) for __fpl_fnaninf
    ffixu.o(x$fpl$ffixur) refers (Special) to usenofp.o(x$fpl$usenofp) for __I$use$fp
    ffixu.o(x$fpl$ffixur) refers to fnaninf.o(x$fpl$fnaninf) for __fpl_fnaninf
    fflt_noclz.o(x$fpl$ffltu) refers (Special) to usenofp.o(x$fpl$usenofp) for __I$use$fp
    fflt_noclz.o(x$fpl$ffltu) refers to fflt_noclz.o(x$fpl$fflt) for __fflt_normalise
    fflt_noclz.o(x$fpl$fflt) refers (Special) to usenofp.o(x$fpl$usenofp) for __I$use$fp
    fmul.o(x$fpl$fmul) refers (Special) to usenofp.o(x$fpl$usenofp) for __I$use$fp
    fmul.o(x$fpl$fmul) refers to fretinf.o(x$fpl$fretinf) for __fpl_fretinf
    fmul.o(x$fpl$fmul) refers to fnaninf.o(x$fpl$fnaninf) for __fpl_fnaninf
    rtentry.o(.ARM.Collect$$rtentry$$00000000) refers (Special) to rtentry2.o(.ARM.Collect$$rtentry$$0000000A) for __rt_entry_li
    rtentry.o(.ARM.Collect$$rtentry$$00000000) refers (Special) to rtentry2.o(.ARM.Collect$$rtentry$$0000000D) for __rt_entry_main
    rtentry.o(.ARM.Collect$$rtentry$$00000000) refers (Special) to rtentry2.o(.ARM.Collect$$rtentry$$0000000C) for __rt_entry_postli_1
    rtentry.o(.ARM.Collect$$rtentry$$00000000) refers (Special) to rtentry2.o(.ARM.Collect$$rtentry$$00000009) for __rt_entry_postsh_1
    rtentry.o(.ARM.Collect$$rtentry$$00000000) refers (Special) to rtentry2.o(.ARM.Collect$$rtentry$$00000002) for __rt_entry_presh_1
    rtentry.o(.ARM.Collect$$rtentry$$00000000) refers (Special) to rtentry4.o(.ARM.Collect$$rtentry$$00000004) for __rt_entry_sh
    rtentry.o(.ARM.exidx) refers (Special) to rtentry2.o(.ARM.Collect$$rtentry$$0000000A) for __rt_entry_li
    rtentry.o(.ARM.exidx) refers (Special) to rtentry2.o(.ARM.Collect$$rtentry$$0000000D) for __rt_entry_main
    rtentry.o(.ARM.exidx) refers (Special) to rtentry2.o(.ARM.Collect$$rtentry$$0000000C) for __rt_entry_postli_1
    rtentry.o(.ARM.exidx) refers (Special) to rtentry2.o(.ARM.Collect$$rtentry$$00000009) for __rt_entry_postsh_1
    rtentry.o(.ARM.exidx) refers (Special) to rtentry2.o(.ARM.Collect$$rtentry$$00000002) for __rt_entry_presh_1
    rtentry.o(.ARM.exidx) refers (Special) to rtentry4.o(.ARM.Collect$$rtentry$$00000004) for __rt_entry_sh
    rtentry.o(.ARM.exidx) refers to rtentry.o(.ARM.Collect$$rtentry$$00000000) for .ARM.Collect$$rtentry$$00000000
    aeabi_idiv0_sigfpe.o(.text) refers to rt_div0.o(.text) for __rt_div0
    rt_errno_addr.o(.text) refers to rt_errno_addr.o(.bss) for __aeabi_errno_addr_data
    rt_errno_addr_intlibspace.o(.text) refers to libspace.o(.bss) for __libspace_start
    strtol.o(.text) refers to rt_ctype_table.o(.text) for __rt_ctype_table
    strtol.o(.text) refers to _strtoul.o(.text) for _strtoul
    strtol.o(.text) refers to rt_errno_addr_intlibspace.o(.text) for __aeabi_errno_addr
    fnaninf.o(x$fpl$fnaninf) refers (Special) to usenofp.o(x$fpl$usenofp) for __I$use$fp
    fretinf.o(x$fpl$fretinf) refers (Special) to usenofp.o(x$fpl$usenofp) for __I$use$fp
    libspace.o(.text) refers to libspace.o(.bss) for __libspace_start
    rtentry2.o(.ARM.Collect$$rtentry$$00000008) refers to boardinit2.o(.text) for _platform_post_stackheap_init
    rtentry2.o(.ARM.Collect$$rtentry$$0000000A) refers to libinit.o(.ARM.Collect$$libinit$$00000000) for __rt_lib_init
    rtentry2.o(.ARM.Collect$$rtentry$$0000000B) refers to boardinit3.o(.text) for _platform_post_lib_init
    rtentry2.o(.ARM.Collect$$rtentry$$0000000D) refers to exit.o(.text) for exit
    rtentry2.o(.ARM.Collect$$rtentry$$0000000D) refers to pro_main.o(.text) for main
    rtentry2.o(.ARM.exidx) refers to rtentry2.o(.ARM.Collect$$rtentry$$00000001) for .ARM.Collect$$rtentry$$00000001
    rtentry2.o(.ARM.exidx) refers to rtentry2.o(.ARM.Collect$$rtentry$$00000002) for .ARM.Collect$$rtentry$$00000002
    rtentry2.o(.ARM.exidx) refers to rtentry2.o(.ARM.Collect$$rtentry$$00000008) for .ARM.Collect$$rtentry$$00000008
    rtentry2.o(.ARM.exidx) refers to rtentry2.o(.ARM.Collect$$rtentry$$00000009) for .ARM.Collect$$rtentry$$00000009
    rtentry2.o(.ARM.exidx) refers to rtentry2.o(.ARM.Collect$$rtentry$$0000000A) for .ARM.Collect$$rtentry$$0000000A
    rtentry2.o(.ARM.exidx) refers to rtentry2.o(.ARM.Collect$$rtentry$$0000000B) for .ARM.Collect$$rtentry$$0000000B
    rtentry2.o(.ARM.exidx) refers to rtentry2.o(.ARM.Collect$$rtentry$$0000000C) for .ARM.Collect$$rtentry$$0000000C
    rtentry2.o(.ARM.exidx) refers to rtentry2.o(.ARM.Collect$$rtentry$$0000000D) for .ARM.Collect$$rtentry$$0000000D
    rtentry4.o(.ARM.Collect$$rtentry$$00000004) refers to sys_stackheap_outer.o(.text) for __user_setup_stackheap
    rtentry4.o(.ARM.exidx) refers to rtentry4.o(.ARM.Collect$$rtentry$$00000004) for .ARM.Collect$$rtentry$$00000004
    rt_ctype_table.o(.text) refers to rt_locale_intlibspace.o(.text) for __rt_locale
    rt_ctype_table.o(.text) refers to lc_ctype_c.o(locale$$code) for _get_lc_ctype
    rt_div0.o(.text) refers to defsig_fpe_outer.o(.text) for __rt_SIGFPE
    _strtoul.o(.text) refers to _chval.o(.text) for _chval
    _strtoul.o(.text) refers to rt_errno_addr_intlibspace.o(.text) for __aeabi_errno_addr
    sys_stackheap_outer.o(.text) refers to libspace.o(.text) for __user_perproc_libspace
    sys_stackheap_outer.o(.text) refers to startup.o(.text) for __user_initial_stackheap
    rt_locale.o(.text) refers to rt_locale.o(.bss) for __rt_locale_data
    rt_locale_intlibspace.o(.text) refers to libspace.o(.bss) for __libspace_start
    lc_ctype_c.o(locale$$data) refers (Special) to libinit2.o(.ARM.Collect$$libinit$$0000000E) for __rt_lib_init_lc_ctype_2
    lc_ctype_c.o(locale$$code) refers (Special) to libinit2.o(.ARM.Collect$$libinit$$0000000E) for __rt_lib_init_lc_ctype_2
    lc_ctype_c.o(locale$$code) refers to strcmp.o(.text) for strcmp
    lc_ctype_c.o(locale$$code) refers to lc_ctype_c.o(locale$$data) for __lcctype_c_name
    exit.o(.text) refers to rtexit.o(.ARM.Collect$$rtexit$$00000000) for __rt_exit
    defsig_fpe_outer.o(.text) refers to defsig_fpe_inner.o(.text) for __rt_SIGFPE_inner
    defsig_fpe_outer.o(.text) refers to defsig_exit.o(.text) for __sig_exit
    defsig_fpe_formal.o(.text) refers to rt_raise.o(.text) for __rt_raise
    libinit.o(.ARM.Collect$$libinit$$00000000) refers (Special) to libinit2.o(.ARM.Collect$$libinit$$0000002A) for __rt_lib_init_alloca_1
    libinit.o(.ARM.Collect$$libinit$$00000000) refers (Special) to libinit2.o(.ARM.Collect$$libinit$$00000028) for __rt_lib_init_argv_1
    libinit.o(.ARM.Collect$$libinit$$00000000) refers (Special) to libinit2.o(.ARM.Collect$$libinit$$00000017) for __rt_lib_init_atexit_1
    libinit.o(.ARM.Collect$$libinit$$00000000) refers (Special) to libinit2.o(.ARM.Collect$$libinit$$0000001D) for __rt_lib_init_clock_1
    libinit.o(.ARM.Collect$$libinit$$00000000) refers (Special) to libinit2.o(.ARM.Collect$$libinit$$0000002E) for __rt_lib_init_cpp_1
    libinit.o(.ARM.Collect$$libinit$$00000000) refers (Special) to libinit2.o(.ARM.Collect$$libinit$$0000002C) for __rt_lib_init_exceptions_1
    libinit.o(.ARM.Collect$$libinit$$00000000) refers (Special) to libinit2.o(.ARM.Collect$$libinit$$0000001B) for __rt_lib_init_fp_trap_1
    libinit.o(.ARM.Collect$$libinit$$00000000) refers (Special) to libinit2.o(.ARM.Collect$$libinit$$0000001F) for __rt_lib_init_getenv_1
    libinit.o(.ARM.Collect$$libinit$$00000000) refers (Special) to libinit2.o(.ARM.Collect$$libinit$$00000006) for __rt_lib_init_heap_1
    libinit.o(.ARM.Collect$$libinit$$00000000) refers (Special) to libinit2.o(.ARM.Collect$$libinit$$0000000D) for __rt_lib_init_lc_collate_1
    libinit.o(.ARM.Collect$$libinit$$00000000) refers (Special) to libinit2.o(.ARM.Collect$$libinit$$0000000F) for __rt_lib_init_lc_ctype_1
    libinit.o(.ARM.Collect$$libinit$$00000000) refers (Special) to libinit2.o(.ARM.Collect$$libinit$$00000011) for __rt_lib_init_lc_monetary_1
    libinit.o(.ARM.Collect$$libinit$$00000000) refers (Special) to libinit2.o(.ARM.Collect$$libinit$$00000013) for __rt_lib_init_lc_numeric_1
    libinit.o(.ARM.Collect$$libinit$$00000000) refers (Special) to libinit2.o(.ARM.Collect$$libinit$$00000015) for __rt_lib_init_lc_time_1
    libinit.o(.ARM.Collect$$libinit$$00000000) refers (Special) to libinit2.o(.ARM.Collect$$libinit$$0000000A) for __rt_lib_init_rand_1
    libinit.o(.ARM.Collect$$libinit$$00000000) refers (Special) to libinit2.o(.ARM.Collect$$libinit$$0000002F) for __rt_lib_init_return
    libinit.o(.ARM.Collect$$libinit$$00000000) refers (Special) to libinit2.o(.ARM.Collect$$libinit$$00000019) for __rt_lib_init_signal_1
    libinit.o(.ARM.Collect$$libinit$$00000000) refers (Special) to libinit2.o(.ARM.Collect$$libinit$$00000021) for __rt_lib_init_stdio_1
    libinit.o(.ARM.Collect$$libinit$$00000000) refers (Special) to libinit2.o(.ARM.Collect$$libinit$$00000008) for __rt_lib_init_user_alloc_1
    libinit.o(.ARM.Collect$$libinit$$00000000) refers to fpinit.o(x$fpl$fpinit) for _fp_init
    rtexit.o(.ARM.Collect$$rtexit$$00000000) refers (Special) to rtexit2.o(.ARM.Collect$$rtexit$$00000004) for __rt_exit_exit
    rtexit.o(.ARM.Collect$$rtexit$$00000000) refers (Special) to rtexit2.o(.ARM.Collect$$rtexit$$00000003) for __rt_exit_ls
    rtexit.o(.ARM.Collect$$rtexit$$00000000) refers (Special) to rtexit2.o(.ARM.Collect$$rtexit$$00000002) for __rt_exit_prels_1
    rtexit.o(.ARM.exidx) refers (Special) to rtexit2.o(.ARM.Collect$$rtexit$$00000004) for __rt_exit_exit
    rtexit.o(.ARM.exidx) refers (Special) to rtexit2.o(.ARM.Collect$$rtexit$$00000003) for __rt_exit_ls
    rtexit.o(.ARM.exidx) refers (Special) to rtexit2.o(.ARM.Collect$$rtexit$$00000002) for __rt_exit_prels_1
    rtexit.o(.ARM.exidx) refers to rtexit.o(.ARM.Collect$$rtexit$$00000000) for .ARM.Collect$$rtexit$$00000000
    rt_raise.o(.text) refers to __raise.o(.text) for __raise
    rt_raise.o(.text) refers to sys_exit.o(.text) for _sys_exit
    defsig_exit.o(.text) refers to sys_exit.o(.text) for _sys_exit
    defsig_fpe_inner.o(.text) refers to defsig_general.o(.text) for __default_signal_display
    libinit2.o(.ARM.Collect$$libinit$$0000000B) refers (Weak) to rt_locale_intlibspace.o(.text) for __rt_locale
    libinit2.o(.ARM.Collect$$libinit$$0000000C) refers to libinit2.o(.ARM.Collect$$libinit$$0000000B) for .ARM.Collect$$libinit$$0000000B
    libinit2.o(.ARM.Collect$$libinit$$0000000E) refers to libinit2.o(.ARM.Collect$$libinit$$0000000B) for .ARM.Collect$$libinit$$0000000B
    libinit2.o(.ARM.Collect$$libinit$$0000000E) refers (Weak) to lc_ctype_c.o(locale$$code) for _get_lc_ctype
    libinit2.o(.ARM.Collect$$libinit$$00000010) refers to libinit2.o(.ARM.Collect$$libinit$$0000000B) for .ARM.Collect$$libinit$$0000000B
    libinit2.o(.ARM.Collect$$libinit$$00000012) refers to libinit2.o(.ARM.Collect$$libinit$$0000000B) for .ARM.Collect$$libinit$$0000000B
    libinit2.o(.ARM.Collect$$libinit$$00000014) refers to libinit2.o(.ARM.Collect$$libinit$$0000000B) for .ARM.Collect$$libinit$$0000000B
    libinit2.o(.ARM.Collect$$libinit$$00000022) refers to argv_veneer.o(.emb_text) for __ARM_argv_veneer
    libinit2.o(.ARM.Collect$$libinit$$00000023) refers to argv_veneer.o(.emb_text) for __ARM_argv_veneer
    fpinit.o(x$fpl$fpinit) refers to rt_fp_status_addr_intlibspace.o(.text) for __rt_fp_status_addr
    sys_exit.o(.text) refers (Special) to use_no_semi.o(.text) for __I$use$semihosting
    rtexit2.o(.ARM.Collect$$rtexit$$00000003) refers to libshutdown.o(.ARM.Collect$$libshutdown$$00000000) for __rt_lib_shutdown
    rtexit2.o(.ARM.Collect$$rtexit$$00000004) refers to sys_exit.o(.text) for _sys_exit
    rtexit2.o(.ARM.exidx) refers to rtexit2.o(.ARM.Collect$$rtexit$$00000001) for .ARM.Collect$$rtexit$$00000001
    rtexit2.o(.ARM.exidx) refers to rtexit2.o(.ARM.Collect$$rtexit$$00000002) for .ARM.Collect$$rtexit$$00000002
    rtexit2.o(.ARM.exidx) refers to rtexit2.o(.ARM.Collect$$rtexit$$00000003) for .ARM.Collect$$rtexit$$00000003
    rtexit2.o(.ARM.exidx) refers to rtexit2.o(.ARM.Collect$$rtexit$$00000004) for .ARM.Collect$$rtexit$$00000004
    rt_fp_status_addr.o(.text) refers to rt_fp_status_addr.o(.bss) for __rt_fp_status_addr_data
    rt_fp_status_addr_intlibspace.o(.text) refers to libspace.o(.bss) for __libspace_start
    __raise.o(.text) refers to __raise.o(i.__ARM_common_call_via_r2) for __ARM_common_call_via_r2
    __raise.o(.text) refers to defsig.o(CL$$defsig) for __default_signal_handler
    defsig_general.o(.text) refers to sys_wrch.o(.text) for _ttywrch
    argv_veneer.o(.emb_text) refers to no_argv.o(.text) for __ARM_get_argv
    sys_wrch.o(.text) refers (Special) to use_no_semi.o(.text) for __I$use$semihosting
    defsig.o(CL$$defsig) refers to defsig_fpe_inner.o(.text) for __rt_SIGFPE_inner
    defsig.o(CL$$defsig) refers to defsig_rtmem_inner.o(.text) for __rt_SIGRTMEM_inner
    _get_argv_nomalloc.o(.text) refers (Special) to hrguard.o(.text) for __heap_region$guard
    _get_argv_nomalloc.o(.text) refers to defsig_rtmem_outer.o(.text) for __rt_SIGRTMEM
    _get_argv_nomalloc.o(.text) refers to sys_command.o(.text) for _sys_command_string
    libshutdown.o(.ARM.Collect$$libshutdown$$00000000) refers (Special) to libshutdown2.o(.ARM.Collect$$libshutdown$$00000006) for __rt_lib_shutdown_fp_trap_1
    libshutdown.o(.ARM.Collect$$libshutdown$$00000000) refers (Special) to libshutdown2.o(.ARM.Collect$$libshutdown$$0000000E) for __rt_lib_shutdown_heap_1
    libshutdown.o(.ARM.Collect$$libshutdown$$00000000) refers (Special) to libshutdown2.o(.ARM.Collect$$libshutdown$$0000000F) for __rt_lib_shutdown_return
    libshutdown.o(.ARM.Collect$$libshutdown$$00000000) refers (Special) to libshutdown2.o(.ARM.Collect$$libshutdown$$00000009) for __rt_lib_shutdown_signal_1
    libshutdown.o(.ARM.Collect$$libshutdown$$00000000) refers (Special) to libshutdown2.o(.ARM.Collect$$libshutdown$$00000003) for __rt_lib_shutdown_stdio_1
    libshutdown.o(.ARM.Collect$$libshutdown$$00000000) refers (Special) to libshutdown2.o(.ARM.Collect$$libshutdown$$0000000B) for __rt_lib_shutdown_user_alloc_1
    sys_command.o(.text) refers (Special) to use_no_semi.o(.text) for __I$use$semihosting
    defsig_abrt_inner.o(.text) refers to defsig_general.o(.text) for __default_signal_display
    defsig_rtred_inner.o(.text) refers to defsig_general.o(.text) for __default_signal_display
    defsig_rtmem_inner.o(.text) refers to defsig_general.o(.text) for __default_signal_display
    defsig_rtmem_outer.o(.text) refers to defsig_rtmem_inner.o(.text) for __rt_SIGRTMEM_inner
    defsig_rtmem_outer.o(.text) refers to defsig_exit.o(.text) for __sig_exit
    defsig_rtmem_formal.o(.text) refers to rt_raise.o(.text) for __rt_raise
    defsig_stak_inner.o(.text) refers to defsig_general.o(.text) for __default_signal_display
    defsig_pvfn_inner.o(.text) refers to defsig_general.o(.text) for __default_signal_display
    defsig_cppl_inner.o(.text) refers to defsig_general.o(.text) for __default_signal_display
    defsig_segv_inner.o(.text) refers to defsig_general.o(.text) for __default_signal_display
    defsig_other.o(.text) refers to defsig_general.o(.text) for __default_signal_display


==============================================================================

Adding Veneers to the image

    Adding AT veneer (8 bytes, Inline) for call to '__rt_lib_init' from rtentry2.o(.ARM.Collect$$rtentry$$0000000A).
    Adding AT veneer (8 bytes, Inline) for call to '__rt_lib_shutdown' from rtexit2.o(.ARM.Collect$$rtexit$$00000003).
    Adding TA veneer (4 bytes, Inline) for call to '__rt_exit' from exit.o(.text).
    Adding AT veneer (8 bytes, Inline) for call to 'atoi' from esp01.o(.text).
    Adding AT veneer (8 bytes, Inline) for call to 'strstr' from esp01.o(.text).
    Adding TA veneer (4 bytes, Inline) for call to '__aeabi_errno_addr' from atoi.o(.text).
    Adding TA veneer (4 bytes, Inline) for call to '__rt_ctype_table' from strtol.o(.text).
    Adding TA veneer (4 bytes, Inline) for call to '__rt_locale' from libinit2.o(.ARM.Collect$$libinit$$0000000B).
    Adding AT veneer (8 bytes, Inline) for call to '_sys_exit' from rtexit2.o(.ARM.Collect$$rtexit$$00000004).
    Adding TA veneer (4 bytes, Inline) for call to '_get_lc_ctype' from libinit2.o(.ARM.Collect$$libinit$$0000000E).
    Adding TA veneer (4 bytes, Inline) for call to '_fp_init' from libinit.o(.ARM.Collect$$libinit$$00000000).

11 Veneer(s) (total 64 bytes) added to the image.

==============================================================================

Image Symbol Table

    Local Symbols

    Symbol Name                              Value     Ov Type        Size  Object(Section)

    RESET                                    0x00000000   Section      272  startup.o(RESET)
    ../../angel/boardlib.s                   0x00000000   Number         0  boardinit1.o ABSOLUTE
    ../../angel/boardlib.s                   0x00000000   Number         0  boardshut.o ABSOLUTE
    ../../angel/boardlib.s                   0x00000000   Number         0  boardinit2.o ABSOLUTE
    ../../angel/boardlib.s                   0x00000000   Number         0  boardinit3.o ABSOLUTE
    ../../angel/handlers.s                   0x00000000   Number         0  __scatter_zi.o ABSOLUTE
    ../../angel/handlers.s                   0x00000000   Number         0  __scatter_copy.o ABSOLUTE
    ../../angel/kernel.s                     0x00000000   Number         0  rtexit2.o ABSOLUTE
    ../../angel/kernel.s                     0x00000000   Number         0  rtexit.o ABSOLUTE
    ../../angel/kernel.s                     0x00000000   Number         0  rtentry4.o ABSOLUTE
    ../../angel/kernel.s                     0x00000000   Number         0  rtentry.o ABSOLUTE
    ../../angel/kernel.s                     0x00000000   Number         0  rtentry2.o ABSOLUTE
    ../../angel/rt.s                         0x00000000   Number         0  rt_errno_addr_intlibspace.o ABSOLUTE
    ../../angel/rt.s                         0x00000000   Number         0  rt_div0.o ABSOLUTE
    ../../angel/rt.s                         0x00000000   Number         0  rt_fp_status_addr.o ABSOLUTE
    ../../angel/rt.s                         0x00000000   Number         0  rt_ctype_table.o ABSOLUTE
    ../../angel/rt.s                         0x00000000   Number         0  rt_fp_status_addr_intlibspace.o ABSOLUTE
    ../../angel/rt.s                         0x00000000   Number         0  aeabi_idiv0.o ABSOLUTE
    ../../angel/rt.s                         0x00000000   Number         0  rt_raise.o ABSOLUTE
    ../../angel/rt.s                         0x00000000   Number         0  rt_locale_intlibspace.o ABSOLUTE
    ../../angel/rt.s                         0x00000000   Number         0  rt_locale.o ABSOLUTE
    ../../angel/rt.s                         0x00000000   Number         0  aeabi_idiv0_sigfpe.o ABSOLUTE
    ../../angel/rt.s                         0x00000000   Number         0  rt_errno_addr.o ABSOLUTE
    ../../angel/scatter.s                    0x00000000   Number         0  __scatter.o ABSOLUTE
    ../../angel/startup.s                    0x00000000   Number         0  __main.o ABSOLUTE
    ../../angel/sys.s                        0x00000000   Number         0  libspace.o ABSOLUTE
    ../../angel/sys.s                        0x00000000   Number         0  sys_stackheap_outer.o ABSOLUTE
    ../../angel/sys.s                        0x00000000   Number         0  use_no_semi.o ABSOLUTE
    ../../angel/sysapp.c                     0x00000000   Number         0  sys_exit.o ABSOLUTE
    ../../angel/sysapp.c                     0x00000000   Number         0  sys_wrch.o ABSOLUTE
    ../../angel/sysapp.c                     0x00000000   Number         0  sys_command.o ABSOLUTE
    ../../armsys.c                           0x00000000   Number         0  _get_argv_nomalloc.o ABSOLUTE
    ../../armsys.c                           0x00000000   Number         0  argv_veneer.o ABSOLUTE
    ../../armsys.c                           0x00000000   Number         0  argv_veneer.o ABSOLUTE
    ../../armsys.c                           0x00000000   Number         0  no_argv.o ABSOLUTE
    ../../division.s                         0x00000000   Number         0  aeabi_sdiv.o ABSOLUTE
    ../../division.s                         0x00000000   Number         0  aeabi_sdiv_div0.o ABSOLUTE
    ../../divrt.s                            0x00000000   Number         0  divrt_7tdmi_div0.o ABSOLUTE
    ../../divrt.s                            0x00000000   Number         0  divrt_7tdmi.o ABSOLUTE
    ../../faddsub.s                          0x00000000   Number         0  faddsub_noclz.o ABSOLUTE
    ../../ffix.s                             0x00000000   Number         0  ffix.o ABSOLUTE
    ../../ffixu.s                            0x00000000   Number         0  ffixu.o ABSOLUTE
    ../../fflt.s                             0x00000000   Number         0  fflt_noclz.o ABSOLUTE
    ../../fmul.s                             0x00000000   Number         0  fmul.o ABSOLUTE
    ../../fnaninf.s                          0x00000000   Number         0  fnaninf.o ABSOLUTE
    ../../fpinit.s                           0x00000000   Number         0  fpinit.o ABSOLUTE
    ../../fretinf.s                          0x00000000   Number         0  fretinf.o ABSOLUTE
    ../../heapalloc.c                        0x00000000   Number         0  hrguard.o ABSOLUTE
    ../../heapaux.c                          0x00000000   Number         0  heapauxi.o ABSOLUTE
    ../../libinit.s                          0x00000000   Number         0  libinit2.o ABSOLUTE
    ../../libinit.s                          0x00000000   Number         0  libshutdown2.o ABSOLUTE
    ../../libinit.s                          0x00000000   Number         0  libinit.o ABSOLUTE
    ../../libinit.s                          0x00000000   Number         0  libshutdown.o ABSOLUTE
    ../../locale.s                           0x00000000   Number         0  lc_ctype_c.o ABSOLUTE
    ../../memcpset.s                         0x00000000   Number         0  strcmp.o ABSOLUTE
    ../../memcpset.s                         0x00000000   Number         0  rt_memclr.o ABSOLUTE
    ../../memcpset.s                         0x00000000   Number         0  rt_memclr_w.o ABSOLUTE
    ../../scanf.c                            0x00000000   Number         0  _strtoul.o ABSOLUTE
    ../../scanf.c                            0x00000000   Number         0  _chval.o ABSOLUTE
    ../../scanf.c                            0x00000000   Number         0  atoi.o ABSOLUTE
    ../../scanf.c                            0x00000000   Number         0  strtol.o ABSOLUTE
    ../../signal.c                           0x00000000   Number         0  __raise.o ABSOLUTE
    ../../signal.c                           0x00000000   Number         0  defsig_rtmem_formal.o ABSOLUTE
    ../../signal.c                           0x00000000   Number         0  defsig_stak_inner.o ABSOLUTE
    ../../signal.c                           0x00000000   Number         0  defsig_pvfn_inner.o ABSOLUTE
    ../../signal.c                           0x00000000   Number         0  defsig_cppl_inner.o ABSOLUTE
    ../../signal.c                           0x00000000   Number         0  defsig_segv_inner.o ABSOLUTE
    ../../signal.c                           0x00000000   Number         0  defsig_other.o ABSOLUTE
    ../../signal.c                           0x00000000   Number         0  defsig_exit.o ABSOLUTE
    ../../signal.c                           0x00000000   Number         0  defsig_fpe_formal.o ABSOLUTE
    ../../signal.c                           0x00000000   Number         0  defsig_fpe_inner.o ABSOLUTE
    ../../signal.c                           0x00000000   Number         0  defsig_fpe_outer.o ABSOLUTE
    ../../signal.c                           0x00000000   Number         0  defsig_general.o ABSOLUTE
    ../../signal.c                           0x00000000   Number         0  defsig_abrt_inner.o ABSOLUTE
    ../../signal.c                           0x00000000   Number         0  defsig_rtred_inner.o ABSOLUTE
    ../../signal.c                           0x00000000   Number         0  defsig_rtmem_inner.o ABSOLUTE
    ../../signal.c                           0x00000000   Number         0  defsig_rtmem_outer.o ABSOLUTE
    ../../signal.s                           0x00000000   Number         0  defsig.o ABSOLUTE
    ../../stdlib.c                           0x00000000   Number         0  exit.o ABSOLUTE
    ../../string.c                           0x00000000   Number         0  strstr.o ABSOLUTE
    ../../usenofp.s                          0x00000000   Number         0  usenofp.o ABSOLUTE
    Startup.s                                0x00000000   Number         0  startup.o ABSOLUTE
    dc.s                                     0x00000000   Number         0  dc.o ABSOLUTE
    delay.c                                  0x00000000   Number         0  delay.o ABSOLUTE
    dht11.c                                  0x00000000   Number         0  dht11.o ABSOLUTE
    esp01.c                                  0x00000000   Number         0  esp01.o ABSOLUTE
    external_interrupts_test.c               0x00000000   Number         0  external_interrupts_test.o ABSOLUTE
    i2c.c                                    0x00000000   Number         0  i2c.o ABSOLUTE
    i2c_eeprom.c                             0x00000000   Number         0  i2c_eeprom.o ABSOLUTE
    keypad.c                                 0x00000000   Number         0  keypad.o ABSOLUTE
    lcd.c                                    0x00000000   Number         0  lcd.o ABSOLUTE
    pro_main.c                               0x00000000   Number         0  pro_main.o ABSOLUTE
    rtc.c                                    0x00000000   Number         0  rtc.o ABSOLUTE
    uart0.c                                  0x00000000   Number         0  uart0.o ABSOLUTE
    Undef_Handler                            0x00000040   ARM Code       4  startup.o(RESET)
    SWI_Handler                              0x00000044   ARM Code       4  startup.o(RESET)
    PAbt_Handler                             0x00000048   ARM Code       4  startup.o(RESET)
    DAbt_Handler                             0x0000004c   ARM Code       4  startup.o(RESET)
    IRQ_Handler                              0x00000050   ARM Code       4  startup.o(RESET)
    FIQ_Handler                              0x00000054   ARM Code       4  startup.o(RESET)
    !!!main                                  0x00000110   Section        8  __main.o(!!!main)
    !!!scatter                               0x00000118   Section       60  __scatter.o(!!!scatter)
    !!handler_copy                           0x00000154   Section       40  __scatter_copy.o(!!handler_copy)
    !!handler_zi                             0x0000017c   Section       44  __scatter_zi.o(!!handler_zi)
    .ARM.Collect$$libinit$$00000000          0x000001b0   Section        6  libinit.o(.ARM.Collect$$libinit$$00000000)
    .ARM.Collect$$libinit$$00000006          0x000001b6   Section        0  libinit2.o(.ARM.Collect$$libinit$$00000006)
    .ARM.Collect$$libinit$$00000008          0x000001b6   Section        0  libinit2.o(.ARM.Collect$$libinit$$00000008)
    .ARM.Collect$$libinit$$0000000A          0x000001b6   Section        0  libinit2.o(.ARM.Collect$$libinit$$0000000A)
    .ARM.Collect$$libinit$$0000000B          0x000001b6   Section        6  libinit2.o(.ARM.Collect$$libinit$$0000000B)
    .ARM.Collect$$libinit$$0000000D          0x000001bc   Section        0  libinit2.o(.ARM.Collect$$libinit$$0000000D)
    .ARM.Collect$$libinit$$0000000E          0x000001bc   Section       12  libinit2.o(.ARM.Collect$$libinit$$0000000E)
    .ARM.Collect$$libinit$$0000000F          0x000001c8   Section        0  libinit2.o(.ARM.Collect$$libinit$$0000000F)
    .ARM.Collect$$libinit$$00000011          0x000001c8   Section        0  libinit2.o(.ARM.Collect$$libinit$$00000011)
    .ARM.Collect$$libinit$$00000013          0x000001c8   Section        0  libinit2.o(.ARM.Collect$$libinit$$00000013)
    .ARM.Collect$$libinit$$00000015          0x000001c8   Section        0  libinit2.o(.ARM.Collect$$libinit$$00000015)
    .ARM.Collect$$libinit$$00000017          0x000001c8   Section        0  libinit2.o(.ARM.Collect$$libinit$$00000017)
    .ARM.Collect$$libinit$$00000019          0x000001c8   Section        0  libinit2.o(.ARM.Collect$$libinit$$00000019)
    .ARM.Collect$$libinit$$0000001B          0x000001c8   Section        0  libinit2.o(.ARM.Collect$$libinit$$0000001B)
    .ARM.Collect$$libinit$$0000001D          0x000001c8   Section        0  libinit2.o(.ARM.Collect$$libinit$$0000001D)
    .ARM.Collect$$libinit$$0000001F          0x000001c8   Section        0  libinit2.o(.ARM.Collect$$libinit$$0000001F)
    .ARM.Collect$$libinit$$00000021          0x000001c8   Section        0  libinit2.o(.ARM.Collect$$libinit$$00000021)
    .ARM.Collect$$libinit$$00000028          0x000001c8   Section        0  libinit2.o(.ARM.Collect$$libinit$$00000028)
    .ARM.Collect$$libinit$$0000002A          0x000001c8   Section        0  libinit2.o(.ARM.Collect$$libinit$$0000002A)
    .ARM.Collect$$libinit$$0000002C          0x000001c8   Section        0  libinit2.o(.ARM.Collect$$libinit$$0000002C)
    .ARM.Collect$$libinit$$0000002E          0x000001c8   Section        0  libinit2.o(.ARM.Collect$$libinit$$0000002E)
    .ARM.Collect$$libinit$$0000002F          0x000001c8   Section       12  libinit2.o(.ARM.Collect$$libinit$$0000002F)
    .ARM.Collect$$libshutdown$$00000000      0x000001dc   Section        4  libshutdown.o(.ARM.Collect$$libshutdown$$00000000)
    .ARM.Collect$$libshutdown$$00000003      0x000001e0   Section        0  libshutdown2.o(.ARM.Collect$$libshutdown$$00000003)
    .ARM.Collect$$libshutdown$$00000006      0x000001e0   Section        0  libshutdown2.o(.ARM.Collect$$libshutdown$$00000006)
    .ARM.Collect$$libshutdown$$00000009      0x000001e0   Section        0  libshutdown2.o(.ARM.Collect$$libshutdown$$00000009)
    .ARM.Collect$$libshutdown$$0000000B      0x000001e0   Section        0  libshutdown2.o(.ARM.Collect$$libshutdown$$0000000B)
    .ARM.Collect$$libshutdown$$0000000E      0x000001e0   Section        0  libshutdown2.o(.ARM.Collect$$libshutdown$$0000000E)
    .ARM.Collect$$libshutdown$$0000000F      0x000001e0   Section        6  libshutdown2.o(.ARM.Collect$$libshutdown$$0000000F)
    .ARM.Collect$$rtentry$$00000000          0x000001e8   Section        0  rtentry.o(.ARM.Collect$$rtentry$$00000000)
    .ARM.Collect$$rtentry$$00000002          0x000001e8   Section        0  rtentry2.o(.ARM.Collect$$rtentry$$00000002)
    .ARM.Collect$$rtentry$$00000004          0x000001e8   Section        8  rtentry4.o(.ARM.Collect$$rtentry$$00000004)
    .ARM.Collect$$rtentry$$00000009          0x000001f0   Section        0  rtentry2.o(.ARM.Collect$$rtentry$$00000009)
    .ARM.Collect$$rtentry$$0000000A          0x000001f0   Section        4  rtentry2.o(.ARM.Collect$$rtentry$$0000000A)
    .ARM.Collect$$rtentry$$0000000C          0x000001f4   Section        0  rtentry2.o(.ARM.Collect$$rtentry$$0000000C)
    .ARM.Collect$$rtentry$$0000000D          0x000001f4   Section       40  rtentry2.o(.ARM.Collect$$rtentry$$0000000D)
    .ARM.Collect$$rtexit$$00000000           0x00000220   Section        4  rtexit.o(.ARM.Collect$$rtexit$$00000000)
    .ARM.Collect$$rtexit$$00000002           0x00000224   Section        0  rtexit2.o(.ARM.Collect$$rtexit$$00000002)
    .ARM.Collect$$rtexit$$00000003           0x00000224   Section        4  rtexit2.o(.ARM.Collect$$rtexit$$00000003)
    .ARM.Collect$$rtexit$$00000004           0x00000228   Section        8  rtexit2.o(.ARM.Collect$$rtexit$$00000004)
    .text                                    0x00000230   Section       32  startup.o(.text)
    .text                                    0x00000250   Section        0  uart0.o(.text)
    .text                                    0x000004bc   Section        0  esp01.o(.text)
    .text                                    0x00000fdc   Section        0  lcd.o(.text)
    .text                                    0x00001278   Section        0  delay.o(.text)
    .text                                    0x000012d4   Section        0  dht11.o(.text)
    .text                                    0x0000141c   Section        0  i2c.o(.text)
    .text                                    0x00001588   Section        0  i2c_eeprom.o(.text)
    .text                                    0x00001704   Section        0  keypad.o(.text)
    .text                                    0x0000191c   Section        0  external_interrupts_test.o(.text)
    .text                                    0x000019a4   Section        0  pro_main.o(.text)
    .text                                    0x00001d34   Section        0  rtc.o(.text)
    .text                                    0x00001d94   Section        0  atoi.o(.text)
    .text                                    0x00001dbc   Section        0  strstr.o(.text)
    .text                                    0x00001de8   Section       64  rt_memclr.o(.text)
    .text                                    0x00001e28   Section      384  aeabi_sdiv.o(.text)
    __arm_div8                               0x00001e54   ARM Code       0  aeabi_sdiv.o(.text)
    __arm_div5                               0x00001e78   ARM Code       0  aeabi_sdiv.o(.text)
    __arm_div2                               0x00001e9c   ARM Code       0  aeabi_sdiv.o(.text)
    __arm_div_large                          0x00001ed8   ARM Code       0  aeabi_sdiv.o(.text)
    .text                                    0x00001fa8   Section        0  heapauxi.o(.text)
    .text                                    0x00001fb4   Section       16  rt_errno_addr_intlibspace.o(.text)
    .text                                    0x00001fc4   Section        0  strtol.o(.text)
    .text                                    0x00002038   Section       84  rt_memclr_w.o(.text)
    .text                                    0x0000208c   Section       12  libspace.o(.text)
    .text                                    0x0000209c   Section       24  rt_ctype_table.o(.text)
    .text                                    0x000020b4   Section        0  _strtoul.o(.text)
    .text                                    0x00002160   Section       96  sys_stackheap_outer.o(.text)
    .text                                    0x000021c4   Section       16  rt_locale_intlibspace.o(.text)
    .text                                    0x000021d4   Section        0  _chval.o(.text)
    .text                                    0x000021f6   Section        0  exit.o(.text)
    .text                                    0x00002204   Section      160  strcmp.o(.text)
    .text                                    0x000022ac   Section        0  sys_exit.o(.text)
    .text                                    0x000022b8   Section       16  rt_fp_status_addr_intlibspace.o(.text)
    .text                                    0x000022c8   Section        4  use_no_semi.o(.text)
    .text_udiv                               0x000022cc   Section       36  aeabi_sdiv.o(.text_udiv)
    locale$$code                             0x000022f4   Section       80  lc_ctype_c.o(locale$$code)
    x$fpl$fadd                               0x00002344   Section      196  faddsub_noclz.o(x$fpl$fadd)
    _fadd1                                   0x00002350   ARM Code       0  faddsub_noclz.o(x$fpl$fadd)
    x$fpl$ffix                               0x00002408   Section       68  ffix.o(x$fpl$ffix)
    x$fpl$ffixu                              0x0000244c   Section       84  ffixu.o(x$fpl$ffixu)
    x$fpl$fflt                               0x000024a0   Section       92  fflt_noclz.o(x$fpl$fflt)
    x$fpl$fmul                               0x000024fc   Section      256  fmul.o(x$fpl$fmul)
    x$fpl$fnaninf                            0x000025fc   Section      168  fnaninf.o(x$fpl$fnaninf)
    x$fpl$fpinit                             0x000026a8   Section       24  fpinit.o(x$fpl$fpinit)
    x$fpl$fretinf                            0x000026c0   Section       16  fretinf.o(x$fpl$fretinf)
    x$fpl$frsb                               0x000026d0   Section       20  faddsub_noclz.o(x$fpl$frsb)
    x$fpl$fsub                               0x000026e4   Section      304  faddsub_noclz.o(x$fpl$fsub)
    _fsub1                                   0x000026f0   ARM Code       0  faddsub_noclz.o(x$fpl$fsub)
    .constdata                               0x00002814   Section       71  esp01.o(.constdata)
    x$fpl$usenofp                            0x00002814   Section        0  usenofp.o(x$fpl$usenofp)
    locale$$data                             0x0000287c   Section      272  lc_ctype_c.o(locale$$data)
    __lcctype_c_name                         0x00002880   Data           2  lc_ctype_c.o(locale$$data)
    __lcctype_c_start                        0x00002888   Data           0  lc_ctype_c.o(locale$$data)
    __lcctype_c_end                          0x0000298c   Data           0  lc_ctype_c.o(locale$$data)
    .data                                    0x40000000   Section      204  uart0.o(.data)
    .data                                    0x400000cc   Section       24  keypad.o(.data)
    .data                                    0x400000e4   Section        1  external_interrupts_test.o(.data)
    .data                                    0x400000e5   Section       10  pro_main.o(.data)
    .bss                                     0x400000f0   Section       96  libspace.o(.bss)
    HEAP                                     0x40000150   Section        0  startup.o(HEAP)
    STACK                                    0x40000150   Section     1160  startup.o(STACK)
    Heap_Mem                                 0x40000150   Data           0  startup.o(HEAP)
    Stack_Mem                                0x40000150   Data        1024  startup.o(STACK)
    Stack_Top                                0x400005d8   Data           0  startup.o(STACK)

    Global Symbols

    Symbol Name                              Value     Ov Type        Size  Object(Section)

    BuildAttributes$$THM_ISAv1$ARM_ISAv4$S$PE$A:L22$X:L11$S22$IEEE1$IW$USESV6$~STKCKD$USESV7$~SHL$OSPACE$ROPI$EBA8$UX$STANDARDLIB$REQ8$PRES8$EABIv2 0x00000000   Number         0  anon$$obj.o ABSOLUTE
    __ARM_use_no_argv                        0x00000000   Number         0  pro_main.o ABSOLUTE
    __ARM_exceptions_init                     - Undefined Weak Reference
    __alloca_initialize                       - Undefined Weak Reference
    __cpp_initialize__aeabi_                  - Undefined Weak Reference
    __cxa_finalize                            - Undefined Weak Reference
    __sigvec_lookup                           - Undefined Weak Reference
    _atexit_init                              - Undefined Weak Reference
    _call_atexit_fns                          - Undefined Weak Reference
    _clock_init                               - Undefined Weak Reference
    _fp_trap_init                             - Undefined Weak Reference
    _fp_trap_shutdown                         - Undefined Weak Reference
    _get_lc_collate                           - Undefined Weak Reference
    _get_lc_monetary                          - Undefined Weak Reference
    _get_lc_numeric                           - Undefined Weak Reference
    _get_lc_time                              - Undefined Weak Reference
    _getenv_init                              - Undefined Weak Reference
    _handle_redirection                       - Undefined Weak Reference
    _init_alloc                               - Undefined Weak Reference
    _init_user_alloc                          - Undefined Weak Reference
    _initio                                   - Undefined Weak Reference
    _rand_init                                - Undefined Weak Reference
    _signal_finish                            - Undefined Weak Reference
    _signal_init                              - Undefined Weak Reference
    _terminate_alloc                          - Undefined Weak Reference
    _terminate_user_alloc                     - Undefined Weak Reference
    _terminateio                              - Undefined Weak Reference
    Reset_Handler                            0x00000058   ARM Code       0  startup.o(RESET)
    __main                                   0x00000110   ARM Code       8  __main.o(!!!main)
    __scatterload                            0x00000118   ARM Code       0  __scatter.o(!!!scatter)
    __scatterload_rt2                        0x00000118   ARM Code      52  __scatter.o(!!!scatter)
    __scatterload_null                       0x0000012c   ARM Code       0  __scatter.o(!!!scatter)
    __scatterload_copy                       0x00000154   ARM Code      40  __scatter_copy.o(!!handler_copy)
    __scatterload_zeroinit                   0x0000017c   ARM Code      44  __scatter_zi.o(!!handler_zi)
    Inline ARM to Thumb Veneer to __rt_lib_init 0x000001a8   ARM Code       8  libinit.o(.ARM.Collect$$libinit$$00000000)
    __rt_lib_init                            0x000001b1   Thumb Code     0  libinit.o(.ARM.Collect$$libinit$$00000000)
    __rt_lib_init_heap_1                     0x000001b7   Thumb Code     0  libinit2.o(.ARM.Collect$$libinit$$00000006)
    __rt_lib_init_lc_common                  0x000001b7   Thumb Code     0  libinit2.o(.ARM.Collect$$libinit$$0000000B)
    __rt_lib_init_rand_1                     0x000001b7   Thumb Code     0  libinit2.o(.ARM.Collect$$libinit$$0000000A)
    __rt_lib_init_user_alloc_1               0x000001b7   Thumb Code     0  libinit2.o(.ARM.Collect$$libinit$$00000008)
    __rt_lib_init_lc_collate_1               0x000001bd   Thumb Code     0  libinit2.o(.ARM.Collect$$libinit$$0000000D)
    __rt_lib_init_lc_ctype_2                 0x000001bd   Thumb Code     0  libinit2.o(.ARM.Collect$$libinit$$0000000E)
    __rt_lib_init_alloca_1                   0x000001c9   Thumb Code     0  libinit2.o(.ARM.Collect$$libinit$$0000002A)
    __rt_lib_init_argv_1                     0x000001c9   Thumb Code     0  libinit2.o(.ARM.Collect$$libinit$$00000028)
    __rt_lib_init_atexit_1                   0x000001c9   Thumb Code     0  libinit2.o(.ARM.Collect$$libinit$$00000017)
    __rt_lib_init_clock_1                    0x000001c9   Thumb Code     0  libinit2.o(.ARM.Collect$$libinit$$0000001D)
    __rt_lib_init_cpp_1                      0x000001c9   Thumb Code     0  libinit2.o(.ARM.Collect$$libinit$$0000002E)
    __rt_lib_init_exceptions_1               0x000001c9   Thumb Code     0  libinit2.o(.ARM.Collect$$libinit$$0000002C)
    __rt_lib_init_fp_trap_1                  0x000001c9   Thumb Code     0  libinit2.o(.ARM.Collect$$libinit$$0000001B)
    __rt_lib_init_getenv_1                   0x000001c9   Thumb Code     0  libinit2.o(.ARM.Collect$$libinit$$0000001F)
    __rt_lib_init_lc_ctype_1                 0x000001c9   Thumb Code     0  libinit2.o(.ARM.Collect$$libinit$$0000000F)
    __rt_lib_init_lc_monetary_1              0x000001c9   Thumb Code     0  libinit2.o(.ARM.Collect$$libinit$$00000011)
    __rt_lib_init_lc_numeric_1               0x000001c9   Thumb Code     0  libinit2.o(.ARM.Collect$$libinit$$00000013)
    __rt_lib_init_lc_time_1                  0x000001c9   Thumb Code     0  libinit2.o(.ARM.Collect$$libinit$$00000015)
    __rt_lib_init_return                     0x000001c9   Thumb Code     0  libinit2.o(.ARM.Collect$$libinit$$0000002F)
    __rt_lib_init_signal_1                   0x000001c9   Thumb Code     0  libinit2.o(.ARM.Collect$$libinit$$00000019)
    __rt_lib_init_stdio_1                    0x000001c9   Thumb Code     0  libinit2.o(.ARM.Collect$$libinit$$00000021)
    Inline ARM to Thumb Veneer to __rt_lib_shutdown 0x000001d4   ARM Code       8  libshutdown.o(.ARM.Collect$$libshutdown$$00000000)
    __rt_lib_shutdown                        0x000001dd   Thumb Code     0  libshutdown.o(.ARM.Collect$$libshutdown$$00000000)
    __rt_lib_shutdown_fp_trap_1              0x000001e1   Thumb Code     0  libshutdown2.o(.ARM.Collect$$libshutdown$$00000006)
    __rt_lib_shutdown_heap_1                 0x000001e1   Thumb Code     0  libshutdown2.o(.ARM.Collect$$libshutdown$$0000000E)
    __rt_lib_shutdown_return                 0x000001e1   Thumb Code     0  libshutdown2.o(.ARM.Collect$$libshutdown$$0000000F)
    __rt_lib_shutdown_signal_1               0x000001e1   Thumb Code     0  libshutdown2.o(.ARM.Collect$$libshutdown$$00000009)
    __rt_lib_shutdown_stdio_1                0x000001e1   Thumb Code     0  libshutdown2.o(.ARM.Collect$$libshutdown$$00000003)
    __rt_lib_shutdown_user_alloc_1           0x000001e1   Thumb Code     0  libshutdown2.o(.ARM.Collect$$libshutdown$$0000000B)
    __rt_entry                               0x000001e8   ARM Code       0  rtentry.o(.ARM.Collect$$rtentry$$00000000)
    __rt_entry_presh_1                       0x000001e8   ARM Code       0  rtentry2.o(.ARM.Collect$$rtentry$$00000002)
    __rt_entry_sh                            0x000001e8   ARM Code       0  rtentry4.o(.ARM.Collect$$rtentry$$00000004)
    __rt_entry_li                            0x000001f0   ARM Code       0  rtentry2.o(.ARM.Collect$$rtentry$$0000000A)
    __rt_entry_postsh_1                      0x000001f0   ARM Code       0  rtentry2.o(.ARM.Collect$$rtentry$$00000009)
    __rt_entry_main                          0x000001f4   ARM Code       0  rtentry2.o(.ARM.Collect$$rtentry$$0000000D)
    __rt_entry_postli_1                      0x000001f4   ARM Code       0  rtentry2.o(.ARM.Collect$$rtentry$$0000000C)
    Inline Thumb to ARM Veneer to __rt_exit  0x0000021d   Thumb Code     4  rtexit.o(.ARM.Collect$$rtexit$$00000000)
    __rt_exit                                0x00000220   ARM Code       0  rtexit.o(.ARM.Collect$$rtexit$$00000000)
    __rt_exit_ls                             0x00000224   ARM Code       0  rtexit2.o(.ARM.Collect$$rtexit$$00000003)
    __rt_exit_prels_1                        0x00000224   ARM Code       0  rtexit2.o(.ARM.Collect$$rtexit$$00000002)
    __rt_exit_exit                           0x00000228   ARM Code       0  rtexit2.o(.ARM.Collect$$rtexit$$00000004)
    __user_initial_stackheap                 0x00000230   ARM Code       0  startup.o(.text)
    UART0_isr                                0x00000250   ARM Code     132  uart0.o(.text)
    InitUART0                                0x000002d4   ARM Code     108  uart0.o(.text)
    UART0_Tx                                 0x00000340   ARM Code      32  uart0.o(.text)
    UART0_Rx                                 0x00000360   ARM Code      32  uart0.o(.text)
    UART0_Str                                0x00000380   ARM Code      40  uart0.o(.text)
    UART0_Int                                0x000003a8   ARM Code     148  uart0.o(.text)
    UART0_Float                              0x0000043c   ARM Code     100  uart0.o(.text)
    esp01_connectAP                          0x000004bc   ARM Code    1220  esp01.o(.text)
    esp01_sendToThingspeak                   0x00000980   ARM Code     848  esp01.o(.text)
    extract_sp                               0x00000cd0   ARM Code     204  esp01.o(.text)
    espo1_ReadfromThingspeak                 0x00000d9c   ARM Code     576  esp01.o(.text)
    Write_LCD                                0x00000fdc   ARM Code      96  lcd.o(.text)
    Write_CMD_LCD                            0x0000103c   ARM Code      44  lcd.o(.text)
    LCD_Init                                 0x00001068   ARM Code     176  lcd.o(.text)
    Write_DAT_LCD                            0x00001118   ARM Code      44  lcd.o(.text)
    Write_str_LCD                            0x00001144   ARM Code      40  lcd.o(.text)
    Write_int_LCD                            0x0000116c   ARM Code     136  lcd.o(.text)
    Write_float_LCD                          0x000011f4   ARM Code     124  lcd.o(.text)
    delay_ms                                 0x00001278   ARM Code      28  delay.o(.text)
    delay_us                                 0x00001294   ARM Code      28  delay.o(.text)
    delay_s                                  0x000012b0   ARM Code      28  delay.o(.text)
    dht11_request                            0x000012d4   ARM Code      76  dht11.o(.text)
    dht11_response                           0x00001320   ARM Code     104  dht11.o(.text)
    dht11_data                               0x00001388   ARM Code     144  dht11.o(.text)
    init_i2c                                 0x0000141c   ARM Code      48  i2c.o(.text)
    i2c_start                                0x0000144c   ARM Code      52  i2c.o(.text)
    i2c_restart                              0x00001480   ARM Code      60  i2c.o(.text)
    i2c_write                                0x000014bc   ARM Code      48  i2c.o(.text)
    i2c_stop                                 0x000014ec   ARM Code      24  i2c.o(.text)
    i2c_nack                                 0x00001504   ARM Code      56  i2c.o(.text)
    i2c_masterack                            0x0000153c   ARM Code      68  i2c.o(.text)
    i2c_eeprom_write                         0x00001588   ARM Code      76  i2c_eeprom.o(.text)
    i2c_eeprom_read                          0x000015d4   ARM Code      88  i2c_eeprom.o(.text)
    i2c_eeprom_page_write                    0x0000162c   ARM Code      96  i2c_eeprom.o(.text)
    i2c_eeprom_seq_read                      0x0000168c   ARM Code     120  i2c_eeprom.o(.text)
    initkpm                                  0x00001704   ARM Code      24  keypad.o(.text)
    colscan                                  0x0000171c   ARM Code      48  keypad.o(.text)
    Rowcheck                                 0x0000174c   ARM Code     120  keypad.o(.text)
    colcheck                                 0x000017c4   ARM Code      72  keypad.o(.text)
    keyscan                                  0x0000180c   ARM Code      72  keypad.o(.text)
    Readnum                                  0x00001854   ARM Code     184  keypad.o(.text)
    eint0_isr                                0x0000191c   ARM Code      40  external_interrupts_test.o(.text)
    Enable_EINT0                             0x00001944   ARM Code      84  external_interrupts_test.o(.text)
    main                                     0x000019a4   ARM Code     912  pro_main.o(.text)
    RTC_Init                                 0x00001d34   ARM Code      60  rtc.o(.text)
    RTCSetTime                               0x00001d70   ARM Code      20  rtc.o(.text)
    Inline ARM to Thumb Veneer to atoi       0x00001d8c   ARM Code       8  atoi.o(.text)
    atoi                                     0x00001d95   Thumb Code    30  atoi.o(.text)
    Inline ARM to Thumb Veneer to strstr     0x00001db4   ARM Code       8  strstr.o(.text)
    strstr                                   0x00001dbd   Thumb Code    42  strstr.o(.text)
    __aeabi_memclr                           0x00001de8   ARM Code       0  rt_memclr.o(.text)
    __rt_memclr                              0x00001de8   ARM Code      64  rt_memclr.o(.text)
    _memset                                  0x00001dec   ARM Code       0  rt_memclr.o(.text)
    __aeabi_idiv                             0x00001e28   ARM Code       0  aeabi_sdiv.o(.text)
    __aeabi_idivmod                          0x00001e28   ARM Code     384  aeabi_sdiv.o(.text)
    __use_two_region_memory                  0x00001fa9   Thumb Code     2  heapauxi.o(.text)
    __rt_heap_escrow$2region                 0x00001fab   Thumb Code     2  heapauxi.o(.text)
    __rt_heap_expand$2region                 0x00001fad   Thumb Code     2  heapauxi.o(.text)
    Inline Thumb to ARM Veneer to __aeabi_errno_addr 0x00001fb1   Thumb Code     4  rt_errno_addr_intlibspace.o(.text)
    __aeabi_errno_addr                       0x00001fb4   ARM Code      16  rt_errno_addr_intlibspace.o(.text)
    __errno$intlibspace                      0x00001fb4   ARM Code       0  rt_errno_addr_intlibspace.o(.text)
    __rt_errno_addr$intlibspace              0x00001fb4   ARM Code       0  rt_errno_addr_intlibspace.o(.text)
    strtol                                   0x00001fc5   Thumb Code   112  strtol.o(.text)
    __aeabi_memclr4                          0x00002038   ARM Code       0  rt_memclr_w.o(.text)
    __aeabi_memclr8                          0x00002038   ARM Code       0  rt_memclr_w.o(.text)
    __rt_memclr_w                            0x00002038   ARM Code      84  rt_memclr_w.o(.text)
    _memset_w                                0x0000203c   ARM Code       0  rt_memclr_w.o(.text)
    __user_libspace                          0x0000208c   ARM Code      12  libspace.o(.text)
    __user_perproc_libspace                  0x0000208c   ARM Code       0  libspace.o(.text)
    __user_perthread_libspace                0x0000208c   ARM Code       0  libspace.o(.text)
    Inline Thumb to ARM Veneer to __rt_ctype_table 0x00002099   Thumb Code     4  rt_ctype_table.o(.text)
    __rt_ctype_table                         0x0000209c   ARM Code      24  rt_ctype_table.o(.text)
    _strtoul                                 0x000020b5   Thumb Code   170  _strtoul.o(.text)
    __user_setup_stackheap                   0x00002160   ARM Code      96  sys_stackheap_outer.o(.text)
    Inline Thumb to ARM Veneer to __rt_locale 0x000021c1   Thumb Code     4  rt_locale_intlibspace.o(.text)
    __rt_locale                              0x000021c4   ARM Code      16  rt_locale_intlibspace.o(.text)
    _chval                                   0x000021d5   Thumb Code    34  _chval.o(.text)
    exit                                     0x000021f7   Thumb Code    12  exit.o(.text)
    strcmp                                   0x00002204   ARM Code     156  strcmp.o(.text)
    Inline ARM to Thumb Veneer to _sys_exit  0x000022a4   ARM Code       8  sys_exit.o(.text)
    _sys_exit                                0x000022ad   Thumb Code     8  sys_exit.o(.text)
    __rt_fp_status_addr                      0x000022b8   ARM Code      16  rt_fp_status_addr_intlibspace.o(.text)
    __I$use$semihosting                      0x000022c8   ARM Code       0  use_no_semi.o(.text)
    __use_no_semihosting_swi                 0x000022c8   ARM Code       4  use_no_semi.o(.text)
    __aeabi_uidiv                            0x000022cc   ARM Code       0  aeabi_sdiv.o(.text_udiv)
    __aeabi_uidivmod                         0x000022cc   ARM Code      36  aeabi_sdiv.o(.text_udiv)
    Inline Thumb to ARM Veneer to _get_lc_ctype 0x000022f1   Thumb Code     4  lc_ctype_c.o(locale$$code)
    _get_lc_ctype                            0x000022f4   ARM Code      80  lc_ctype_c.o(locale$$code)
    __aeabi_fadd                             0x00002344   ARM Code       0  faddsub_noclz.o(x$fpl$fadd)
    _fadd                                    0x00002344   ARM Code     196  faddsub_noclz.o(x$fpl$fadd)
    __aeabi_f2iz                             0x00002408   ARM Code       0  ffix.o(x$fpl$ffix)
    _ffix                                    0x00002408   ARM Code      68  ffix.o(x$fpl$ffix)
    __aeabi_f2uiz                            0x0000244c   ARM Code       0  ffixu.o(x$fpl$ffixu)
    _ffixu                                   0x0000244c   ARM Code      84  ffixu.o(x$fpl$ffixu)
    __aeabi_i2f                              0x000024a0   ARM Code       0  fflt_noclz.o(x$fpl$fflt)
    _fflt                                    0x000024a0   ARM Code      92  fflt_noclz.o(x$fpl$fflt)
    __fflt_normalise                         0x000024ac   ARM Code       0  fflt_noclz.o(x$fpl$fflt)
    __aeabi_fmul                             0x000024fc   ARM Code       0  fmul.o(x$fpl$fmul)
    _fmul                                    0x000024fc   ARM Code     256  fmul.o(x$fpl$fmul)
    __fpl_fnaninf                            0x000025fc   ARM Code     168  fnaninf.o(x$fpl$fnaninf)
    Inline Thumb to ARM Veneer to _fp_init   0x000026a5   Thumb Code     4  fpinit.o(x$fpl$fpinit)
    _fp_init                                 0x000026a8   ARM Code      24  fpinit.o(x$fpl$fpinit)
    __fplib_config_pureend_doubles           0x000026b8   ARM Code       0  fpinit.o(x$fpl$fpinit)
    __fpl_fretinf                            0x000026c0   ARM Code      16  fretinf.o(x$fpl$fretinf)
    __aeabi_frsub                            0x000026d0   ARM Code       0  faddsub_noclz.o(x$fpl$frsb)
    _frsb                                    0x000026d0   ARM Code      20  faddsub_noclz.o(x$fpl$frsb)
    __aeabi_fsub                             0x000026e4   ARM Code       0  faddsub_noclz.o(x$fpl$fsub)
    _fsub                                    0x000026e4   ARM Code     304  faddsub_noclz.o(x$fpl$fsub)
    __I$use$fp                               0x00002814   ARM Code       0  usenofp.o(x$fpl$usenofp)
    Region$$Table$$Base                      0x0000285c   Number         0  anon$$obj.o(Region$$Table)
    Region$$Table$$Limit                     0x0000287c   Number         0  anon$$obj.o(Region$$Table)
    __ctype                                  0x00002889   Data           0  lc_ctype_c.o(locale$$data)
    buff                                     0x40000000   Data         200  uart0.o(.data)
    i                                        0x400000c8   Data           1  uart0.o(.data)
    dummy                                    0x400000c9   Data           1  uart0.o(.data)
    ch                                       0x400000ca   Data           1  uart0.o(.data)
    r_flag                                   0x400000cb   Data           1  uart0.o(.data)
    kpmlut                                   0x400000cc   Data          16  keypad.o(.data)
    codes                                    0x400000dc   Data           4  keypad.o(.data)
    num                                      0x400000e0   Data           4  keypad.o(.data)
    i_flag                                   0x400000e4   Data           1  external_interrupts_test.o(.data)
    k                                        0x400000e5   Data           1  pro_main.o(.data)
    rt                                       0x400000e6   Data           1  pro_main.o(.data)
    rsp                                      0x400000e7   Data           1  pro_main.o(.data)
    humidity_integer                         0x400000e8   Data           1  pro_main.o(.data)
    humidity_decimal                         0x400000e9   Data           1  pro_main.o(.data)
    temp_integer                             0x400000ea   Data           1  pro_main.o(.data)
    temp_decimal                             0x400000eb   Data           1  pro_main.o(.data)
    checksum                                 0x400000ec   Data           1  pro_main.o(.data)
    temp                                     0x400000ed   Data           1  pro_main.o(.data)
    min                                      0x400000ee   Data           1  pro_main.o(.data)
    __libspace_start                         0x400000f0   Data          96  libspace.o(.bss)
    __temporary_stack_top$libspace           0x40000150   Data           0  libspace.o(.bss)



==============================================================================

Memory Map of the image

  Image Entry point : 0x00000110

  Load Region LR_IROM1 (Base: 0x00000000, Size: 0x00002a7c, Max: 0x00080000, ABSOLUTE)

    Execution Region ER_IROM1 (Base: 0x00000000, Size: 0x0000298c, Max: 0x00080000, ABSOLUTE)

    Base Addr    Size         Type   Attr      Idx    E Section Name        Object

    0x00000000   0x00000110   Code   RO            3    RESET               startup.o
    0x00000110   0x00000008   Code   RO          248  * !!!main             c_t.l(__main.o)(c_t.l)
    0x00000118   0x0000003c   Code   RO          472    !!!scatter          c_t.l(__scatter.o)(c_t.l)
    0x00000154   0x00000028   Code   RO          474    !!handler_copy      c_t.l(__scatter_copy.o)(c_t.l)
    0x0000017c   0x0000002c   Code   RO          476    !!handler_zi        c_t.l(__scatter_zi.o)(c_t.l)
    0x000001a8   0x00000008   Ven    RO          341    .ARM.Collect$$libinit$$00000000  c_t.l(libinit.o)(c_t.l)
    0x000001b0   0x00000006   Code   RO          341    .ARM.Collect$$libinit$$00000000  c_t.l(libinit.o)(c_t.l)
    0x000001b6   0x00000000   Code   RO          354    .ARM.Collect$$libinit$$00000006  c_t.l(libinit2.o)(c_t.l)
    0x000001b6   0x00000000   Code   RO          356    .ARM.Collect$$libinit$$00000008  c_t.l(libinit2.o)(c_t.l)
    0x000001b6   0x00000000   Code   RO          358    .ARM.Collect$$libinit$$0000000A  c_t.l(libinit2.o)(c_t.l)
    0x000001b6   0x00000006   Code   RO          359    .ARM.Collect$$libinit$$0000000B  c_t.l(libinit2.o)(c_t.l)
    0x000001bc   0x00000000   Code   RO          361    .ARM.Collect$$libinit$$0000000D  c_t.l(libinit2.o)(c_t.l)
    0x000001bc   0x0000000c   Code   RO          362    .ARM.Collect$$libinit$$0000000E  c_t.l(libinit2.o)(c_t.l)
    0x000001c8   0x00000000   Code   RO          363    .ARM.Collect$$libinit$$0000000F  c_t.l(libinit2.o)(c_t.l)
    0x000001c8   0x00000000   Code   RO          365    .ARM.Collect$$libinit$$00000011  c_t.l(libinit2.o)(c_t.l)
    0x000001c8   0x00000000   Code   RO          367    .ARM.Collect$$libinit$$00000013  c_t.l(libinit2.o)(c_t.l)
    0x000001c8   0x00000000   Code   RO          369    .ARM.Collect$$libinit$$00000015  c_t.l(libinit2.o)(c_t.l)
    0x000001c8   0x00000000   Code   RO          371    .ARM.Collect$$libinit$$00000017  c_t.l(libinit2.o)(c_t.l)
    0x000001c8   0x00000000   Code   RO          373    .ARM.Collect$$libinit$$00000019  c_t.l(libinit2.o)(c_t.l)
    0x000001c8   0x00000000   Code   RO          375    .ARM.Collect$$libinit$$0000001B  c_t.l(libinit2.o)(c_t.l)
    0x000001c8   0x00000000   Code   RO          377    .ARM.Collect$$libinit$$0000001D  c_t.l(libinit2.o)(c_t.l)
    0x000001c8   0x00000000   Code   RO          379    .ARM.Collect$$libinit$$0000001F  c_t.l(libinit2.o)(c_t.l)
    0x000001c8   0x00000000   Code   RO          381    .ARM.Collect$$libinit$$00000021  c_t.l(libinit2.o)(c_t.l)
    0x000001c8   0x00000000   Code   RO          385    .ARM.Collect$$libinit$$00000028  c_t.l(libinit2.o)(c_t.l)
    0x000001c8   0x00000000   Code   RO          387    .ARM.Collect$$libinit$$0000002A  c_t.l(libinit2.o)(c_t.l)
    0x000001c8   0x00000000   Code   RO          389    .ARM.Collect$$libinit$$0000002C  c_t.l(libinit2.o)(c_t.l)
    0x000001c8   0x00000000   Code   RO          391    .ARM.Collect$$libinit$$0000002E  c_t.l(libinit2.o)(c_t.l)
    0x000001c8   0x0000000c   Code   RO          392    .ARM.Collect$$libinit$$0000002F  c_t.l(libinit2.o)(c_t.l)
    0x000001d4   0x00000008   Ven    RO          430    .ARM.Collect$$libshutdown$$00000000  c_t.l(libshutdown.o)(c_t.l)
    0x000001dc   0x00000004   Code   RO          430    .ARM.Collect$$libshutdown$$00000000  c_t.l(libshutdown.o)(c_t.l)
    0x000001e0   0x00000000   Code   RO          457    .ARM.Collect$$libshutdown$$00000003  c_t.l(libshutdown2.o)(c_t.l)
    0x000001e0   0x00000000   Code   RO          460    .ARM.Collect$$libshutdown$$00000006  c_t.l(libshutdown2.o)(c_t.l)
    0x000001e0   0x00000000   Code   RO          463    .ARM.Collect$$libshutdown$$00000009  c_t.l(libshutdown2.o)(c_t.l)
    0x000001e0   0x00000000   Code   RO          465    .ARM.Collect$$libshutdown$$0000000B  c_t.l(libshutdown2.o)(c_t.l)
    0x000001e0   0x00000000   Code   RO          468    .ARM.Collect$$libshutdown$$0000000E  c_t.l(libshutdown2.o)(c_t.l)
    0x000001e0   0x00000006   Code   RO          469    .ARM.Collect$$libshutdown$$0000000F  c_t.l(libshutdown2.o)(c_t.l)
    0x000001e6   0x00000002   PAD
    0x000001e8   0x00000000   Code   RO          270    .ARM.Collect$$rtentry$$00000000  c_t.l(rtentry.o)(c_t.l)
    0x000001e8   0x00000000   Code   RO          294    .ARM.Collect$$rtentry$$00000002  c_t.l(rtentry2.o)(c_t.l)
    0x000001e8   0x00000008   Code   RO          309    .ARM.Collect$$rtentry$$00000004  c_t.l(rtentry4.o)(c_t.l)
    0x000001f0   0x00000000   Code   RO          296    .ARM.Collect$$rtentry$$00000009  c_t.l(rtentry2.o)(c_t.l)
    0x000001f0   0x00000004   Code   RO          297    .ARM.Collect$$rtentry$$0000000A  c_t.l(rtentry2.o)(c_t.l)
    0x000001f4   0x00000000   Code   RO          299    .ARM.Collect$$rtentry$$0000000C  c_t.l(rtentry2.o)(c_t.l)
    0x000001f4   0x00000028   Code   RO          300    .ARM.Collect$$rtentry$$0000000D  c_t.l(rtentry2.o)(c_t.l)
    0x0000021c   0x00000004   Ven    RO          342    .ARM.Collect$$rtexit$$00000000  c_t.l(rtexit.o)(c_t.l)
    0x00000220   0x00000004   Code   RO          342    .ARM.Collect$$rtexit$$00000000  c_t.l(rtexit.o)(c_t.l)
    0x00000224   0x00000000   Code   RO          398    .ARM.Collect$$rtexit$$00000002  c_t.l(rtexit2.o)(c_t.l)
    0x00000224   0x00000004   Code   RO          399    .ARM.Collect$$rtexit$$00000003  c_t.l(rtexit2.o)(c_t.l)
    0x00000228   0x00000008   Code   RO          400    .ARM.Collect$$rtexit$$00000004  c_t.l(rtexit2.o)(c_t.l)
    0x00000230   0x00000020   Code   RO            4    .text               startup.o
    0x00000250   0x0000026c   Code   RO           11    .text               uart0.o
    0x000004bc   0x00000b20   Code   RO           33    .text               esp01.o
    0x00000fdc   0x0000029c   Code   RO           62    .text               lcd.o
    0x00001278   0x0000005c   Code   RO           80    .text               delay.o
    0x000012d4   0x00000148   Code   RO           92    .text               dht11.o
    0x0000141c   0x0000016c   Code   RO          107    .text               i2c.o
    0x00001588   0x0000017c   Code   RO          122    .text               i2c_eeprom.o
    0x00001704   0x00000218   Code   RO          137    .text               keypad.o
    0x0000191c   0x00000088   Code   RO          158    .text               external_interrupts_test.o
    0x000019a4   0x00000390   Code   RO          176    .text               pro_main.o
    0x00001d34   0x00000058   Code   RO          207    .text               rtc.o
    0x00001d8c   0x00000008   Ven    RO          224    .text               c_t.l(atoi.o)(c_t.l)
    0x00001d94   0x0000001e   Code   RO          224    .text               c_t.l(atoi.o)(c_t.l)
    0x00001db2   0x00000002   PAD
    0x00001db4   0x00000008   Ven    RO          226    .text               c_t.l(strstr.o)(c_t.l)
    0x00001dbc   0x0000002a   Code   RO          226    .text               c_t.l(strstr.o)(c_t.l)
    0x00001de6   0x00000002   PAD
    0x00001de8   0x00000040   Code   RO          228    .text               c_t.l(rt_memclr.o)(c_t.l)
    0x00001e28   0x00000180   Code   RO          230    .text               c_t.l(aeabi_sdiv.o)(c_t.l)
    0x00001fa8   0x00000006   Code   RO          246    .text               c_t.l(heapauxi.o)(c_t.l)
    0x00001fae   0x00000002   PAD
    0x00001fb0   0x00000004   Ven    RO          279    .text               c_t.l(rt_errno_addr_intlibspace.o)(c_t.l)
    0x00001fb4   0x00000010   Code   RO          279    .text               c_t.l(rt_errno_addr_intlibspace.o)(c_t.l)
    0x00001fc4   0x00000074   Code   RO          281    .text               c_t.l(strtol.o)(c_t.l)
    0x00002038   0x00000054   Code   RO          283    .text               c_t.l(rt_memclr_w.o)(c_t.l)
    0x0000208c   0x0000000c   Code   RO          290    .text               c_t.l(libspace.o)(c_t.l)
    0x00002098   0x00000004   Ven    RO          311    .text               c_t.l(rt_ctype_table.o)(c_t.l)
    0x0000209c   0x00000018   Code   RO          311    .text               c_t.l(rt_ctype_table.o)(c_t.l)
    0x000020b4   0x000000aa   Code   RO          315    .text               c_t.l(_strtoul.o)(c_t.l)
    0x0000215e   0x00000002   PAD
    0x00002160   0x00000060   Code   RO          317    .text               c_t.l(sys_stackheap_outer.o)(c_t.l)
    0x000021c0   0x00000004   Ven    RO          322    .text               c_t.l(rt_locale_intlibspace.o)(c_t.l)
    0x000021c4   0x00000010   Code   RO          322    .text               c_t.l(rt_locale_intlibspace.o)(c_t.l)
    0x000021d4   0x00000022   Code   RO          324    .text               c_t.l(_chval.o)(c_t.l)
    0x000021f6   0x0000000c   Code   RO          329    .text               c_t.l(exit.o)(c_t.l)
    0x00002202   0x00000002   PAD
    0x00002204   0x000000a0   Code   RO          350    .text               c_t.l(strcmp.o)(c_t.l)
    0x000022a4   0x00000008   Ven    RO          395    .text               c_t.l(sys_exit.o)(c_t.l)
    0x000022ac   0x0000000c   Code   RO          395    .text               c_t.l(sys_exit.o)(c_t.l)
    0x000022b8   0x00000010   Code   RO          408    .text               c_t.l(rt_fp_status_addr_intlibspace.o)(c_t.l)
    0x000022c8   0x00000004   Code   RO          420    .text               c_t.l(use_no_semi.o)(c_t.l)
    0x000022cc   0x00000024   Code   RO          231    .text_udiv          c_t.l(aeabi_sdiv.o)(c_t.l)
    0x000022f0   0x00000004   Ven    RO          327    locale$$code        c_t.l(lc_ctype_c.o)(c_t.l)
    0x000022f4   0x00000050   Code   RO          327    locale$$code        c_t.l(lc_ctype_c.o)(c_t.l)
    0x00002344   0x000000c4   Code   RO          250    x$fpl$fadd          fz_ts.l(faddsub_noclz.o)(fz_ts.l)
    0x00002408   0x00000044   Code   RO          256    x$fpl$ffix          fz_ts.l(ffix.o)(fz_ts.l)
    0x0000244c   0x00000054   Code   RO          260    x$fpl$ffixu         fz_ts.l(ffixu.o)(fz_ts.l)
    0x000024a0   0x0000005c   Code   RO          265    x$fpl$fflt          fz_ts.l(fflt_noclz.o)(fz_ts.l)
    0x000024fc   0x00000100   Code   RO          268    x$fpl$fmul          fz_ts.l(fmul.o)(fz_ts.l)
    0x000025fc   0x000000a8   Code   RO          285    x$fpl$fnaninf       fz_ts.l(fnaninf.o)(fz_ts.l)
    0x000026a4   0x00000004   Ven    RO          393    x$fpl$fpinit        fz_ts.l(fpinit.o)(fz_ts.l)
    0x000026a8   0x00000018   Code   RO          393    x$fpl$fpinit        fz_ts.l(fpinit.o)(fz_ts.l)
    0x000026c0   0x00000010   Code   RO          287    x$fpl$fretinf       fz_ts.l(fretinf.o)(fz_ts.l)
    0x000026d0   0x00000014   Code   RO          251    x$fpl$frsb          fz_ts.l(faddsub_noclz.o)(fz_ts.l)
    0x000026e4   0x00000130   Code   RO          252    x$fpl$fsub          fz_ts.l(faddsub_noclz.o)(fz_ts.l)
    0x00002814   0x00000000   Code   RO          289    x$fpl$usenofp       fz_ts.l(usenofp.o)(fz_ts.l)
    0x00002814   0x00000047   Data   RO           34    .constdata          esp01.o
    0x0000285b   0x00000001   PAD
    0x0000285c   0x00000020   Data   RO          470    Region$$Table       anon$$obj.o
    0x0000287c   0x00000110   Data   RO          326    locale$$data        c_t.l(lc_ctype_c.o)(c_t.l)


    Execution Region RW_IRAM1 (Base: 0x40000000, Size: 0x000005d8, Max: 0x00008000, ABSOLUTE)

    Base Addr    Size         Type   Attr      Idx    E Section Name        Object

    0x40000000   0x000000cc   Data   RW           12    .data               uart0.o
    0x400000cc   0x00000018   Data   RW          138    .data               keypad.o
    0x400000e4   0x00000001   Data   RW          159    .data               external_interrupts_test.o
    0x400000e5   0x0000000a   Data   RW          177    .data               pro_main.o
    0x400000ef   0x00000001   PAD
    0x400000f0   0x00000060   Zero   RW          291    .bss                c_t.l(libspace.o)(c_t.l)
    0x40000150   0x00000000   Zero   RW            2    HEAP                startup.o
    0x40000150   0x00000488   Zero   RW            1    STACK               startup.o


==============================================================================

Image component sizes


      Code (inc. data)   RO Data    RW Data    ZI Data      Debug   Object Name

        92          8          0          0          0          0   delay.o
       328          4          0          0          0          0   dht11.o
      2848        500         71          0          0          0   esp01.o
       136         12          0          1          0          0   external_interrupts_test.o
       364          8          0          0          0          0   i2c.o
       380          0          0          0          0          0   i2c_eeprom.o
       536         16          0         24          0          0   keypad.o
       668          8          0          0          0          0   lcd.o
       912        128          0         10          0          0   pro_main.o
        88          8          0          0          0          0   rtc.o
       304         60          0          0       1160          0   startup.o
       620         28          0        204          0          0   uart0.o

    ----------------------------------------------------------------------
      7276        780        104        240       1160          0   Object Totals
         0          0         32          0          0          0   (incl. Generated)
         0          0          1          1          0          3   (incl. Padding)

    ----------------------------------------------------------------------

      Code (inc. data)   RO Data    RW Data    ZI Data      Debug   Library Member Name

         8          0          0          0          0          0   __main.o
        60          8          0          0          0          0   __scatter.o
        40          0          0          0          0          0   __scatter_copy.o
        44          0          0          0          0          0   __scatter_zi.o
        34          0          0          0          0          0   _chval.o
       170          0          0          0          0          0   _strtoul.o
       420          0          0          0          0          0   aeabi_sdiv.o
        38          0          0          0          0          0   atoi.o
        12          0          0          0          0          0   exit.o
         6          0          0          0          0          0   heapauxi.o
        84          8        272          0          0          0   lc_ctype_c.o
        14          0          0          0          0          0   libinit.o
        30          0          0          0          0          0   libinit2.o
        12          0          0          0          0          0   libshutdown.o
         6          0          0          0          0          0   libshutdown2.o
        12          4          0          0         96          0   libspace.o
        28          4          0          0          0          0   rt_ctype_table.o
        20          4          0          0          0          0   rt_errno_addr_intlibspace.o
        16          4          0          0          0          0   rt_fp_status_addr_intlibspace.o
        20          4          0          0          0          0   rt_locale_intlibspace.o
        64          0          0          0          0          0   rt_memclr.o
        84          0          0          0          0          0   rt_memclr_w.o
         0          0          0          0          0          0   rtentry.o
        44          4          0          0          0          0   rtentry2.o
         8          0          0          0          0          0   rtentry4.o
         8          0          0          0          0          0   rtexit.o
        12          0          0          0          0          0   rtexit2.o
       160          4          0          0          0          0   strcmp.o
        50          0          0          0          0          0   strstr.o
       116          4          0          0          0          0   strtol.o
        20          4          0          0          0          0   sys_exit.o
        96          0          0          0          0          0   sys_stackheap_outer.o
         4          0          0          0          0          0   use_no_semi.o
       520          8          0          0          0          0   faddsub_noclz.o
        68          4          0          0          0          0   ffix.o
        84          4          0          0          0          0   ffixu.o
        92          0          0          0          0          0   fflt_noclz.o
       256          4          0          0          0          0   fmul.o
       168          0          0          0          0          0   fnaninf.o
        28          0          0          0          0          0   fpinit.o
        16          0          0          0          0          0   fretinf.o
         0          0          0          0          0          0   usenofp.o

    ----------------------------------------------------------------------
      2984         72        272          0         96          0   Library Totals
        12          0          0          0          0          0   (incl. Padding)

    ----------------------------------------------------------------------

      Code (inc. data)   RO Data    RW Data    ZI Data      Debug   Library Name

      1740         52        272          0         96       1704   c_t.l
      1232         20          0          0          0        804   fz_ts.l

    ----------------------------------------------------------------------
      2984         72        272          0         96          0   Library Totals

    ----------------------------------------------------------------------

==============================================================================


      Code (inc. data)   RO Data    RW Data    ZI Data      Debug   

     10260        852        376        240       1256      20252   Grand Totals
     10260        852        376        240       1256      20252   ELF Image Totals
     10260        852        376        240          0          0   ROM Totals

==============================================================================

    Total RO  Size (Code + RO Data)                10636 (  10.39kB)
    Total RW  Size (RW Data + ZI Data)              1496 (   1.46kB)
    Total ROM Size (Code + RO Data + RW Data)      10876 (  10.62kB)

==============================================================================

