<html>
<body>
<pre>
<h1>µVision Build Log</h1>
<h2>Project:</h2>
E:\v24he6k14\final project\ESP01.uvproj
Project File Date:  06/06/2025

<h2>Output:</h2>
Build target 'Target 1'
compiling lcd.c...
compiling dht11.c...
compiling keypad.c...
compiling external_interrupts_test.c...
compiling pro_main.c...
linking...
Program Size: Code=10452 RO-data=376 RW-data=388 ZI-data=1260  
FromELF: creating hex file...
"he6.axf" - 0 Error(s), 0 Warning(s).
Build target 'Target 1'
assembling Startup.s...
compiling uart0.c...
compiling esp01.c...
compiling lcd.c...
compiling delay.c...
compiling dht11.c...
compiling i2c.c...
compiling i2c_eeprom.c...
compiling keypad.c...
compiling external_interrupts_test.c...
compiling pro_main.c...
compiling rtc.c...
linking...
Program Size: Code=10452 RO-data=376 RW-data=388 ZI-data=1260  
FromELF: creating hex file...
"he6.axf" - 0 Error(s), 0 Warning(s).
Build target 'Target 1'
assembling Startup.s...
compiling uart0.c...
compiling esp01.c...
compiling lcd.c...
compiling delay.c...
compiling dht11.c...
compiling i2c.c...
compiling i2c_eeprom.c...
compiling keypad.c...
compiling external_interrupts_test.c...
compiling pro_main.c...
compiling rtc.c...
linking...
Program Size: Code=10548 RO-data=376 RW-data=388 ZI-data=1260  
FromELF: creating hex file...
"he6.axf" - 0 Error(s), 0 Warning(s).
Build target 'Target 1'
assembling Startup.s...
compiling uart0.c...
compiling esp01.c...
compiling lcd.c...
compiling delay.c...
compiling dht11.c...
compiling i2c.c...
compiling i2c_eeprom.c...
compiling keypad.c...
compiling external_interrupts_test.c...
compiling pro_main.c...
compiling rtc.c...
linking...
Program Size: Code=10552 RO-data=376 RW-data=388 ZI-data=1260  
FromELF: creating hex file...
"he6.axf" - 0 Error(s), 0 Warning(s).
Build target 'Target 1'
assembling Startup.s...
compiling uart0.c...
compiling esp01.c...
compiling lcd.c...
compiling delay.c...
compiling dht11.c...
compiling i2c.c...
compiling i2c_eeprom.c...
compiling keypad.c...
compiling external_interrupts_test.c...
compiling pro_main.c...
pro_main.c(27): warning:  #223-D: function "delay_s" declared implicitly
pro_main.c:             delay_s(1);
pro_main.c:             ^
pro_main.c: pro_main.c: 1 warning, 0 errors
compiling rtc.c...
linking...
Program Size: Code=10552 RO-data=376 RW-data=388 ZI-data=1260  
FromELF: creating hex file...
"he6.axf" - 0 Error(s), 1 Warning(s).
Build target 'Target 1'
assembling Startup.s...
compiling uart0.c...
compiling esp01.c...
compiling lcd.c...
compiling delay.c...
compiling dht11.c...
compiling i2c.c...
compiling i2c_eeprom.c...
compiling keypad.c...
compiling external_interrupts_test.c...
compiling pro_main.c...
compiling rtc.c...
linking...
Program Size: Code=10552 RO-data=376 RW-data=388 ZI-data=1260  
FromELF: creating hex file...
"he6.axf" - 0 Error(s), 0 Warning(s).
Build target 'Target 1'
assembling Startup.s...
compiling uart0.c...
compiling esp01.c...
compiling lcd.c...
compiling delay.c...
compiling dht11.c...
compiling i2c.c...
compiling i2c_eeprom.c...
compiling keypad.c...
compiling external_interrupts_test.c...
compiling pro_main.c...
compiling rtc.c...
rtc.c(28): error: At end of source:  #1507: error while writing preprocessing output file: Invalid argument
rtc.c: rtc.c: 0 warnings, 1 error
Target not created
Build target 'Target 1'
assembling Startup.s...
compiling uart0.c...
compiling esp01.c...
compiling lcd.c...
compiling delay.c...
compiling dht11.c...
compiling i2c.c...
compiling i2c_eeprom.c...
compiling keypad.c...
compiling external_interrupts_test.c...
compiling pro_main.c...
compiling rtc.c...
linking...
he6.axf: error: L6003U: Could not write to file .\he6.map.
he6.axf: Not enough information to list image symbols.
he6.axf: Not enough information to list the image map.
he6.axf: Finished: 2 information, 0 warning, 0 error and 1 fatal error messages.
Target not created
Build target 'Target 1'
compiling pro_main.c...
linking...
Program Size: Code=10552 RO-data=376 RW-data=388 ZI-data=1260  
FromELF: creating hex file...
"he6.axf" - 0 Error(s), 0 Warning(s).
Build target 'Target 1'
assembling Startup.s...
compiling uart0.c...
compiling esp01.c...
compiling lcd.c...
compiling delay.c...
compiling dht11.c...
compiling i2c.c...
compiling i2c_eeprom.c...
compiling keypad.c...
compiling external_interrupts_test.c...
compiling pro_main.c...
compiling rtc.c...
linking...
Program Size: Code=10580 RO-data=376 RW-data=388 ZI-data=1260  
FromELF: creating hex file...
"he6.axf" - 0 Error(s), 0 Warning(s).
