<html>
<body>
<pre>
<h1>µVision Build Log</h1>
<h2>Project:</h2>
E:\krajesh\v22he5k20\ARM\Projects\V24HE6_PROJECTS\IOT DATA LOGGER WITH THRESHOLD VIOLATION DETECTION\LPC2148-ESP01\LPC2148-ESP01-LEVEL1\ESP01.uvproj
Project File Date:  06/05/2025

<h2>Output:</h2>
Build target 'Target 1'
assembling Startup.s...
compiling uart0.c...
compiling esp01.c...
esp01.c(271): warning:  #167-D: argument of type "u8 *" is incompatible with parameter of type "char *restrict"
esp01.c:                strcpy(arr,buff);
esp01.c:                       ^
esp01.c(300): warning:  #1441-D: nonstandard cast on lvalue
esp01.c:        while(((char *)q=strstr((const char *)q,"field1")))
esp01.c:               ^
esp01.c(300): warning:  #1293-D: assignment in condition
esp01.c:        while(((char *)q=strstr((const char *)q,"field1")))
esp01.c:              ^
esp01.c(307): warning:  #513-D: a value of type "char *" cannot be assigned to an entity of type "u8 *"
esp01.c:                        if(q=strchr((const char *)q,':'))
esp01.c:                            ^
esp01.c(307): warning:  #1293-D: assignment in condition
esp01.c:                        if(q=strchr((const char *)q,':'))
esp01.c:                           ^
esp01.c: esp01.c: 5 warnings, 0 errors
compiling lcd.c...
compiling delay.c...
compiling dht11.c...
compiling i2c.c...
compiling i2c_eeprom.c...
compiling keypad.c...
compiling external_interrupts_test.c...
compiling pro_main.c...
compiling rtc.c...
linking...
Program Size: Code=10608 RO-data=376 RW-data=544 ZI-data=1256  
FromELF: creating hex file...
"IOT.axf" - 0 Error(s), 5 Warning(s).
Build target 'Target 1'
assembling Startup.s...
compiling uart0.c...
compiling esp01.c...
esp01.c(271): warning:  #167-D: argument of type "u8 *" is incompatible with parameter of type "char *restrict"
esp01.c:                strcpy(arr,buff);
esp01.c:                       ^
esp01.c(300): warning:  #1441-D: nonstandard cast on lvalue
esp01.c:        while(((char *)q=strstr((const char *)q,"field1")))
esp01.c:               ^
esp01.c(300): warning:  #1293-D: assignment in condition
esp01.c:        while(((char *)q=strstr((const char *)q,"field1")))
esp01.c:              ^
esp01.c(307): warning:  #513-D: a value of type "char *" cannot be assigned to an entity of type "u8 *"
esp01.c:                        if(q=strchr((const char *)q,':'))
esp01.c:                            ^
esp01.c(307): warning:  #1293-D: assignment in condition
esp01.c:                        if(q=strchr((const char *)q,':'))
esp01.c:                           ^
esp01.c: esp01.c: 5 warnings, 0 errors
compiling lcd.c...
compiling delay.c...
compiling dht11.c...
compiling i2c.c...
compiling i2c_eeprom.c...
compiling keypad.c...
compiling external_interrupts_test.c...
compiling pro_main.c...
compiling rtc.c...
linking...
Program Size: Code=10608 RO-data=376 RW-data=544 ZI-data=1256  
FromELF: creating hex file...
"IOT.axf" - 0 Error(s), 5 Warning(s).
Build target 'Target 1'
assembling Startup.s...
compiling uart0.c...
compiling esp01.c...
esp01.c(271): warning:  #167-D: argument of type "u8 *" is incompatible with parameter of type "char *restrict"
esp01.c:                strcpy(arr,buff);
esp01.c:                       ^
esp01.c(300): warning:  #1441-D: nonstandard cast on lvalue
esp01.c:        while(((char *)q=strstr((const char *)q,"field1")))
esp01.c:               ^
esp01.c(300): warning:  #1293-D: assignment in condition
esp01.c:        while(((char *)q=strstr((const char *)q,"field1")))
esp01.c:              ^
esp01.c(307): warning:  #513-D: a value of type "char *" cannot be assigned to an entity of type "u8 *"
esp01.c:                        if(q=strchr((const char *)q,':'))
esp01.c:                            ^
esp01.c(307): warning:  #1293-D: assignment in condition
esp01.c:                        if(q=strchr((const char *)q,':'))
esp01.c:                           ^
esp01.c: esp01.c: 5 warnings, 0 errors
compiling lcd.c...
compiling delay.c...
compiling dht11.c...
compiling i2c.c...
compiling i2c_eeprom.c...
compiling keypad.c...
compiling external_interrupts_test.c...
compiling pro_main.c...
compiling rtc.c...
linking...
Program Size: Code=10608 RO-data=376 RW-data=544 ZI-data=1256  
FromELF: creating hex file...
"IOT.axf" - 0 Error(s), 5 Warning(s).
Build target 'Target 1'
assembling Startup.s...
compiling uart0.c...
compiling esp01.c...
esp01.c(271): warning:  #167-D: argument of type "u8 *" is incompatible with parameter of type "char *restrict"
esp01.c:                strcpy(arr,buff);
esp01.c:                       ^
esp01.c(300): warning:  #1441-D: nonstandard cast on lvalue
esp01.c:        while(((char *)q=strstr((const char *)q,"field1")))
esp01.c:               ^
esp01.c(300): warning:  #1293-D: assignment in condition
esp01.c:        while(((char *)q=strstr((const char *)q,"field1")))
esp01.c:              ^
esp01.c(307): warning:  #513-D: a value of type "char *" cannot be assigned to an entity of type "u8 *"
esp01.c:                        if(q=strchr((const char *)q,':'))
esp01.c:                            ^
esp01.c(307): warning:  #1293-D: assignment in condition
esp01.c:                        if(q=strchr((const char *)q,':'))
esp01.c:                           ^
esp01.c: esp01.c: 5 warnings, 0 errors
compiling lcd.c...
compiling delay.c...
compiling dht11.c...
compiling i2c.c...
compiling i2c_eeprom.c...
compiling keypad.c...
compiling external_interrupts_test.c...
compiling pro_main.c...
compiling rtc.c...
linking...
Program Size: Code=10608 RO-data=376 RW-data=544 ZI-data=1256  
FromELF: creating hex file...
"IOT.axf" - 0 Error(s), 5 Warning(s).
Build target 'Target 1'
assembling Startup.s...
compiling uart0.c...
compiling esp01.c...
esp01.c(271): warning:  #167-D: argument of type "u8 *" is incompatible with parameter of type "char *restrict"
esp01.c:                strcpy(arr,buff);
esp01.c:                       ^
esp01.c(300): warning:  #1441-D: nonstandard cast on lvalue
esp01.c:        while(((char *)q=strstr((const char *)q,"field1")))
esp01.c:               ^
esp01.c(300): warning:  #1293-D: assignment in condition
esp01.c:        while(((char *)q=strstr((const char *)q,"field1")))
esp01.c:              ^
esp01.c(307): warning:  #513-D: a value of type "char *" cannot be assigned to an entity of type "u8 *"
esp01.c:                        if(q=strchr((const char *)q,':'))
esp01.c:                            ^
esp01.c(307): warning:  #1293-D: assignment in condition
esp01.c:                        if(q=strchr((const char *)q,':'))
esp01.c:                           ^
esp01.c: esp01.c: 5 warnings, 0 errors
compiling lcd.c...
compiling delay.c...
compiling dht11.c...
compiling i2c.c...
compiling i2c_eeprom.c...
compiling keypad.c...
compiling external_interrupts_test.c...
compiling pro_main.c...
compiling rtc.c...
linking...
Program Size: Code=10608 RO-data=376 RW-data=544 ZI-data=1256  
FromELF: creating hex file...
"IOT.axf" - 0 Error(s), 5 Warning(s).
Build target 'Target 1'
assembling Startup.s...
compiling uart0.c...
compiling esp01.c...
esp01.c(271): warning:  #167-D: argument of type "u8 *" is incompatible with parameter of type "char *restrict"
esp01.c:                strcpy(arr,buff);
esp01.c:                       ^
esp01.c(300): warning:  #1441-D: nonstandard cast on lvalue
esp01.c:        while(((char *)q=strstr((const char *)q,"field1")))
esp01.c:               ^
esp01.c(300): warning:  #1293-D: assignment in condition
esp01.c:        while(((char *)q=strstr((const char *)q,"field1")))
esp01.c:              ^
esp01.c(307): warning:  #513-D: a value of type "char *" cannot be assigned to an entity of type "u8 *"
esp01.c:                        if(q=strchr((const char *)q,':'))
esp01.c:                            ^
esp01.c(307): warning:  #1293-D: assignment in condition
esp01.c:                        if(q=strchr((const char *)q,':'))
esp01.c:                           ^
esp01.c: esp01.c: 5 warnings, 0 errors
compiling lcd.c...
compiling delay.c...
compiling dht11.c...
compiling i2c.c...
compiling i2c_eeprom.c...
compiling keypad.c...
compiling external_interrupts_test.c...
compiling pro_main.c...
compiling rtc.c...
linking...
Program Size: Code=10500 RO-data=376 RW-data=544 ZI-data=1256  
FromELF: creating hex file...
"IOT.axf" - 0 Error(s), 5 Warning(s).
Build target 'Target 1'
assembling Startup.s...
compiling uart0.c...
compiling esp01.c...
esp01.c(300): warning:  #1441-D: nonstandard cast on lvalue
esp01.c:        while(((char *)q=strstr((const char *)q,"field1")))
esp01.c:               ^
esp01.c(300): warning:  #1293-D: assignment in condition
esp01.c:        while(((char *)q=strstr((const char *)q,"field1")))
esp01.c:              ^
esp01.c(307): warning:  #513-D: a value of type "char *" cannot be assigned to an entity of type "u8 *"
esp01.c:                        if(q=strchr((const char *)q,':'))
esp01.c:                            ^
esp01.c(307): warning:  #1293-D: assignment in condition
esp01.c:                        if(q=strchr((const char *)q,':'))
esp01.c:                           ^
esp01.c: esp01.c: 4 warnings, 0 errors
compiling lcd.c...
compiling delay.c...
compiling dht11.c...
compiling i2c.c...
compiling i2c_eeprom.c...
compiling keypad.c...
compiling external_interrupts_test.c...
compiling pro_main.c...
compiling rtc.c...
linking...
Program Size: Code=10608 RO-data=376 RW-data=544 ZI-data=1256  
FromELF: creating hex file...
"IOT.axf" - 0 Error(s), 4 Warning(s).
Build target 'Target 1'
assembling Startup.s...
compiling uart0.c...
compiling esp01.c...
esp01.c(300): warning:  #1441-D: nonstandard cast on lvalue
esp01.c:        while(((char *)q=strstr((const char *)q,"field1")))
esp01.c:               ^
esp01.c(300): warning:  #1293-D: assignment in condition
esp01.c:        while(((char *)q=strstr((const char *)q,"field1")))
esp01.c:              ^
esp01.c(307): warning:  #513-D: a value of type "char *" cannot be assigned to an entity of type "u8 *"
esp01.c:                        if(q=strchr((const char *)q,':'))
esp01.c:                            ^
esp01.c(307): warning:  #1293-D: assignment in condition
esp01.c:                        if(q=strchr((const char *)q,':'))
esp01.c:                           ^
esp01.c: esp01.c: 4 warnings, 0 errors
compiling lcd.c...
compiling delay.c...
compiling dht11.c...
compiling i2c.c...
compiling i2c_eeprom.c...
compiling keypad.c...
compiling external_interrupts_test.c...
compiling pro_main.c...
compiling rtc.c...
linking...
Program Size: Code=10608 RO-data=376 RW-data=544 ZI-data=1256  
FromELF: creating hex file...
"IOT2.axf" - 0 Error(s), 4 Warning(s).
Build target 'Target 1'
assembling Startup.s...
compiling uart0.c...
compiling esp01.c...
esp01.c(300): warning:  #1441-D: nonstandard cast on lvalue
esp01.c:        while(((char *)q=strstr((const char *)q,"field1")))
esp01.c:               ^
esp01.c(300): warning:  #1293-D: assignment in condition
esp01.c:        while(((char *)q=strstr((const char *)q,"field1")))
esp01.c:              ^
esp01.c(307): warning:  #513-D: a value of type "char *" cannot be assigned to an entity of type "u8 *"
esp01.c:                        if(q=strchr((const char *)q,':'))
esp01.c:                            ^
esp01.c(307): warning:  #1293-D: assignment in condition
esp01.c:                        if(q=strchr((const char *)q,':'))
esp01.c:                           ^
esp01.c: esp01.c: 4 warnings, 0 errors
compiling lcd.c...
compiling delay.c...
compiling dht11.c...
compiling i2c.c...
compiling i2c_eeprom.c...
compiling keypad.c...
compiling external_interrupts_test.c...
compiling rtc.c...
compiling dht11_main.c...
linking...
IOT2.axf: Error: L6218E: Undefined symbol rsp (referred from esp01.o).
IOT2.axf: Not enough information to list image symbols.
IOT2.axf: Finished: 1 information, 0 warning and 1 error messages.
Target not created
Build target 'Target 1'
assembling Startup.s...
compiling uart0.c...
compiling lcd.c...
compiling delay.c...
compiling dht11.c...
compiling i2c.c...
compiling i2c_eeprom.c...
compiling keypad.c...
compiling external_interrupts_test.c...
compiling rtc.c...
compiling dht11_main.c...
linking...
Program Size: Code=3064 RO-data=16 RW-data=0 ZI-data=1256  
FromELF: creating hex file...
"IOT2.axf" - 0 Error(s), 0 Warning(s).
Build target 'Target 1'
assembling Startup.s...
compiling uart0.c...
compiling esp01.c...
esp01.c(300): warning:  #1441-D: nonstandard cast on lvalue
esp01.c:        while(((char *)q=strstr((const char *)q,"field1")))
esp01.c:               ^
esp01.c(300): warning:  #1293-D: assignment in condition
esp01.c:        while(((char *)q=strstr((const char *)q,"field1")))
esp01.c:              ^
esp01.c(307): warning:  #513-D: a value of type "char *" cannot be assigned to an entity of type "u8 *"
esp01.c:                        if(q=strchr((const char *)q,':'))
esp01.c:                            ^
esp01.c(307): warning:  #1293-D: assignment in condition
esp01.c:                        if(q=strchr((const char *)q,':'))
esp01.c:                           ^
esp01.c: esp01.c: 4 warnings, 0 errors
compiling lcd.c...
compiling delay.c...
compiling dht11.c...
compiling i2c.c...
compiling i2c_eeprom.c...
compiling keypad.c...
compiling external_interrupts_test.c...
compiling pro_main.c...
compiling rtc.c...
linking...
Program Size: Code=10608 RO-data=376 RW-data=544 ZI-data=1256  
FromELF: creating hex file...
"IOT2.axf" - 0 Error(s), 4 Warning(s).
Build target 'Target 1'
assembling Startup.s...
compiling uart0.c...
compiling esp01.c...
esp01.c(300): warning:  #1441-D: nonstandard cast on lvalue
esp01.c:        while(((char *)q=strstr((const char *)q,"field1")))
esp01.c:               ^
esp01.c(300): warning:  #1293-D: assignment in condition
esp01.c:        while(((char *)q=strstr((const char *)q,"field1")))
esp01.c:              ^
esp01.c(307): warning:  #513-D: a value of type "char *" cannot be assigned to an entity of type "u8 *"
esp01.c:                        if(q=strchr((const char *)q,':'))
esp01.c:                            ^
esp01.c(307): warning:  #1293-D: assignment in condition
esp01.c:                        if(q=strchr((const char *)q,':'))
esp01.c:                           ^
esp01.c: esp01.c: 4 warnings, 0 errors
compiling lcd.c...
compiling delay.c...
compiling dht11.c...
compiling i2c.c...
compiling i2c_eeprom.c...
compiling keypad.c...
compiling external_interrupts_test.c...
compiling pro_main.c...
compiling rtc.c...
linking...
Program Size: Code=10624 RO-data=376 RW-data=544 ZI-data=1256  
FromELF: creating hex file...
"IOT2.axf" - 0 Error(s), 4 Warning(s).
Build target 'Target 1'
assembling Startup.s...
compiling uart0.c...
compiling esp01.c...
esp01.c(300): warning:  #1441-D: nonstandard cast on lvalue
esp01.c:        while(((char *)q=strstr((const char *)q,"field1")))
esp01.c:               ^
esp01.c(300): warning:  #1293-D: assignment in condition
esp01.c:        while(((char *)q=strstr((const char *)q,"field1")))
esp01.c:              ^
esp01.c(307): warning:  #513-D: a value of type "char *" cannot be assigned to an entity of type "u8 *"
esp01.c:                        if(q=strchr((const char *)q,':'))
esp01.c:                            ^
esp01.c(307): warning:  #1293-D: assignment in condition
esp01.c:                        if(q=strchr((const char *)q,':'))
esp01.c:                           ^
esp01.c: esp01.c: 4 warnings, 0 errors
compiling lcd.c...
compiling delay.c...
compiling dht11.c...
compiling i2c.c...
compiling i2c_eeprom.c...
compiling keypad.c...
compiling external_interrupts_test.c...
compiling pro_main.c...
compiling rtc.c...
linking...
Program Size: Code=10624 RO-data=376 RW-data=544 ZI-data=1256  
FromELF: creating hex file...
"DHT11.axf" - 0 Error(s), 4 Warning(s).
Build target 'Target 1'
assembling Startup.s...
compiling uart0.c...
compiling esp01.c...
esp01.c(300): warning:  #1441-D: nonstandard cast on lvalue
esp01.c:        while(((char *)q=strstr((const char *)q,"field1")))
esp01.c:               ^
esp01.c(300): warning:  #1293-D: assignment in condition
esp01.c:        while(((char *)q=strstr((const char *)q,"field1")))
esp01.c:              ^
esp01.c(307): warning:  #513-D: a value of type "char *" cannot be assigned to an entity of type "u8 *"
esp01.c:                        if(q=strchr((const char *)q,':'))
esp01.c:                            ^
esp01.c(307): warning:  #1293-D: assignment in condition
esp01.c:                        if(q=strchr((const char *)q,':'))
esp01.c:                           ^
esp01.c: esp01.c: 4 warnings, 0 errors
compiling lcd.c...
compiling delay.c...
compiling dht11.c...
compiling i2c.c...
compiling i2c_eeprom.c...
compiling keypad.c...
compiling external_interrupts_test.c...
compiling pro_main.c...
compiling rtc.c...
linking...
Program Size: Code=10624 RO-data=376 RW-data=544 ZI-data=1256  
FromELF: creating hex file...
"DHT11.axf" - 0 Error(s), 4 Warning(s).
Build target 'Target 1'
assembling Startup.s...
compiling uart0.c...
compiling esp01.c...
esp01.c(300): warning:  #1441-D: nonstandard cast on lvalue
esp01.c:        while(((char *)q=strstr((const char *)q,"field1")))
esp01.c:               ^
esp01.c(300): warning:  #1293-D: assignment in condition
esp01.c:        while(((char *)q=strstr((const char *)q,"field1")))
esp01.c:              ^
esp01.c(307): warning:  #513-D: a value of type "char *" cannot be assigned to an entity of type "u8 *"
esp01.c:                        if(q=strchr((const char *)q,':'))
esp01.c:                            ^
esp01.c(307): warning:  #1293-D: assignment in condition
esp01.c:                        if(q=strchr((const char *)q,':'))
esp01.c:                           ^
esp01.c: esp01.c: 4 warnings, 0 errors
compiling lcd.c...
compiling delay.c...
compiling dht11.c...
compiling i2c.c...
compiling i2c_eeprom.c...
compiling keypad.c...
compiling external_interrupts_test.c...
compiling pro_main.c...
compiling rtc.c...
linking...
Program Size: Code=10624 RO-data=376 RW-data=544 ZI-data=1256  
FromELF: creating hex file...
"DHT11.axf" - 0 Error(s), 4 Warning(s).
Build target 'Target 1'
assembling Startup.s...
compiling uart0.c...
compiling esp01.c...
esp01.c(300): warning:  #1441-D: nonstandard cast on lvalue
esp01.c:        while(((char *)q=strstr((const char *)q,"field1")))
esp01.c:               ^
esp01.c(300): warning:  #1293-D: assignment in condition
esp01.c:        while(((char *)q=strstr((const char *)q,"field1")))
esp01.c:              ^
esp01.c(307): warning:  #513-D: a value of type "char *" cannot be assigned to an entity of type "u8 *"
esp01.c:                        if(q=strchr((const char *)q,':'))
esp01.c:                            ^
esp01.c(307): warning:  #1293-D: assignment in condition
esp01.c:                        if(q=strchr((const char *)q,':'))
esp01.c:                           ^
esp01.c: esp01.c: 4 warnings, 0 errors
compiling lcd.c...
compiling delay.c...
compiling dht11.c...
compiling i2c.c...
compiling i2c_eeprom.c...
compiling keypad.c...
compiling external_interrupts_test.c...
compiling pro_main.c...
compiling rtc.c...
linking...
Program Size: Code=10624 RO-data=376 RW-data=544 ZI-data=1256  
FromELF: creating hex file...
"DHT11.axf" - 0 Error(s), 4 Warning(s).
Build target 'Target 1'
assembling Startup.s...
compiling uart0.c...
compiling esp01.c...
esp01.c(300): warning:  #1441-D: nonstandard cast on lvalue
esp01.c:        while(((char *)q=strstr((const char *)q,"field1")))
esp01.c:               ^
esp01.c(300): warning:  #1293-D: assignment in condition
esp01.c:        while(((char *)q=strstr((const char *)q,"field1")))
esp01.c:              ^
esp01.c(307): warning:  #513-D: a value of type "char *" cannot be assigned to an entity of type "u8 *"
esp01.c:                        if(q=strchr((const char *)q,':'))
esp01.c:                            ^
esp01.c(307): warning:  #1293-D: assignment in condition
esp01.c:                        if(q=strchr((const char *)q,':'))
esp01.c:                           ^
esp01.c: esp01.c: 4 warnings, 0 errors
compiling lcd.c...
compiling delay.c...
compiling dht11.c...
compiling i2c.c...
compiling i2c_eeprom.c...
compiling keypad.c...
compiling external_interrupts_test.c...
compiling pro_main.c...
compiling rtc.c...
linking...
Program Size: Code=10508 RO-data=376 RW-data=544 ZI-data=1256  
FromELF: creating hex file...
"DHT11.axf" - 0 Error(s), 4 Warning(s).
Build target 'Target 1'
assembling Startup.s...
compiling uart0.c...
compiling esp01.c...
esp01.c(300): warning:  #1441-D: nonstandard cast on lvalue
esp01.c:        while(((char *)q=strstr((const char *)q,"field1")))
esp01.c:               ^
esp01.c(300): warning:  #1293-D: assignment in condition
esp01.c:        while(((char *)q=strstr((const char *)q,"field1")))
esp01.c:              ^
esp01.c(307): warning:  #513-D: a value of type "char *" cannot be assigned to an entity of type "u8 *"
esp01.c:                        if(q=strchr((const char *)q,':'))
esp01.c:                            ^
esp01.c(307): warning:  #1293-D: assignment in condition
esp01.c:                        if(q=strchr((const char *)q,':'))
esp01.c:                           ^
esp01.c: esp01.c: 4 warnings, 0 errors
compiling lcd.c...
compiling delay.c...
compiling dht11.c...
compiling i2c.c...
compiling i2c_eeprom.c...
compiling keypad.c...
compiling external_interrupts_test.c...
compiling pro_main.c...
compiling rtc.c...
linking...
Program Size: Code=10508 RO-data=376 RW-data=544 ZI-data=1256  
FromELF: creating hex file...
"DHT11.axf" - 0 Error(s), 4 Warning(s).
Build target 'Target 1'
assembling Startup.s...
compiling uart0.c...
compiling lcd.c...
compiling delay.c...
compiling dht11.c...
compiling i2c.c...
compiling i2c_eeprom.c...
compiling keypad.c...
compiling external_interrupts_test.c...
compiling rtc.c...
compiling dht11_main.c...
linking...
Program Size: Code=3064 RO-data=16 RW-data=0 ZI-data=1256  
FromELF: creating hex file...
"DHT11.axf" - 0 Error(s), 0 Warning(s).
Build target 'Target 1'
assembling Startup.s...
compiling uart0.c...
compiling lcd.c...
compiling delay.c...
compiling dht11.c...
compiling i2c.c...
compiling i2c_eeprom.c...
compiling keypad.c...
compiling external_interrupts_test.c...
compiling rtc.c...
compiling dht11_main.c...
linking...
Program Size: Code=3064 RO-data=16 RW-data=0 ZI-data=1256  
FromELF: creating hex file...
"DHT11.axf" - 0 Error(s), 0 Warning(s).
Build target 'Target 1'
assembling Startup.s...
compiling uart0.c...
compiling esp01.c...
esp01.c(300): warning:  #1441-D: nonstandard cast on lvalue
esp01.c:        while(((char *)q=strstr((const char *)q,"field1")))
esp01.c:               ^
esp01.c(300): warning:  #1293-D: assignment in condition
esp01.c:        while(((char *)q=strstr((const char *)q,"field1")))
esp01.c:              ^
esp01.c(307): warning:  #513-D: a value of type "char *" cannot be assigned to an entity of type "u8 *"
esp01.c:                        if(q=strchr((const char *)q,':'))
esp01.c:                            ^
esp01.c(307): warning:  #1293-D: assignment in condition
esp01.c:                        if(q=strchr((const char *)q,':'))
esp01.c:                           ^
esp01.c: esp01.c: 4 warnings, 0 errors
compiling lcd.c...
compiling delay.c...
compiling dht11.c...
compiling i2c.c...
compiling i2c_eeprom.c...
compiling keypad.c...
compiling external_interrupts_test.c...
compiling pro_main.c...
compiling rtc.c...
linking...
Program Size: Code=10492 RO-data=376 RW-data=540 ZI-data=1260  
FromELF: creating hex file...
"DHT11.axf" - 0 Error(s), 4 Warning(s).
Build target 'Target 1'
assembling Startup.s...
compiling uart0.c...
compiling esp01.c...
esp01.c(300): warning:  #1441-D: nonstandard cast on lvalue
esp01.c:        while(((char *)q=strstr((const char *)q,"field1")))
esp01.c:               ^
esp01.c(300): warning:  #1293-D: assignment in condition
esp01.c:        while(((char *)q=strstr((const char *)q,"field1")))
esp01.c:              ^
esp01.c(307): warning:  #513-D: a value of type "char *" cannot be assigned to an entity of type "u8 *"
esp01.c:                        if(q=strchr((const char *)q,':'))
esp01.c:                            ^
esp01.c(307): warning:  #1293-D: assignment in condition
esp01.c:                        if(q=strchr((const char *)q,':'))
esp01.c:                           ^
esp01.c: esp01.c: 4 warnings, 0 errors
compiling lcd.c...
compiling delay.c...
compiling dht11.c...
compiling i2c.c...
compiling i2c_eeprom.c...
compiling keypad.c...
compiling external_interrupts_test.c...
compiling pro_main.c...
compiling rtc.c...
linking...
Program Size: Code=10492 RO-data=376 RW-data=540 ZI-data=1260  
FromELF: creating hex file...
"DHT11.axf" - 0 Error(s), 4 Warning(s).
Build target 'Target 1'
assembling Startup.s...
compiling uart0.c...
compiling lcd.c...
compiling delay.c...
compiling dht11.c...
compiling i2c.c...
compiling i2c_eeprom.c...
compiling keypad.c...
compiling external_interrupts_test.c...
compiling rtc.c...
compiling dht11_main.c...
linking...
Program Size: Code=3064 RO-data=16 RW-data=0 ZI-data=1256  
FromELF: creating hex file...
"DHT11.axf" - 0 Error(s), 0 Warning(s).
Build target 'Target 1'
assembling Startup.s...
compiling uart0.c...
compiling lcd.c...
compiling delay.c...
compiling dht11.c...
compiling i2c.c...
compiling i2c_eeprom.c...
compiling keypad.c...
compiling external_interrupts_test.c...
compiling pro_main.c...
compiling rtc.c...
linking...
DHT11.axf: Error: L6218E: Undefined symbol esp01_connectAP (referred from pro_main.o).
DHT11.axf: Error: L6218E: Undefined symbol esp01_sendToThingspeak (referred from pro_main.o).
DHT11.axf: Error: L6218E: Undefined symbol espo1_ReadfromThingspeak (referred from pro_main.o).
DHT11.axf: Not enough information to list image symbols.
DHT11.axf: Finished: 1 information, 0 warning and 3 error messages.
Target not created
Build target 'Target 1'
assembling Startup.s...
compiling uart0.c...
compiling esp01.c...
esp01.c(300): warning:  #1441-D: nonstandard cast on lvalue
esp01.c:        while(((char *)q=strstr((const char *)q,"field1")))
esp01.c:               ^
esp01.c(300): warning:  #1293-D: assignment in condition
esp01.c:        while(((char *)q=strstr((const char *)q,"field1")))
esp01.c:              ^
esp01.c(307): warning:  #513-D: a value of type "char *" cannot be assigned to an entity of type "u8 *"
esp01.c:                        if(q=strchr((const char *)q,':'))
esp01.c:                            ^
esp01.c(307): warning:  #1293-D: assignment in condition
esp01.c:                        if(q=strchr((const char *)q,':'))
esp01.c:                           ^
esp01.c: esp01.c: 4 warnings, 0 errors
compiling lcd.c...
compiling delay.c...
compiling dht11.c...
compiling i2c.c...
compiling i2c_eeprom.c...
compiling keypad.c...
compiling external_interrupts_test.c...
compiling pro_main.c...
compiling rtc.c...
linking...
Program Size: Code=10132 RO-data=376 RW-data=540 ZI-data=1260  
FromELF: creating hex file...
"DHT11.axf" - 0 Error(s), 4 Warning(s).
Build target 'Target 1'
assembling Startup.s...
compiling uart0.c...
compiling esp01.c...
esp01.c(300): warning:  #1441-D: nonstandard cast on lvalue
esp01.c:        while(((char *)q=strstr((const char *)q,"field1")))
esp01.c:               ^
esp01.c(300): warning:  #1293-D: assignment in condition
esp01.c:        while(((char *)q=strstr((const char *)q,"field1")))
esp01.c:              ^
esp01.c(307): warning:  #513-D: a value of type "char *" cannot be assigned to an entity of type "u8 *"
esp01.c:                        if(q=strchr((const char *)q,':'))
esp01.c:                            ^
esp01.c(307): warning:  #1293-D: assignment in condition
esp01.c:                        if(q=strchr((const char *)q,':'))
esp01.c:                           ^
esp01.c: esp01.c: 4 warnings, 0 errors
compiling lcd.c...
compiling delay.c...
compiling dht11.c...
compiling i2c.c...
compiling i2c_eeprom.c...
compiling keypad.c...
compiling external_interrupts_test.c...
compiling pro_main.c...
compiling rtc.c...
linking...
Program Size: Code=10148 RO-data=376 RW-data=540 ZI-data=1260  
FromELF: creating hex file...
"DHT11.axf" - 0 Error(s), 4 Warning(s).
Build target 'Target 1'
assembling Startup.s...
compiling uart0.c...
compiling esp01.c...
compiling lcd.c...
compiling delay.c...
compiling dht11.c...
compiling i2c.c...
compiling i2c_eeprom.c...
compiling keypad.c...
compiling external_interrupts_test.c...
compiling pro_main.c...
compiling rtc.c...
linking...
Program Size: Code=9492 RO-data=304 RW-data=540 ZI-data=1260  
FromELF: creating hex file...
"DHT11.axf" - 0 Error(s), 0 Warning(s).
Build target 'Target 1'
assembling Startup.s...
compiling uart0.c...
compiling esp01.c...
compiling lcd.c...
compiling delay.c...
compiling dht11.c...
compiling i2c.c...
compiling i2c_eeprom.c...
compiling keypad.c...
compiling external_interrupts_test.c...
compiling pro_main.c...
compiling rtc.c...
linking...
Program Size: Code=9492 RO-data=304 RW-data=540 ZI-data=1260  
FromELF: creating hex file...
"DHT11.axf" - 0 Error(s), 0 Warning(s).
Build target 'Target 1'
assembling Startup.s...
compiling uart0.c...
compiling esp01.c...
esp01.c(300): warning:  #1441-D: nonstandard cast on lvalue
esp01.c:        while(((char *)q=strstr((const char *)q,"field1")))
esp01.c:               ^
esp01.c(300): warning:  #1293-D: assignment in condition
esp01.c:        while(((char *)q=strstr((const char *)q,"field1")))
esp01.c:              ^
esp01.c(307): warning:  #513-D: a value of type "char *" cannot be assigned to an entity of type "u8 *"
esp01.c:                        if(q=strchr((const char *)q,':'))
esp01.c:                            ^
esp01.c(307): warning:  #1293-D: assignment in condition
esp01.c:                        if(q=strchr((const char *)q,':'))
esp01.c:                           ^
esp01.c: esp01.c: 4 warnings, 0 errors
compiling lcd.c...
compiling delay.c...
compiling dht11.c...
compiling i2c.c...
compiling i2c_eeprom.c...
compiling keypad.c...
compiling external_interrupts_test.c...
compiling pro_main.c...
compiling rtc.c...
linking...
Program Size: Code=10492 RO-data=376 RW-data=540 ZI-data=1260  
FromELF: creating hex file...
"DHT11.axf" - 0 Error(s), 4 Warning(s).
Build target 'Target 1'
assembling Startup.s...
compiling uart0.c...
compiling esp01.c...
esp01.c(300): warning:  #1441-D: nonstandard cast on lvalue
esp01.c:        while(((char *)q=strstr((const char *)q,"field1")))
esp01.c:               ^
esp01.c(300): warning:  #1293-D: assignment in condition
esp01.c:        while(((char *)q=strstr((const char *)q,"field1")))
esp01.c:              ^
esp01.c(307): warning:  #513-D: a value of type "char *" cannot be assigned to an entity of type "u8 *"
esp01.c:                        if(q=strchr((const char *)q,':'))
esp01.c:                            ^
esp01.c(307): warning:  #1293-D: assignment in condition
esp01.c:                        if(q=strchr((const char *)q,':'))
esp01.c:                           ^
esp01.c: esp01.c: 4 warnings, 0 errors
compiling lcd.c...
compiling delay.c...
compiling dht11.c...
compiling i2c.c...
compiling i2c_eeprom.c...
compiling keypad.c...
compiling external_interrupts_test.c...
compiling pro_main.c...
compiling rtc.c...
linking...
Program Size: Code=10492 RO-data=376 RW-data=540 ZI-data=1260  
FromELF: creating hex file...
"DHT11.axf" - 0 Error(s), 4 Warning(s).
Build target 'Target 1'
assembling Startup.s...
compiling uart0.c...
compiling esp01.c...
compiling lcd.c...
compiling delay.c...
compiling dht11.c...
compiling i2c.c...
compiling i2c_eeprom.c...
compiling keypad.c...
compiling external_interrupts_test.c...
compiling pro_main.c...
compiling rtc.c...
linking...
Program Size: Code=9500 RO-data=304 RW-data=540 ZI-data=1260  
FromELF: creating hex file...
"DHT11.axf" - 0 Error(s), 0 Warning(s).
Build target 'Target 1'
assembling Startup.s...
compiling uart0.c...
compiling esp01.c...
esp01.c(300): warning:  #1441-D: nonstandard cast on lvalue
esp01.c:        while(((char *)q=strstr((const char *)q,"field1")))
esp01.c:               ^
esp01.c(300): warning:  #1293-D: assignment in condition
esp01.c:        while(((char *)q=strstr((const char *)q,"field1")))
esp01.c:              ^
esp01.c(307): warning:  #513-D: a value of type "char *" cannot be assigned to an entity of type "u8 *"
esp01.c:                        if(q=strchr((const char *)q,':'))
esp01.c:                            ^
esp01.c(307): warning:  #1293-D: assignment in condition
esp01.c:                        if(q=strchr((const char *)q,':'))
esp01.c:                           ^
esp01.c: esp01.c: 4 warnings, 0 errors
compiling lcd.c...
compiling delay.c...
compiling dht11.c...
compiling i2c.c...
compiling i2c_eeprom.c...
compiling keypad.c...
compiling external_interrupts_test.c...
compiling pro_main.c...
compiling rtc.c...
linking...
Program Size: Code=10496 RO-data=376 RW-data=340 ZI-data=1260  
FromELF: creating hex file...
"DHT11.axf" - 0 Error(s), 4 Warning(s).
Build target 'Target 1'
assembling Startup.s...
compiling uart0.c...
compiling esp01.c...
esp01.c(300): warning:  #1441-D: nonstandard cast on lvalue
esp01.c:        while(((char *)q=strstr((const char *)q,"field1")))
esp01.c:               ^
esp01.c(300): warning:  #1293-D: assignment in condition
esp01.c:        while(((char *)q=strstr((const char *)q,"field1")))
esp01.c:              ^
esp01.c(307): warning:  #513-D: a value of type "char *" cannot be assigned to an entity of type "u8 *"
esp01.c:                        if(q=strchr((const char *)q,':'))
esp01.c:                            ^
esp01.c(307): warning:  #1293-D: assignment in condition
esp01.c:                        if(q=strchr((const char *)q,':'))
esp01.c:                           ^
esp01.c: esp01.c: 4 warnings, 0 errors
compiling lcd.c...
compiling delay.c...
compiling dht11.c...
compiling i2c.c...
compiling i2c_eeprom.c...
compiling keypad.c...
compiling external_interrupts_test.c...
compiling pro_main.c...
compiling rtc.c...
linking...
Program Size: Code=10500 RO-data=376 RW-data=340 ZI-data=1260  
FromELF: creating hex file...
"DHT11.axf" - 0 Error(s), 4 Warning(s).
Build target 'Target 1'
assembling Startup.s...
compiling uart0.c...
compiling esp01.c...
esp01.c(300): warning:  #1441-D: nonstandard cast on lvalue
esp01.c:        while(((char *)q=strstr((const char *)q,"field1")))
esp01.c:               ^
esp01.c(300): warning:  #1293-D: assignment in condition
esp01.c:        while(((char *)q=strstr((const char *)q,"field1")))
esp01.c:              ^
esp01.c(307): warning:  #513-D: a value of type "char *" cannot be assigned to an entity of type "u8 *"
esp01.c:                        if(q=strchr((const char *)q,':'))
esp01.c:                            ^
esp01.c(307): warning:  #1293-D: assignment in condition
esp01.c:                        if(q=strchr((const char *)q,':'))
esp01.c:                           ^
esp01.c: esp01.c: 4 warnings, 0 errors
compiling lcd.c...
compiling delay.c...
compiling dht11.c...
compiling i2c.c...
compiling i2c_eeprom.c...
compiling keypad.c...
compiling external_interrupts_test.c...
compiling pro_main.c...
compiling rtc.c...
linking...
Program Size: Code=10500 RO-data=376 RW-data=340 ZI-data=1260  
FromELF: creating hex file...
"DHT11.axf" - 0 Error(s), 4 Warning(s).
Build target 'Target 1'
assembling Startup.s...
compiling uart0.c...
compiling esp01.c...
esp01.c(300): warning:  #1441-D: nonstandard cast on lvalue
esp01.c:        while(((char *)q=strstr((const char *)q,"field1")))
esp01.c:               ^
esp01.c(300): warning:  #1293-D: assignment in condition
esp01.c:        while(((char *)q=strstr((const char *)q,"field1")))
esp01.c:              ^
esp01.c(307): warning:  #513-D: a value of type "char *" cannot be assigned to an entity of type "u8 *"
esp01.c:                        if(q=strchr((const char *)q,':'))
esp01.c:                            ^
esp01.c(307): warning:  #1293-D: assignment in condition
esp01.c:                        if(q=strchr((const char *)q,':'))
esp01.c:                           ^
esp01.c: esp01.c: 4 warnings, 0 errors
compiling lcd.c...
compiling delay.c...
compiling dht11.c...
compiling i2c.c...
compiling i2c_eeprom.c...
compiling keypad.c...
compiling external_interrupts_test.c...
compiling pro_main.c...
compiling rtc.c...
linking...
Program Size: Code=9868 RO-data=304 RW-data=340 ZI-data=1260  
FromELF: creating hex file...
"DHT11.axf" - 0 Error(s), 4 Warning(s).
Build target 'Target 1'
assembling Startup.s...
compiling uart0.c...
compiling esp01.c...
esp01.c(205): warning:  #167-D: argument of type "char *" is incompatible with parameter of type "u8 *"
esp01.c:                        extract_sp(buff);
esp01.c:                                   ^
esp01.c(314): warning:  #1441-D: nonstandard cast on lvalue
esp01.c:        while(((char *)q=strstr((const char *)q,"field1")))
esp01.c:               ^
esp01.c(314): warning:  #1293-D: assignment in condition
esp01.c:        while(((char *)q=strstr((const char *)q,"field1")))
esp01.c:              ^
esp01.c(321): warning:  #513-D: a value of type "char *" cannot be assigned to an entity of type "u8 *"
esp01.c:                        if(q=strchr((const char *)q,':'))
esp01.c:                            ^
esp01.c(321): warning:  #1293-D: assignment in condition
esp01.c:                        if(q=strchr((const char *)q,':'))
esp01.c:                           ^
esp01.c: esp01.c: 5 warnings, 0 errors
compiling lcd.c...
compiling delay.c...
compiling dht11.c...
compiling i2c.c...
compiling i2c_eeprom.c...
compiling keypad.c...
compiling external_interrupts_test.c...
compiling pro_main.c...
compiling rtc.c...
linking...
DHT11.axf: Error: L6218E: Undefined symbol espo1_ReadfromThingspeak (referred from pro_main.o).
DHT11.axf: Not enough information to list image symbols.
DHT11.axf: Finished: 1 information, 0 warning and 1 error messages.
Target not created
Build target 'Target 1'
assembling Startup.s...
compiling uart0.c...
compiling esp01.c...
esp01.c(205): warning:  #167-D: argument of type "char *" is incompatible with parameter of type "u8 *"
esp01.c:                        extract_sp(buff);
esp01.c:                                   ^
esp01.c(314): warning:  #1441-D: nonstandard cast on lvalue
esp01.c:        while(((char *)q=strstr((const char *)q,"field1")))
esp01.c:               ^
esp01.c(314): warning:  #1293-D: assignment in condition
esp01.c:        while(((char *)q=strstr((const char *)q,"field1")))
esp01.c:              ^
esp01.c(321): warning:  #513-D: a value of type "char *" cannot be assigned to an entity of type "u8 *"
esp01.c:                        if(q=strchr((const char *)q,':'))
esp01.c:                            ^
esp01.c(321): warning:  #1293-D: assignment in condition
esp01.c:                        if(q=strchr((const char *)q,':'))
esp01.c:                           ^
esp01.c: esp01.c: 5 warnings, 0 errors
compiling lcd.c...
compiling delay.c...
compiling dht11.c...
compiling i2c.c...
compiling i2c_eeprom.c...
compiling keypad.c...
compiling external_interrupts_test.c...
compiling pro_main.c...
compiling rtc.c...
linking...
Program Size: Code=10004 RO-data=380 RW-data=340 ZI-data=1260  
FromELF: creating hex file...
"DHT11.axf" - 0 Error(s), 5 Warning(s).
Build target 'Target 1'
assembling Startup.s...
compiling uart0.c...
compiling esp01.c...
esp01.c(314): warning:  #1441-D: nonstandard cast on lvalue
esp01.c:        while(((char *)q=strstr((const char *)q,"field1")))
esp01.c:               ^
esp01.c(314): warning:  #1293-D: assignment in condition
esp01.c:        while(((char *)q=strstr((const char *)q,"field1")))
esp01.c:              ^
esp01.c(321): warning:  #513-D: a value of type "char *" cannot be assigned to an entity of type "u8 *"
esp01.c:                        if(q=strchr((const char *)q,':'))
esp01.c:                            ^
esp01.c(321): warning:  #1293-D: assignment in condition
esp01.c:                        if(q=strchr((const char *)q,':'))
esp01.c:                           ^
esp01.c: esp01.c: 4 warnings, 0 errors
compiling lcd.c...
compiling delay.c...
compiling dht11.c...
compiling i2c.c...
compiling i2c_eeprom.c...
compiling keypad.c...
compiling external_interrupts_test.c...
compiling pro_main.c...
compiling rtc.c...
linking...
Program Size: Code=10004 RO-data=380 RW-data=340 ZI-data=1260  
FromELF: creating hex file...
"DHT11.axf" - 0 Error(s), 4 Warning(s).
Build target 'Target 1'
compiling esp01.c...
esp01.c(314): warning:  #513-D: a value of type "char *" cannot be assigned to an entity of type "u8 *"
esp01.c:        q=strstr((const char *)q,"field1");
esp01.c:         ^
esp01.c(323): warning:  #513-D: a value of type "char *" cannot be assigned to an entity of type "u8 *"
esp01.c:                        q=strchr((const char *)q,':');
esp01.c:                         ^
esp01.c(343): warning:  #513-D: a value of type "char *" cannot be assigned to an entity of type "u8 *"
esp01.c:                q=strstr((const char *)q,"field1");
esp01.c:                 ^
esp01.c: esp01.c: 3 warnings, 0 errors
compiling pro_main.c...
linking...
Program Size: Code=10524 RO-data=376 RW-data=340 ZI-data=1260  
FromELF: creating hex file...
"DHT11.axf" - 0 Error(s), 3 Warning(s).
Build target 'Target 1'
assembling Startup.s...
compiling uart0.c...
compiling esp01.c...
esp01.c(314): warning:  #1441-D: nonstandard cast on lvalue
esp01.c:        (char *)q=strstr((const char *)q,"field1");
esp01.c:        ^
esp01.c(323): warning:  #1441-D: nonstandard cast on lvalue
esp01.c:                        (char *)q=strchr((const char *)q,':');
esp01.c:                        ^
esp01.c(343): warning:  #1441-D: nonstandard cast on lvalue
esp01.c:                (char *)q=strstr((const char *)q,"field1");
esp01.c:                ^
esp01.c: esp01.c: 3 warnings, 0 errors
compiling lcd.c...
compiling delay.c...
compiling dht11.c...
compiling i2c.c...
compiling i2c_eeprom.c...
compiling keypad.c...
compiling external_interrupts_test.c...
compiling pro_main.c...
compiling rtc.c...
linking...
Program Size: Code=10524 RO-data=376 RW-data=340 ZI-data=1260  
FromELF: creating hex file...
"DHT11.axf" - 0 Error(s), 3 Warning(s).
Build target 'Target 1'
assembling Startup.s...
compiling uart0.c...
compiling esp01.c...
compiling lcd.c...
compiling delay.c...
compiling dht11.c...
compiling i2c.c...
compiling i2c_eeprom.c...
compiling keypad.c...
compiling external_interrupts_test.c...
compiling pro_main.c...
compiling rtc.c...
linking...
Program Size: Code=10524 RO-data=376 RW-data=340 ZI-data=1260  
FromELF: creating hex file...
"DHT11.axf" - 0 Error(s), 0 Warning(s).
Build target 'Target 1'
assembling Startup.s...
compiling uart0.c...
compiling esp01.c...
compiling lcd.c...
compiling delay.c...
compiling dht11.c...
compiling i2c.c...
compiling i2c_eeprom.c...
compiling keypad.c...
compiling external_interrupts_test.c...
compiling pro_main.c...
compiling rtc.c...
linking...
Program Size: Code=10524 RO-data=376 RW-data=340 ZI-data=1260  
FromELF: creating hex file...
"DHT11.axf" - 0 Error(s), 0 Warning(s).
Build target 'Target 1'
assembling Startup.s...
compiling uart0.c...
compiling esp01.c...
compiling lcd.c...
compiling delay.c...
compiling dht11.c...
compiling i2c.c...
compiling i2c_eeprom.c...
compiling keypad.c...
compiling external_interrupts_test.c...
compiling pro_main.c...
compiling rtc.c...
linking...
Program Size: Code=10536 RO-data=376 RW-data=388 ZI-data=1260  
FromELF: creating hex file...
"DHT11.axf" - 0 Error(s), 0 Warning(s).
Build target 'Target 1'
assembling Startup.s...
compiling uart0.c...
compiling esp01.c...
compiling lcd.c...
compiling delay.c...
compiling dht11.c...
compiling i2c.c...
compiling i2c_eeprom.c...
compiling keypad.c...
compiling external_interrupts_test.c...
compiling pro_main.c...
compiling rtc.c...
linking...
Program Size: Code=10536 RO-data=376 RW-data=388 ZI-data=1260  
FromELF: creating hex file...
"DHT11.axf" - 0 Error(s), 0 Warning(s).
Build target 'Target 1'
assembling Startup.s...
compiling uart0.c...
compiling esp01.c...
compiling lcd.c...
compiling delay.c...
compiling dht11.c...
compiling i2c.c...
compiling i2c_eeprom.c...
compiling keypad.c...
compiling external_interrupts_test.c...
compiling pro_main.c...
compiling rtc.c...
linking...
Program Size: Code=10536 RO-data=376 RW-data=388 ZI-data=1260  
FromELF: creating hex file...
"DHT11.axf" - 0 Error(s), 0 Warning(s).
Build target 'Target 1'
assembling Startup.s...
compiling uart0.c...
compiling esp01.c...
esp01.c(312): warning:  #550-D: variable "k" was set but never used
esp01.c:        u8 cnt=0,k[5],l=0;
esp01.c:                 ^
esp01.c: esp01.c: 1 warning, 0 errors
compiling lcd.c...
compiling delay.c...
compiling dht11.c...
compiling i2c.c...
compiling i2c_eeprom.c...
compiling keypad.c...
compiling external_interrupts_test.c...
compiling pro_main.c...
compiling rtc.c...
linking...
Program Size: Code=10416 RO-data=376 RW-data=388 ZI-data=1260  
FromELF: creating hex file...
"DHT11.axf" - 0 Error(s), 1 Warning(s).
Build target 'Target 1'
assembling Startup.s...
compiling uart0.c...
compiling esp01.c...
esp01.c(316): warning:  #1441-D: nonstandard cast on lvalue
esp01.c:        while(((char *)q=strstr((const char *)q,"field1")))
esp01.c:               ^
esp01.c(316): warning:  #1293-D: assignment in condition
esp01.c:        while(((char *)q=strstr((const char *)q,"field1")))
esp01.c:              ^
esp01.c(312): warning:  #550-D: variable "k" was set but never used
esp01.c:        u8 cnt=0,k[5],l=0;
esp01.c:                 ^
esp01.c: esp01.c: 3 warnings, 0 errors
compiling lcd.c...
compiling delay.c...
compiling dht11.c...
compiling i2c.c...
compiling i2c_eeprom.c...
compiling keypad.c...
compiling external_interrupts_test.c...
compiling pro_main.c...
compiling rtc.c...
linking...
Program Size: Code=10424 RO-data=376 RW-data=388 ZI-data=1260  
FromELF: creating hex file...
"DHT11.axf" - 0 Error(s), 3 Warning(s).
Build target 'Target 1'
assembling Startup.s...
compiling uart0.c...
compiling esp01.c...
esp01.c(316): warning:  #1441-D: nonstandard cast on lvalue
esp01.c:        while(((char *)q)=(strstr((const char *)q,"field1")))
esp01.c:              ^
esp01.c(316): warning:  #1293-D: assignment in condition
esp01.c:        while(((char *)q)=(strstr((const char *)q,"field1")))
esp01.c:              ^
esp01.c(312): warning:  #550-D: variable "k" was set but never used
esp01.c:        u8 cnt=0,k[5],l=0;
esp01.c:                 ^
esp01.c: esp01.c: 3 warnings, 0 errors
compiling lcd.c...
compiling delay.c...
compiling dht11.c...
compiling i2c.c...
compiling i2c_eeprom.c...
compiling keypad.c...
compiling external_interrupts_test.c...
compiling pro_main.c...
compiling rtc.c...
linking...
Program Size: Code=10424 RO-data=376 RW-data=388 ZI-data=1260  
FromELF: creating hex file...
"DHT11.axf" - 0 Error(s), 3 Warning(s).
Build target 'Target 1'
assembling Startup.s...
compiling uart0.c...
compiling esp01.c...
esp01.c(316): warning:  #1293-D: assignment in condition
esp01.c:        while(q=(strstr((const char *)q,"field1")))
esp01.c:              ^
esp01.c(312): warning:  #550-D: variable "k" was set but never used
esp01.c:        u8 cnt=0,k[5],l=0;
esp01.c:                 ^
esp01.c: esp01.c: 2 warnings, 0 errors
compiling lcd.c...
compiling delay.c...
compiling dht11.c...
compiling i2c.c...
compiling i2c_eeprom.c...
compiling keypad.c...
compiling external_interrupts_test.c...
compiling pro_main.c...
compiling rtc.c...
linking...
Program Size: Code=10424 RO-data=376 RW-data=388 ZI-data=1260  
FromELF: creating hex file...
"DHT11.axf" - 0 Error(s), 2 Warning(s).
Build target 'Target 1'
assembling Startup.s...
compiling uart0.c...
compiling esp01.c...
esp01.c(316): warning:  #1293-D: assignment in condition
esp01.c:        while(q=(strstr(q,"field1")))
esp01.c:              ^
esp01.c(312): warning:  #550-D: variable "k" was set but never used
esp01.c:        u8 cnt=0,k[5],l=0;
esp01.c:                 ^
esp01.c: esp01.c: 2 warnings, 0 errors
compiling lcd.c...
compiling delay.c...
compiling dht11.c...
compiling i2c.c...
compiling i2c_eeprom.c...
compiling keypad.c...
compiling external_interrupts_test.c...
compiling pro_main.c...
compiling rtc.c...
linking...
Program Size: Code=10424 RO-data=376 RW-data=388 ZI-data=1260  
FromELF: creating hex file...
"DHT11.axf" - 0 Error(s), 2 Warning(s).
Build target 'Target 1'
assembling Startup.s...
compiling uart0.c...
compiling esp01.c...
esp01.c(312): warning:  #550-D: variable "k" was set but never used
esp01.c:        u8 cnt=0,k[5],l=0;
esp01.c:                 ^
esp01.c: esp01.c: 1 warning, 0 errors
compiling lcd.c...
compiling delay.c...
compiling dht11.c...
compiling i2c.c...
compiling i2c_eeprom.c...
compiling keypad.c...
compiling external_interrupts_test.c...
compiling pro_main.c...
compiling rtc.c...
linking...
Program Size: Code=10416 RO-data=376 RW-data=388 ZI-data=1260  
FromELF: creating hex file...
"DHT11.axf" - 0 Error(s), 1 Warning(s).
Build target 'Target 1'
assembling Startup.s...
compiling uart0.c...
compiling esp01.c...
compiling lcd.c...
compiling delay.c...
compiling dht11.c...
compiling i2c.c...
compiling i2c_eeprom.c...
compiling keypad.c...
compiling external_interrupts_test.c...
compiling pro_main.c...
compiling rtc.c...
linking...
DHT11.axf: Error: L6200E: Symbol k multiply defined (by pro_main.o and esp01.o).
DHT11.axf: Not enough information to list image symbols.
DHT11.axf: Not enough information to list the image map.
DHT11.axf: Finished: 2 information, 0 warning and 1 error messages.
Target not created
Build target 'Target 1'
assembling Startup.s...
compiling uart0.c...
compiling esp01.c...
compiling lcd.c...
compiling delay.c...
compiling dht11.c...
compiling i2c.c...
compiling i2c_eeprom.c...
compiling keypad.c...
compiling external_interrupts_test.c...
compiling pro_main.c...
compiling rtc.c...
linking...
Program Size: Code=10452 RO-data=376 RW-data=392 ZI-data=1256  
FromELF: creating hex file...
"DHT11.axf" - 0 Error(s), 0 Warning(s).
Build target 'Target 1'
assembling Startup.s...
compiling uart0.c...
compiling esp01.c...
compiling lcd.c...
compiling delay.c...
compiling dht11.c...
compiling i2c.c...
compiling i2c_eeprom.c...
compiling keypad.c...
compiling external_interrupts_test.c...
compiling pro_main.c...
compiling rtc.c...
linking...
Program Size: Code=10452 RO-data=376 RW-data=392 ZI-data=1256  
FromELF: creating hex file...
"DHT11.axf" - 0 Error(s), 0 Warning(s).
Build target 'Target 1'
assembling Startup.s...
compiling uart0.c...
compiling esp01.c...
compiling lcd.c...
compiling delay.c...
compiling dht11.c...
compiling i2c.c...
compiling i2c_eeprom.c...
compiling keypad.c...
compiling external_interrupts_test.c...
compiling pro_main.c...
compiling rtc.c...
linking...
Program Size: Code=10452 RO-data=376 RW-data=392 ZI-data=1256  
FromELF: creating hex file...
"DHT11.axf" - 0 Error(s), 0 Warning(s).
Build target 'Target 1'
assembling Startup.s...
compiling uart0.c...
compiling esp01.c...
compiling lcd.c...
compiling delay.c...
compiling dht11.c...
compiling i2c.c...
compiling i2c_eeprom.c...
compiling keypad.c...
compiling external_interrupts_test.c...
compiling pro_main.c...
compiling rtc.c...
linking...
Program Size: Code=10452 RO-data=376 RW-data=392 ZI-data=1256  
FromELF: creating hex file...
"he6.axf" - 0 Error(s), 0 Warning(s).
Build target 'Target 1'
assembling Startup.s...
compiling uart0.c...
compiling esp01.c...
compiling lcd.c...
compiling delay.c...
compiling dht11.c...
compiling i2c.c...
compiling i2c_eeprom.c...
compiling keypad.c...
compiling external_interrupts_test.c...
compiling pro_main.c...
compiling rtc.c...
linking...
Program Size: Code=10440 RO-data=376 RW-data=388 ZI-data=1260  
FromELF: creating hex file...
"he6.axf" - 0 Error(s), 0 Warning(s).
Build target 'Target 1'
assembling Startup.s...
compiling uart0.c...
compiling esp01.c...
compiling lcd.c...
compiling delay.c...
compiling dht11.c...
compiling i2c.c...
compiling i2c_eeprom.c...
compiling keypad.c...
compiling external_interrupts_test.c...
compiling pro_main.c...
compiling rtc.c...
linking...
Program Size: Code=10456 RO-data=376 RW-data=388 ZI-data=1260  
FromELF: creating hex file...
"he6.axf" - 0 Error(s), 0 Warning(s).
Build target 'Target 1'
assembling Startup.s...
compiling uart0.c...
compiling esp01.c...
compiling lcd.c...
compiling delay.c...
compiling dht11.c...
compiling i2c.c...
compiling i2c_eeprom.c...
compiling keypad.c...
compiling external_interrupts_test.c...
compiling pro_main.c...
compiling rtc.c...
linking...
Program Size: Code=10456 RO-data=376 RW-data=388 ZI-data=1260  
FromELF: creating hex file...
"he6.axf" - 0 Error(s), 0 Warning(s).
